2026-06-10 21:21:41.128 [info] [main] Log level: Info
2026-06-10 21:21:41.149 [info] [main] Validating found git in: "/usr/bin/git"
2026-06-10 21:21:41.197 [info] [main] Using git "2.50.1 (Apple Git-155)" from "/usr/bin/git"
2026-06-10 21:21:41.197 [info] [Model][doInitialScan] Initial repository scan started
2026-06-10 21:21:41.240 [info] > git rev-parse --show-toplevel [40ms]
2026-06-10 21:21:41.274 [info] > git rev-parse --git-dir --git-common-dir --show-superproject-working-tree [31ms]
2026-06-10 21:21:41.280 [info] [Model][openRepository] Opened repository (path): /Users/francisblack/Downloads/Fedex
2026-06-10 21:21:41.280 [info] [Model][openRepository] Opened repository (real path): /Users/francisblack/Downloads/Fedex
2026-06-10 21:21:41.280 [info] [Model][openRepository] Opened repository (kind): repository
2026-06-10 21:21:41.301 [info] > git config --get --local core.virtualfilesystem [18ms]
2026-06-10 21:21:41.301 [warning] [Git][config] git config failed: Failed to execute git
2026-06-10 21:21:41.306 [info] > git config --get commit.template [22ms]
2026-06-10 21:21:41.307 [info] > git rev-parse --show-toplevel [19ms]
2026-06-10 21:21:41.311 [info] > git for-each-ref --format=%(refname)%00%(upstream:short)%00%(objectname)%00%(upstream:track)%00%(upstream:remotename)%00%(upstream:remoteref) --ignore-case refs/heads/main refs/remotes/main [20ms]
2026-06-10 21:21:41.370 [info] > git status -z -uall [56ms]
2026-06-10 21:21:41.370 [info] > git rev-parse --show-toplevel [63ms]
2026-06-10 21:21:41.663 [info] > git for-each-ref --sort -committerdate --format %(refname)%00%(objectname)%00%(*objectname) [348ms]
2026-06-10 21:21:41.762 [info] > git config --get commit.template [36ms]
2026-06-10 21:21:41.762 [info] > git rev-parse --show-toplevel [99ms]
2026-06-10 21:21:41.776 [info] > git for-each-ref --format=%(refname)%00%(upstream:short)%00%(objectname)%00%(upstream:track)%00%(upstream:remotename)%00%(upstream:remoteref) --ignore-case refs/heads/main refs/remotes/main [84ms]
2026-06-10 21:21:41.817 [info] > git check-ignore -v -z --stdin [42ms]
2026-06-10 21:21:41.833 [info] > git for-each-ref --format=%(refname)%00%(upstream:short)%00%(objectname)%00%(upstream:track)%00%(upstream:remotename)%00%(upstream:remoteref) --ignore-case refs/heads/main refs/remotes/main [56ms]
2026-06-10 21:21:41.833 [info] > git rev-parse --show-toplevel [58ms]
2026-06-10 21:21:41.833 [info] > git config --get --local branch.main.vscode-merge-base [57ms]
2026-06-10 21:21:41.846 [info] > git check-ignore -v -z --stdin [28ms]
2026-06-10 21:21:41.855 [info] > git for-each-ref --format=%(refname)%00%(upstream:short)%00%(objectname)%00%(upstream:track)%00%(upstream:remotename)%00%(upstream:remoteref) --ignore-case refs/heads/origin/main refs/remotes/origin/main [21ms]
2026-06-10 21:21:41.860 [info] > git rev-parse --show-toplevel [19ms]
2026-06-10 21:21:41.875 [info] > git status -z -uall [26ms]
2026-06-10 21:21:41.875 [info] > git merge-base refs/heads/main refs/remotes/origin/main [19ms]
2026-06-10 21:21:41.877 [info] > git for-each-ref --sort -committerdate --format %(refname)%00%(objectname)%00%(*objectname) [27ms]
2026-06-10 21:21:41.881 [info] > git rev-parse --show-toplevel [19ms]
2026-06-10 21:21:41.896 [info] > git diff --raw --numstat --diff-filter=ADMR -z --find-renames=50% 91a8e16527376e2ea8565c092eeab61c64cfdb49...refs/remotes/origin/main -- [20ms]
2026-06-10 21:21:41.897 [info] > git merge-base refs/heads/main refs/remotes/origin/main [18ms]
2026-06-10 21:21:41.900 [info] > git rev-parse --show-toplevel [13ms]
2026-06-10 21:21:41.910 [info] > git diff --raw --numstat --diff-filter=ADMR -z --find-renames=50% 91a8e16527376e2ea8565c092eeab61c64cfdb49...refs/remotes/origin/main -- [13ms]
2026-06-10 21:21:41.914 [info] > git rev-parse --show-toplevel [13ms]
2026-06-10 21:21:41.927 [info] > git rev-parse --show-toplevel [12ms]
2026-06-10 21:21:41.941 [info] > git rev-parse --show-toplevel [13ms]
2026-06-10 21:21:41.957 [info] > git rev-parse --show-toplevel [15ms]
2026-06-10 21:21:41.975 [info] > git rev-parse --show-toplevel [18ms]
2026-06-10 21:21:41.976 [info] [Model][doInitialScan] Initial repository scan completed - repositories (1), closed repositories (0), parent repositories (0), unsafe repositories (0)
2026-06-10 21:21:41.993 [info] > git ls-files --stage -- index.html [16ms]
2026-06-10 21:21:42.016 [info] > git show --textconv :index.html [39ms]
2026-06-10 21:21:42.028 [info] > git cat-file -s 9bc9a979f6d13dbfce23e286964694e0f2e1acee [34ms]
2026-06-10 21:21:42.042 [info] > git config --get commit.template [19ms]
2026-06-10 21:21:42.051 [info] > git for-each-ref --format=%(refname)%00%(upstream:short)%00%(objectname)%00%(upstream:track)%00%(upstream:remotename)%00%(upstream:remoteref) --ignore-case refs/heads/main refs/remotes/main [26ms]
2026-06-10 21:21:42.074 [info] > git status -z -uall [22ms]
2026-06-10 21:21:42.076 [info] > git for-each-ref --sort -committerdate --format %(refname)%00%(objectname)%00%(*objectname) [23ms]
2026-06-10 21:21:42.123 [info] > git check-ignore -v -z --stdin [28ms]
2026-06-10 21:21:42.225 [info] > git check-ignore -v -z --stdin [39ms]
2026-06-10 21:21:42.395 [info] > git check-ignore -v -z --stdin [12ms]
2026-06-10 21:21:44.573 [info] > git check-ignore -v -z --stdin [29ms]
2026-06-10 21:21:46.894 [info] > git blame --root --incremental 91a8e16527376e2ea8565c092eeab61c64cfdb49 -- index.html [4794ms]
2026-06-10 21:21:47.194 [info] > git check-ignore -v -z --stdin [64ms]
2026-06-10 21:22:52.722 [info] > git merge-base HEAD @{upstream} [40ms]
2026-06-10 21:22:52.733 [info] > git config --get --local core.virtualfilesystem [9ms]
2026-06-10 21:22:52.733 [warning] [Git][config] git config failed: Failed to execute git
2026-06-10 21:22:52.743 [info] > git config --get --local core.sparsecheckout [9ms]
2026-06-10 21:22:52.743 [warning] [Git][config] git config failed: Failed to execute git
2026-06-10 21:22:52.790 [info] > git show -s --decorate=full --shortstat --format=%H%n%aN%n%aE%n%at%n%ct%n%P%n%D%n%B -z 91a8e16527376e2ea8565c092eeab61c64cfdb49 -- [46ms]
2026-06-10 21:22:52.805 [info] > git log --format=%H%n%aN%n%aE%n%at%n%ct%n%P%n%D%n%B -z 91a8e16527376e2ea8565c092eeab61c64cfdb49..HEAD [14ms]
2026-06-10 21:22:52.864 [info] > git diff --name-status -z --diff-filter=ADMR 91a8e16527376e2ea8565c092eeab61c64cfdb49 -- [14ms]
2026-06-10 21:22:52.876 [info] > git diff 91a8e16527376e2ea8565c092eeab61c64cfdb49 -- .DS_Store [11ms]
2026-06-10 21:22:52.887 [info] > git diff 91a8e16527376e2ea8565c092eeab61c64cfdb49 -- best_posts_cache.json [11ms]
2026-06-10 21:22:52.900 [info] > git diff 91a8e16527376e2ea8565c092eeab61c64cfdb49 -- data/combined_small.json [12ms]
2026-06-10 21:22:52.911 [info] > git diff 91a8e16527376e2ea8565c092eeab61c64cfdb49 -- data/samples/master_locations_sample.json [11ms]
2026-06-10 21:22:52.928 [info] > git diff 91a8e16527376e2ea8565c092eeab61c64cfdb49 -- data/samples/master_pois_sample.json [16ms]
2026-06-10 21:22:52.960 [info] > git diff 91a8e16527376e2ea8565c092eeab61c64cfdb49 -- index.html [32ms]
2026-06-10 21:22:52.972 [info] > git diff 91a8e16527376e2ea8565c092eeab61c64cfdb49 -- package-lock.json [11ms]
2026-06-10 21:22:52.983 [info] > git diff 91a8e16527376e2ea8565c092eeab61c64cfdb49 -- package.json [10ms]
2026-06-10 21:22:52.994 [info] > git diff 91a8e16527376e2ea8565c092eeab61c64cfdb49 -- pois/manifest.json [11ms]
2026-06-10 21:22:53.091 [info] > git diff 91a8e16527376e2ea8565c092eeab61c64cfdb49 -- pois/places.json.bak.1780688705735 [90ms]
2026-06-10 21:22:53.302 [info] > git diff 91a8e16527376e2ea8565c092eeab61c64cfdb49 -- pois/places.json.bak.1780688706487 [205ms]
2026-06-10 21:22:53.503 [info] > git diff 91a8e16527376e2ea8565c092eeab61c64cfdb49 -- pois/places.json.bak.1780688708518 [196ms]
2026-06-10 21:22:53.516 [info] > git diff 91a8e16527376e2ea8565c092eeab61c64cfdb49 -- top_liked_cache.json [12ms]
