2026-06-10 21:18:35.455 [info] StorageMainService: creating application shared storage
2026-06-10 21:18:35.774 [info] [shared storage] Creating shared storage database at '/Users/francisblack/.vscode-shared/sharedStorage/state.vscdb' (wasCreated: false)
2026-06-10 21:18:35.775 [info] [shared storage] Initializing fallback application storage (path: /Users/francisblack/Library/Application Support/Code/User/globalStorage/state.vscdb)
2026-06-10 21:18:35.793 [info] [shared storage] Fallback application storage initialized with 118 items
2026-06-10 21:18:35.797 [info] update#setState idle
2026-06-10 21:19:05.799 [info] update#setState checking for updates
2026-06-10 21:19:06.102 [info] update#setState idle
2026-06-10 21:21:28.387 [error] [UtilityProcess type: shared-process, pid: 90640]: crashed with code 15 and reason 'killed'
2026-06-10 21:21:28.443 [info] Extension host with pid 90638 exited with code: 15, signal: unknown.
2026-06-10 21:21:28.444 [error] [UtilityProcess id: 1, type: extensionHost, pid: 90638]: crashed with code 15 and reason 'killed'
2026-06-10 21:21:28.447 [error] [UtilityProcessWorker]: terminated unexpectedly with code 15, signal: unknown
2026-06-10 21:21:33.664 [info] Extension host with pid 93206 exited with code: 0, signal: unknown.
2026-06-10 21:21:36.735 [error] CodeWindow: renderer process gone (reason: crashed, code: 5)
2026-06-10 21:23:19.246 [error] CodeWindow: renderer process gone (reason: crashed, code: 5)
2026-06-10 21:23:19.656 [info] Extension host with pid 93320 exited with code: 0, signal: unknown.
2026-06-10 21:26:28.280 [error] CodeWindow: renderer process gone (reason: crashed, code: 5)
2026-06-10 21:26:28.748 [info] Extension host with pid 94060 exited with code: 0, signal: unknown.
2026-06-10 21:29:02.268 [error] CodeWindow: renderer process gone (reason: crashed, code: 5)
2026-06-10 21:29:03.107 [info] Extension host with pid 95547 exited with code: 0, signal: unknown.
2026-06-10 21:29:58.605 [warning] No ptyHost heartbeat after 6 seconds
2026-06-10 21:31:54.129 [error] CodeWindow: renderer process gone (reason: crashed, code: 5)
2026-06-10 21:31:54.702 [info] Extension host with pid 97818 exited with code: 0, signal: unknown.
2026-06-10 21:34:03.318 [error] CodeWindow: renderer process gone (reason: crashed, code: 5)
2026-06-10 21:34:03.685 [info] Extension host with pid 98010 exited with code: 0, signal: unknown.
2026-06-10 21:36:14.114 [error] CodeWindow: renderer process gone (reason: crashed, code: 5)
2026-06-10 21:36:14.558 [info] Extension host with pid 98996 exited with code: 0, signal: unknown.
2026-06-10 22:15:05.079 [error] CodeWindow: renderer process gone (reason: crashed, code: 5)
2026-06-10 22:15:05.810 [info] Extension host with pid 99609 exited with code: 0, signal: unknown.
2026-06-10 22:18:24.662 [error] CodeWindow: renderer process gone (reason: crashed, code: 5)
2026-06-10 22:18:25.078 [info] Extension host with pid 1034 exited with code: 0, signal: unknown.
2026-06-10 22:19:05.816 [info] update#setState checking for updates
2026-06-10 22:19:06.124 [info] update#setState idle
