2026-06-10 21:18:37.112 [info] Revived process, old id 659d2b28a32399773c228c3748170bac-98 -> new id 1
2026-06-10 21:18:37.112 [info] Revived process, old id 659d2b28a32399773c228c3748170bac-102 -> new id 2
2026-06-10 21:18:37.112 [info] Revived process, old id 659d2b28a32399773c228c3748170bac-103 -> new id 3
2026-06-10 21:18:37.112 [info] Revived process, old id 659d2b28a32399773c228c3748170bac-104 -> new id 4
2026-06-10 21:18:37.112 [info] Revived process, old id 659d2b28a32399773c228c3748170bac-105 -> new id 5
2026-06-10 21:18:37.112 [info] Revived process, old id 659d2b28a32399773c228c3748170bac-106 -> new id 6
2026-06-10 21:18:37.112 [info] Revived process, old id 659d2b28a32399773c228c3748170bac-107 -> new id 7
2026-06-10 21:18:37.112 [info] Revived process, old id 659d2b28a32399773c228c3748170bac-108 -> new id 8
2026-06-10 21:18:37.112 [info] Revived process, old id 659d2b28a32399773c228c3748170bac-109 -> new id 9
2026-06-10 21:18:37.204 [info] Expanding terminal instance, old id 659d2b28a32399773c228c3748170bac-98 -> new id 1
2026-06-10 21:18:37.204 [info] Expanding terminal instance, old id 659d2b28a32399773c228c3748170bac-102 -> new id 2
2026-06-10 21:18:37.204 [info] Expanding terminal instance, old id 659d2b28a32399773c228c3748170bac-103 -> new id 3
2026-06-10 21:18:37.204 [info] Expanding terminal instance, old id 659d2b28a32399773c228c3748170bac-104 -> new id 4
2026-06-10 21:18:37.204 [info] Expanding terminal instance, old id 659d2b28a32399773c228c3748170bac-105 -> new id 5
2026-06-10 21:18:37.204 [info] Expanding terminal instance, old id 659d2b28a32399773c228c3748170bac-106 -> new id 6
2026-06-10 21:18:37.204 [info] Expanding terminal instance, old id 659d2b28a32399773c228c3748170bac-107 -> new id 7
2026-06-10 21:18:37.204 [info] Expanding terminal instance, old id 659d2b28a32399773c228c3748170bac-108 -> new id 8
2026-06-10 21:18:37.204 [info] Expanding terminal instance, old id 659d2b28a32399773c228c3748170bac-109 -> new id 9
2026-06-10 21:18:37.204 [info] Expanding terminal instance, old id 659d2b28a32399773c228c3748170bac-110 -> new id undefined
2026-06-10 21:18:37.204 [warning] Couldn't get layout info, a terminal was probably disconnected Could not find pty 110 on pty host
2026-06-10 21:18:37.595 [warning] Persistent process "1": Process had no disconnect runners but was an orphan
2026-06-10 21:18:37.595 [info] Persistent process reconnection "1"
2026-06-10 21:18:37.595 [warning] Persistent process "2": Process had no disconnect runners but was an orphan
2026-06-10 21:18:37.595 [info] Persistent process reconnection "2"
2026-06-10 21:18:37.595 [warning] Persistent process "3": Process had no disconnect runners but was an orphan
2026-06-10 21:18:37.595 [info] Persistent process reconnection "3"
2026-06-10 21:18:37.595 [warning] Persistent process "4": Process had no disconnect runners but was an orphan
2026-06-10 21:18:37.595 [info] Persistent process reconnection "4"
2026-06-10 21:18:37.595 [warning] Persistent process "5": Process had no disconnect runners but was an orphan
2026-06-10 21:18:37.595 [info] Persistent process reconnection "5"
2026-06-10 21:18:37.596 [warning] Persistent process "6": Process had no disconnect runners but was an orphan
2026-06-10 21:18:37.596 [info] Persistent process reconnection "6"
2026-06-10 21:18:37.596 [warning] Persistent process "7": Process had no disconnect runners but was an orphan
2026-06-10 21:18:37.596 [info] Persistent process reconnection "7"
2026-06-10 21:18:37.596 [warning] Persistent process "8": Process had no disconnect runners but was an orphan
2026-06-10 21:18:37.596 [info] Persistent process reconnection "8"
2026-06-10 21:18:37.596 [warning] Persistent process "9": Process had no disconnect runners but was an orphan
2026-06-10 21:18:37.596 [info] Persistent process reconnection "9"
2026-06-10 21:18:37.628 [info] Persistent process "2": Replaying 2359 chars and 1 size events
2026-06-10 21:18:37.632 [info] Persistent process "7": Replaying 7303 chars and 1 size events
2026-06-10 21:18:37.637 [info] Persistent process "3": Replaying 346 chars and 1 size events
2026-06-10 21:18:37.639 [info] Persistent process "8": Replaying 304 chars and 1 size events
2026-06-10 21:18:37.644 [info] Persistent process "1": Replaying 7848 chars and 1 size events
2026-06-10 21:18:37.647 [info] Persistent process "6": Replaying 374 chars and 1 size events
2026-06-10 21:18:37.659 [info] Persistent process "9": Replaying 1211 chars and 1 size events
2026-06-10 21:18:37.661 [info] Persistent process "4": Replaying 8158 chars and 1 size events
2026-06-10 21:18:37.670 [info] Persistent process "5": Replaying 374 chars and 1 size events
2026-06-10 21:21:40.350 [info] Revived process, old id 659d2b28a32399773c228c3748170bac-1 -> new id 11
2026-06-10 21:21:40.351 [info] Revived process, old id 659d2b28a32399773c228c3748170bac-2 -> new id 12
2026-06-10 21:21:40.351 [info] Revived process, old id 659d2b28a32399773c228c3748170bac-3 -> new id 13
2026-06-10 21:21:40.351 [info] Revived process, old id 659d2b28a32399773c228c3748170bac-4 -> new id 14
2026-06-10 21:21:40.351 [info] Revived process, old id 659d2b28a32399773c228c3748170bac-5 -> new id 15
2026-06-10 21:21:40.351 [info] Revived process, old id 659d2b28a32399773c228c3748170bac-6 -> new id 16
2026-06-10 21:21:40.351 [info] Revived process, old id 659d2b28a32399773c228c3748170bac-7 -> new id 17
2026-06-10 21:21:40.351 [info] Revived process, old id 659d2b28a32399773c228c3748170bac-8 -> new id 18
2026-06-10 21:21:40.351 [info] Revived process, old id 659d2b28a32399773c228c3748170bac-9 -> new id 19
2026-06-10 21:21:40.360 [info] Expanding terminal instance, old id 659d2b28a32399773c228c3748170bac-1 -> new id 11
2026-06-10 21:21:40.360 [info] Expanding terminal instance, old id 659d2b28a32399773c228c3748170bac-2 -> new id 12
2026-06-10 21:21:40.360 [info] Expanding terminal instance, old id 659d2b28a32399773c228c3748170bac-3 -> new id 13
2026-06-10 21:21:40.360 [info] Expanding terminal instance, old id 659d2b28a32399773c228c3748170bac-4 -> new id 14
2026-06-10 21:21:40.360 [info] Expanding terminal instance, old id 659d2b28a32399773c228c3748170bac-5 -> new id 15
2026-06-10 21:21:40.360 [info] Expanding terminal instance, old id 659d2b28a32399773c228c3748170bac-6 -> new id 16
2026-06-10 21:21:40.360 [info] Expanding terminal instance, old id 659d2b28a32399773c228c3748170bac-7 -> new id 17
2026-06-10 21:21:40.360 [info] Expanding terminal instance, old id 659d2b28a32399773c228c3748170bac-8 -> new id 18
2026-06-10 21:21:40.360 [info] Expanding terminal instance, old id 659d2b28a32399773c228c3748170bac-9 -> new id 19
2026-06-10 21:21:40.360 [info] Expanding terminal instance, old id 659d2b28a32399773c228c3748170bac-10 -> new id undefined
2026-06-10 21:21:40.360 [warning] Couldn't get layout info, a terminal was probably disconnected Could not find pty 10 on pty host
2026-06-10 21:21:40.732 [warning] Persistent process "11": Process had no disconnect runners but was an orphan
2026-06-10 21:21:40.732 [info] Persistent process reconnection "11"
2026-06-10 21:21:40.732 [warning] Persistent process "12": Process had no disconnect runners but was an orphan
2026-06-10 21:21:40.732 [info] Persistent process reconnection "12"
2026-06-10 21:21:40.732 [warning] Persistent process "13": Process had no disconnect runners but was an orphan
2026-06-10 21:21:40.733 [info] Persistent process reconnection "13"
2026-06-10 21:21:40.733 [warning] Persistent process "14": Process had no disconnect runners but was an orphan
2026-06-10 21:21:40.733 [info] Persistent process reconnection "14"
2026-06-10 21:21:40.733 [warning] Persistent process "15": Process had no disconnect runners but was an orphan
2026-06-10 21:21:40.733 [info] Persistent process reconnection "15"
2026-06-10 21:21:40.733 [warning] Persistent process "16": Process had no disconnect runners but was an orphan
2026-06-10 21:21:40.733 [info] Persistent process reconnection "16"
2026-06-10 21:21:40.733 [warning] Persistent process "17": Process had no disconnect runners but was an orphan
2026-06-10 21:21:40.733 [info] Persistent process reconnection "17"
2026-06-10 21:21:40.733 [warning] Persistent process "18": Process had no disconnect runners but was an orphan
2026-06-10 21:21:40.733 [info] Persistent process reconnection "18"
2026-06-10 21:21:40.733 [warning] Persistent process "19": Process had no disconnect runners but was an orphan
2026-06-10 21:21:40.733 [info] Persistent process reconnection "19"
2026-06-10 21:21:40.750 [info] Persistent process "17": Replaying 7303 chars and 1 size events
2026-06-10 21:21:40.752 [info] Persistent process "19": Replaying 1211 chars and 1 size events
2026-06-10 21:21:40.753 [info] Persistent process "13": Replaying 346 chars and 1 size events
2026-06-10 21:21:40.756 [info] Persistent process "14": Replaying 8158 chars and 1 size events
2026-06-10 21:21:40.758 [info] Persistent process "12": Replaying 2359 chars and 1 size events
2026-06-10 21:21:40.761 [info] Persistent process "11": Replaying 7848 chars and 1 size events
2026-06-10 21:21:40.766 [info] Persistent process "16": Replaying 374 chars and 1 size events
2026-06-10 21:21:40.768 [info] Persistent process "15": Replaying 462 chars and 1 size events
2026-06-10 21:21:40.770 [info] Persistent process "18": Replaying 304 chars and 1 size events
2026-06-10 21:23:23.211 [info] Expanding terminal instance, old id 659d2b28a32399773c228c3748170bac-11 -> new id undefined
2026-06-10 21:23:23.218 [info] Expanding terminal instance, old id 659d2b28a32399773c228c3748170bac-12 -> new id undefined
2026-06-10 21:23:23.219 [info] Expanding terminal instance, old id 659d2b28a32399773c228c3748170bac-13 -> new id undefined
2026-06-10 21:23:23.220 [info] Expanding terminal instance, old id 659d2b28a32399773c228c3748170bac-14 -> new id undefined
2026-06-10 21:23:23.220 [info] Expanding terminal instance, old id 659d2b28a32399773c228c3748170bac-15 -> new id undefined
2026-06-10 21:23:23.221 [info] Expanding terminal instance, old id 659d2b28a32399773c228c3748170bac-16 -> new id undefined
2026-06-10 21:23:23.222 [info] Expanding terminal instance, old id 659d2b28a32399773c228c3748170bac-17 -> new id undefined
2026-06-10 21:23:23.224 [info] Expanding terminal instance, old id 659d2b28a32399773c228c3748170bac-18 -> new id undefined
2026-06-10 21:23:23.226 [info] Expanding terminal instance, old id 659d2b28a32399773c228c3748170bac-19 -> new id undefined
2026-06-10 21:23:30.517 [warning] Persistent process "11": Process had no disconnect runners but was an orphan
2026-06-10 21:23:30.517 [info] Persistent process reconnection "11"
2026-06-10 21:23:30.518 [warning] Persistent process "12": Process had no disconnect runners but was an orphan
2026-06-10 21:23:30.518 [info] Persistent process reconnection "12"
2026-06-10 21:23:30.518 [warning] Persistent process "13": Process had no disconnect runners but was an orphan
2026-06-10 21:23:30.518 [info] Persistent process reconnection "13"
2026-06-10 21:23:30.518 [warning] Persistent process "14": Process had no disconnect runners but was an orphan
2026-06-10 21:23:30.518 [info] Persistent process reconnection "14"
2026-06-10 21:23:30.519 [warning] Persistent process "15": Process had no disconnect runners but was an orphan
2026-06-10 21:23:30.519 [info] Persistent process reconnection "15"
2026-06-10 21:23:30.519 [warning] Persistent process "16": Process had no disconnect runners but was an orphan
2026-06-10 21:23:30.519 [info] Persistent process reconnection "16"
2026-06-10 21:23:30.519 [warning] Persistent process "17": Process had no disconnect runners but was an orphan
2026-06-10 21:23:30.519 [info] Persistent process reconnection "17"
2026-06-10 21:23:30.519 [warning] Persistent process "18": Process had no disconnect runners but was an orphan
2026-06-10 21:23:30.519 [info] Persistent process reconnection "18"
2026-06-10 21:23:30.519 [warning] Persistent process "19": Process had no disconnect runners but was an orphan
2026-06-10 21:23:30.519 [info] Persistent process reconnection "19"
2026-06-10 21:23:30.531 [info] Persistent process "11": Replaying 7900 chars and 1 size events
2026-06-10 21:23:30.571 [info] Persistent process "12": Replaying 2411 chars and 1 size events
2026-06-10 21:23:30.571 [info] Persistent process "13": Replaying 393 chars and 1 size events
2026-06-10 21:23:30.595 [info] Persistent process "14": Replaying 8210 chars and 1 size events
2026-06-10 21:23:30.595 [info] Persistent process "15": Replaying 509 chars and 1 size events
2026-06-10 21:23:30.596 [info] Persistent process "16": Replaying 421 chars and 1 size events
2026-06-10 21:23:30.601 [info] Persistent process "17": Replaying 7355 chars and 1 size events
2026-06-10 21:23:30.601 [info] Persistent process "18": Replaying 351 chars and 1 size events
2026-06-10 21:23:30.602 [info] Persistent process "19": Replaying 1258 chars and 1 size events
2026-06-10 21:26:34.412 [info] Expanding terminal instance, old id 659d2b28a32399773c228c3748170bac-11 -> new id undefined
2026-06-10 21:26:34.414 [info] Expanding terminal instance, old id 659d2b28a32399773c228c3748170bac-12 -> new id undefined
2026-06-10 21:26:34.414 [info] Expanding terminal instance, old id 659d2b28a32399773c228c3748170bac-13 -> new id undefined
2026-06-10 21:26:34.415 [info] Expanding terminal instance, old id 659d2b28a32399773c228c3748170bac-14 -> new id undefined
2026-06-10 21:26:34.415 [info] Expanding terminal instance, old id 659d2b28a32399773c228c3748170bac-15 -> new id undefined
2026-06-10 21:26:34.417 [info] Expanding terminal instance, old id 659d2b28a32399773c228c3748170bac-16 -> new id undefined
2026-06-10 21:26:34.418 [info] Expanding terminal instance, old id 659d2b28a32399773c228c3748170bac-17 -> new id undefined
2026-06-10 21:26:34.420 [info] Expanding terminal instance, old id 659d2b28a32399773c228c3748170bac-18 -> new id undefined
2026-06-10 21:26:34.421 [info] Expanding terminal instance, old id 659d2b28a32399773c228c3748170bac-19 -> new id undefined
2026-06-10 21:26:34.421 [info] Expanding terminal instance, old id 659d2b28a32399773c228c3748170bac-20 -> new id undefined
2026-06-10 21:26:40.236 [warning] Persistent process "11": Process had no disconnect runners but was an orphan
2026-06-10 21:26:40.236 [info] Persistent process reconnection "11"
2026-06-10 21:26:40.236 [warning] Persistent process "12": Process had no disconnect runners but was an orphan
2026-06-10 21:26:40.236 [info] Persistent process reconnection "12"
2026-06-10 21:26:40.236 [warning] Persistent process "13": Process had no disconnect runners but was an orphan
2026-06-10 21:26:40.236 [info] Persistent process reconnection "13"
2026-06-10 21:26:40.236 [warning] Persistent process "14": Process had no disconnect runners but was an orphan
2026-06-10 21:26:40.236 [info] Persistent process reconnection "14"
2026-06-10 21:26:40.236 [warning] Persistent process "15": Process had no disconnect runners but was an orphan
2026-06-10 21:26:40.236 [info] Persistent process reconnection "15"
2026-06-10 21:26:40.236 [warning] Persistent process "16": Process had no disconnect runners but was an orphan
2026-06-10 21:26:40.236 [info] Persistent process reconnection "16"
2026-06-10 21:26:40.237 [warning] Persistent process "17": Process had no disconnect runners but was an orphan
2026-06-10 21:26:40.237 [info] Persistent process reconnection "17"
2026-06-10 21:26:40.237 [warning] Persistent process "18": Process had no disconnect runners but was an orphan
2026-06-10 21:26:40.237 [info] Persistent process reconnection "18"
2026-06-10 21:26:40.237 [warning] Persistent process "19": Process had no disconnect runners but was an orphan
2026-06-10 21:26:40.237 [info] Persistent process reconnection "19"
2026-06-10 21:26:40.237 [warning] Persistent process "20": Process had no disconnect runners but was an orphan
2026-06-10 21:26:40.237 [info] Persistent process reconnection "20"
2026-06-10 21:26:40.239 [info] Persistent process "11": Replaying 7900 chars and 1 size events
2026-06-10 21:26:40.239 [info] Persistent process "12": Replaying 2411 chars and 1 size events
2026-06-10 21:26:40.240 [info] Persistent process "13": Replaying 393 chars and 1 size events
2026-06-10 21:26:40.243 [info] Persistent process "14": Replaying 8210 chars and 1 size events
2026-06-10 21:26:40.243 [info] Persistent process "15": Replaying 509 chars and 1 size events
2026-06-10 21:26:40.243 [info] Persistent process "16": Replaying 421 chars and 1 size events
2026-06-10 21:26:40.245 [info] Persistent process "17": Replaying 7355 chars and 1 size events
2026-06-10 21:26:40.252 [info] Persistent process "18": Replaying 351 chars and 1 size events
2026-06-10 21:26:40.256 [info] Persistent process "19": Replaying 1258 chars and 1 size events
2026-06-10 21:26:40.264 [info] Persistent process "20": Replaying 2743 chars and 1 size events
2026-06-10 21:29:50.553 [info] Expanding terminal instance, old id 659d2b28a32399773c228c3748170bac-11 -> new id undefined
2026-06-10 21:29:50.557 [info] Expanding terminal instance, old id 659d2b28a32399773c228c3748170bac-12 -> new id undefined
2026-06-10 21:29:50.557 [info] Expanding terminal instance, old id 659d2b28a32399773c228c3748170bac-13 -> new id undefined
2026-06-10 21:29:50.558 [info] Expanding terminal instance, old id 659d2b28a32399773c228c3748170bac-14 -> new id undefined
2026-06-10 21:29:50.559 [info] Expanding terminal instance, old id 659d2b28a32399773c228c3748170bac-15 -> new id undefined
2026-06-10 21:29:50.560 [info] Expanding terminal instance, old id 659d2b28a32399773c228c3748170bac-16 -> new id undefined
2026-06-10 21:29:50.560 [info] Expanding terminal instance, old id 659d2b28a32399773c228c3748170bac-17 -> new id undefined
2026-06-10 21:29:50.560 [info] Expanding terminal instance, old id 659d2b28a32399773c228c3748170bac-18 -> new id undefined
2026-06-10 21:29:50.562 [info] Expanding terminal instance, old id 659d2b28a32399773c228c3748170bac-19 -> new id undefined
2026-06-10 21:29:50.563 [info] Expanding terminal instance, old id 659d2b28a32399773c228c3748170bac-20 -> new id undefined
2026-06-10 21:29:50.564 [info] Expanding terminal instance, old id 659d2b28a32399773c228c3748170bac-21 -> new id undefined
2026-06-10 21:29:57.117 [warning] Persistent process "11": Process had no disconnect runners but was an orphan
2026-06-10 21:29:58.597 [info] Persistent process reconnection "11"
2026-06-10 21:29:58.602 [warning] Persistent process "12": Process had no disconnect runners but was an orphan
2026-06-10 21:29:58.602 [info] Persistent process reconnection "12"
2026-06-10 21:29:58.602 [warning] Persistent process "13": Process had no disconnect runners but was an orphan
2026-06-10 21:29:58.602 [info] Persistent process reconnection "13"
2026-06-10 21:29:58.602 [warning] Persistent process "14": Process had no disconnect runners but was an orphan
2026-06-10 21:29:58.602 [info] Persistent process reconnection "14"
2026-06-10 21:29:58.603 [warning] Persistent process "15": Process had no disconnect runners but was an orphan
2026-06-10 21:29:58.604 [info] Persistent process reconnection "15"
2026-06-10 21:29:58.604 [warning] Persistent process "16": Process had no disconnect runners but was an orphan
2026-06-10 21:29:58.604 [info] Persistent process reconnection "16"
2026-06-10 21:29:58.604 [warning] Persistent process "17": Process had no disconnect runners but was an orphan
2026-06-10 21:29:58.604 [info] Persistent process reconnection "17"
2026-06-10 21:29:58.604 [warning] Persistent process "18": Process had no disconnect runners but was an orphan
2026-06-10 21:29:58.604 [info] Persistent process reconnection "18"
2026-06-10 21:29:58.604 [warning] Persistent process "19": Process had no disconnect runners but was an orphan
2026-06-10 21:29:58.604 [info] Persistent process reconnection "19"
2026-06-10 21:29:58.604 [warning] Persistent process "20": Process had no disconnect runners but was an orphan
2026-06-10 21:29:58.604 [info] Persistent process reconnection "20"
2026-06-10 21:29:58.605 [warning] Persistent process "21": Process had no disconnect runners but was an orphan
2026-06-10 21:29:58.605 [info] Persistent process reconnection "21"
2026-06-10 21:29:58.622 [info] Persistent process "11": Replaying 7900 chars and 1 size events
2026-06-10 21:29:58.642 [info] Persistent process "12": Replaying 2411 chars and 1 size events
2026-06-10 21:29:58.647 [info] Persistent process "13": Replaying 393 chars and 1 size events
2026-06-10 21:29:58.653 [info] Persistent process "14": Replaying 8210 chars and 1 size events
2026-06-10 21:29:58.655 [info] Persistent process "15": Replaying 509 chars and 1 size events
2026-06-10 21:29:58.661 [info] Persistent process "16": Replaying 421 chars and 1 size events
2026-06-10 21:29:58.662 [info] Persistent process "17": Replaying 7355 chars and 1 size events
2026-06-10 21:29:58.665 [info] Persistent process "18": Replaying 351 chars and 1 size events
2026-06-10 21:29:58.667 [info] Persistent process "19": Replaying 1258 chars and 1 size events
2026-06-10 21:29:58.674 [info] Persistent process "20": Replaying 2743 chars and 1 size events
2026-06-10 21:29:58.688 [info] Persistent process "21": Replaying 4082 chars and 1 size events
2026-06-10 21:31:57.163 [info] Expanding terminal instance, old id 659d2b28a32399773c228c3748170bac-11 -> new id undefined
2026-06-10 21:31:57.181 [info] Expanding terminal instance, old id 659d2b28a32399773c228c3748170bac-12 -> new id undefined
2026-06-10 21:31:57.182 [info] Expanding terminal instance, old id 659d2b28a32399773c228c3748170bac-13 -> new id undefined
2026-06-10 21:31:57.185 [info] Expanding terminal instance, old id 659d2b28a32399773c228c3748170bac-14 -> new id undefined
2026-06-10 21:31:57.185 [info] Expanding terminal instance, old id 659d2b28a32399773c228c3748170bac-15 -> new id undefined
2026-06-10 21:31:57.187 [info] Expanding terminal instance, old id 659d2b28a32399773c228c3748170bac-16 -> new id undefined
2026-06-10 21:31:57.188 [info] Expanding terminal instance, old id 659d2b28a32399773c228c3748170bac-17 -> new id undefined
2026-06-10 21:31:57.189 [info] Expanding terminal instance, old id 659d2b28a32399773c228c3748170bac-18 -> new id undefined
2026-06-10 21:31:57.190 [info] Expanding terminal instance, old id 659d2b28a32399773c228c3748170bac-19 -> new id undefined
2026-06-10 21:31:57.191 [info] Expanding terminal instance, old id 659d2b28a32399773c228c3748170bac-20 -> new id undefined
2026-06-10 21:31:57.193 [info] Expanding terminal instance, old id 659d2b28a32399773c228c3748170bac-21 -> new id undefined
2026-06-10 21:31:57.581 [warning] Persistent process "11": Process had no disconnect runners but was an orphan
2026-06-10 21:31:57.581 [info] Persistent process reconnection "11"
2026-06-10 21:31:57.581 [warning] Persistent process "12": Process had no disconnect runners but was an orphan
2026-06-10 21:31:57.582 [info] Persistent process reconnection "12"
2026-06-10 21:31:57.582 [warning] Persistent process "13": Process had no disconnect runners but was an orphan
2026-06-10 21:31:57.582 [info] Persistent process reconnection "13"
2026-06-10 21:31:57.582 [warning] Persistent process "14": Process had no disconnect runners but was an orphan
2026-06-10 21:31:57.582 [info] Persistent process reconnection "14"
2026-06-10 21:31:57.582 [warning] Persistent process "15": Process had no disconnect runners but was an orphan
2026-06-10 21:31:57.582 [info] Persistent process reconnection "15"
2026-06-10 21:31:57.582 [warning] Persistent process "16": Process had no disconnect runners but was an orphan
2026-06-10 21:31:57.582 [info] Persistent process reconnection "16"
2026-06-10 21:31:57.582 [warning] Persistent process "17": Process had no disconnect runners but was an orphan
2026-06-10 21:31:57.582 [info] Persistent process reconnection "17"
2026-06-10 21:31:57.582 [warning] Persistent process "18": Process had no disconnect runners but was an orphan
2026-06-10 21:31:57.582 [info] Persistent process reconnection "18"
2026-06-10 21:31:57.582 [warning] Persistent process "19": Process had no disconnect runners but was an orphan
2026-06-10 21:31:57.582 [info] Persistent process reconnection "19"
2026-06-10 21:31:57.582 [warning] Persistent process "20": Process had no disconnect runners but was an orphan
2026-06-10 21:31:57.582 [info] Persistent process reconnection "20"
2026-06-10 21:31:57.582 [warning] Persistent process "21": Process had no disconnect runners but was an orphan
2026-06-10 21:31:57.582 [info] Persistent process reconnection "21"
2026-06-10 21:31:57.588 [info] Persistent process "11": Replaying 7900 chars and 1 size events
2026-06-10 21:31:57.590 [info] Persistent process "12": Replaying 2411 chars and 1 size events
2026-06-10 21:31:57.591 [info] Persistent process "13": Replaying 393 chars and 1 size events
2026-06-10 21:31:57.594 [info] Persistent process "14": Replaying 8210 chars and 1 size events
2026-06-10 21:31:57.595 [info] Persistent process "15": Replaying 509 chars and 1 size events
2026-06-10 21:31:57.596 [info] Persistent process "16": Replaying 421 chars and 1 size events
2026-06-10 21:31:57.596 [info] Persistent process "17": Replaying 7355 chars and 1 size events
2026-06-10 21:31:57.597 [info] Persistent process "18": Replaying 351 chars and 1 size events
2026-06-10 21:31:57.597 [info] Persistent process "19": Replaying 1258 chars and 1 size events
2026-06-10 21:31:57.598 [info] Persistent process "20": Replaying 2743 chars and 1 size events
2026-06-10 21:31:57.599 [info] Persistent process "21": Replaying 4082 chars and 1 size events
2026-06-10 21:34:06.870 [info] Expanding terminal instance, old id 659d2b28a32399773c228c3748170bac-11 -> new id undefined
2026-06-10 21:34:06.877 [info] Expanding terminal instance, old id 659d2b28a32399773c228c3748170bac-12 -> new id undefined
2026-06-10 21:34:06.879 [info] Expanding terminal instance, old id 659d2b28a32399773c228c3748170bac-13 -> new id undefined
2026-06-10 21:34:06.879 [info] Expanding terminal instance, old id 659d2b28a32399773c228c3748170bac-14 -> new id undefined
2026-06-10 21:34:06.880 [info] Expanding terminal instance, old id 659d2b28a32399773c228c3748170bac-15 -> new id undefined
2026-06-10 21:34:06.881 [info] Expanding terminal instance, old id 659d2b28a32399773c228c3748170bac-16 -> new id undefined
2026-06-10 21:34:06.881 [info] Expanding terminal instance, old id 659d2b28a32399773c228c3748170bac-17 -> new id undefined
2026-06-10 21:34:06.883 [info] Expanding terminal instance, old id 659d2b28a32399773c228c3748170bac-18 -> new id undefined
2026-06-10 21:34:06.883 [info] Expanding terminal instance, old id 659d2b28a32399773c228c3748170bac-19 -> new id undefined
2026-06-10 21:34:06.884 [info] Expanding terminal instance, old id 659d2b28a32399773c228c3748170bac-20 -> new id undefined
2026-06-10 21:34:06.885 [info] Expanding terminal instance, old id 659d2b28a32399773c228c3748170bac-21 -> new id undefined
2026-06-10 21:34:07.330 [warning] Persistent process "11": Process had no disconnect runners but was an orphan
2026-06-10 21:34:07.331 [info] Persistent process reconnection "11"
2026-06-10 21:34:07.331 [warning] Persistent process "12": Process had no disconnect runners but was an orphan
2026-06-10 21:34:07.331 [info] Persistent process reconnection "12"
2026-06-10 21:34:07.332 [warning] Persistent process "13": Process had no disconnect runners but was an orphan
2026-06-10 21:34:07.332 [info] Persistent process reconnection "13"
2026-06-10 21:34:07.332 [warning] Persistent process "14": Process had no disconnect runners but was an orphan
2026-06-10 21:34:07.332 [info] Persistent process reconnection "14"
2026-06-10 21:34:07.332 [warning] Persistent process "15": Process had no disconnect runners but was an orphan
2026-06-10 21:34:07.332 [info] Persistent process reconnection "15"
2026-06-10 21:34:07.332 [warning] Persistent process "16": Process had no disconnect runners but was an orphan
2026-06-10 21:34:07.332 [info] Persistent process reconnection "16"
2026-06-10 21:34:07.332 [warning] Persistent process "17": Process had no disconnect runners but was an orphan
2026-06-10 21:34:07.332 [info] Persistent process reconnection "17"
2026-06-10 21:34:07.332 [warning] Persistent process "18": Process had no disconnect runners but was an orphan
2026-06-10 21:34:07.332 [info] Persistent process reconnection "18"
2026-06-10 21:34:07.332 [warning] Persistent process "19": Process had no disconnect runners but was an orphan
2026-06-10 21:34:07.332 [info] Persistent process reconnection "19"
2026-06-10 21:34:07.332 [warning] Persistent process "20": Process had no disconnect runners but was an orphan
2026-06-10 21:34:07.332 [info] Persistent process reconnection "20"
2026-06-10 21:34:07.332 [warning] Persistent process "21": Process had no disconnect runners but was an orphan
2026-06-10 21:34:07.332 [info] Persistent process reconnection "21"
2026-06-10 21:34:07.334 [info] Persistent process "11": Replaying 7900 chars and 1 size events
2026-06-10 21:34:07.335 [info] Persistent process "12": Replaying 2411 chars and 1 size events
2026-06-10 21:34:07.340 [info] Persistent process "13": Replaying 393 chars and 1 size events
2026-06-10 21:34:07.350 [info] Persistent process "14": Replaying 8210 chars and 1 size events
2026-06-10 21:34:07.351 [info] Persistent process "15": Replaying 509 chars and 1 size events
2026-06-10 21:34:07.360 [info] Persistent process "16": Replaying 421 chars and 1 size events
2026-06-10 21:34:07.380 [info] Persistent process "17": Replaying 7355 chars and 1 size events
2026-06-10 21:34:07.390 [info] Persistent process "18": Replaying 351 chars and 1 size events
2026-06-10 21:34:07.403 [info] Persistent process "19": Replaying 1258 chars and 1 size events
2026-06-10 21:34:07.414 [info] Persistent process "20": Replaying 2743 chars and 1 size events
2026-06-10 21:34:07.433 [info] Persistent process "21": Replaying 5738 chars and 1 size events
2026-06-10 21:36:17.572 [info] Expanding terminal instance, old id 659d2b28a32399773c228c3748170bac-11 -> new id undefined
2026-06-10 21:36:17.574 [info] Expanding terminal instance, old id 659d2b28a32399773c228c3748170bac-12 -> new id undefined
2026-06-10 21:36:17.575 [info] Expanding terminal instance, old id 659d2b28a32399773c228c3748170bac-13 -> new id undefined
2026-06-10 21:36:17.576 [info] Expanding terminal instance, old id 659d2b28a32399773c228c3748170bac-14 -> new id undefined
2026-06-10 21:36:17.577 [info] Expanding terminal instance, old id 659d2b28a32399773c228c3748170bac-15 -> new id undefined
2026-06-10 21:36:17.577 [info] Expanding terminal instance, old id 659d2b28a32399773c228c3748170bac-16 -> new id undefined
2026-06-10 21:36:17.577 [info] Expanding terminal instance, old id 659d2b28a32399773c228c3748170bac-17 -> new id undefined
2026-06-10 21:36:17.578 [info] Expanding terminal instance, old id 659d2b28a32399773c228c3748170bac-18 -> new id undefined
2026-06-10 21:36:17.579 [info] Expanding terminal instance, old id 659d2b28a32399773c228c3748170bac-19 -> new id undefined
2026-06-10 21:36:17.581 [info] Expanding terminal instance, old id 659d2b28a32399773c228c3748170bac-20 -> new id undefined
2026-06-10 21:36:17.582 [info] Expanding terminal instance, old id 659d2b28a32399773c228c3748170bac-21 -> new id undefined
2026-06-10 21:36:18.081 [warning] Persistent process "11": Process had no disconnect runners but was an orphan
2026-06-10 21:36:18.084 [info] Persistent process reconnection "11"
2026-06-10 21:36:18.085 [warning] Persistent process "12": Process had no disconnect runners but was an orphan
2026-06-10 21:36:18.086 [info] Persistent process reconnection "12"
2026-06-10 21:36:18.086 [warning] Persistent process "13": Process had no disconnect runners but was an orphan
2026-06-10 21:36:18.086 [info] Persistent process reconnection "13"
2026-06-10 21:36:18.086 [warning] Persistent process "14": Process had no disconnect runners but was an orphan
2026-06-10 21:36:18.086 [info] Persistent process reconnection "14"
2026-06-10 21:36:18.086 [warning] Persistent process "15": Process had no disconnect runners but was an orphan
2026-06-10 21:36:18.086 [info] Persistent process reconnection "15"
2026-06-10 21:36:18.086 [warning] Persistent process "16": Process had no disconnect runners but was an orphan
2026-06-10 21:36:18.086 [info] Persistent process reconnection "16"
2026-06-10 21:36:18.086 [warning] Persistent process "17": Process had no disconnect runners but was an orphan
2026-06-10 21:36:18.086 [info] Persistent process reconnection "17"
2026-06-10 21:36:18.092 [warning] Persistent process "18": Process had no disconnect runners but was an orphan
2026-06-10 21:36:18.092 [info] Persistent process reconnection "18"
2026-06-10 21:36:18.093 [warning] Persistent process "19": Process had no disconnect runners but was an orphan
2026-06-10 21:36:18.093 [info] Persistent process reconnection "19"
2026-06-10 21:36:18.093 [warning] Persistent process "20": Process had no disconnect runners but was an orphan
2026-06-10 21:36:18.093 [info] Persistent process reconnection "20"
2026-06-10 21:36:18.093 [warning] Persistent process "21": Process had no disconnect runners but was an orphan
2026-06-10 21:36:18.093 [info] Persistent process reconnection "21"
2026-06-10 21:36:18.095 [info] Persistent process "11": Replaying 7900 chars and 1 size events
2026-06-10 21:36:18.100 [info] Persistent process "12": Replaying 2411 chars and 1 size events
2026-06-10 21:36:18.101 [info] Persistent process "13": Replaying 393 chars and 1 size events
2026-06-10 21:36:18.103 [info] Persistent process "14": Replaying 8210 chars and 1 size events
2026-06-10 21:36:18.104 [info] Persistent process "15": Replaying 509 chars and 1 size events
2026-06-10 21:36:18.104 [info] Persistent process "16": Replaying 421 chars and 1 size events
2026-06-10 21:36:18.112 [info] Persistent process "17": Replaying 7355 chars and 1 size events
2026-06-10 21:36:18.124 [info] Persistent process "18": Replaying 351 chars and 1 size events
2026-06-10 21:36:18.133 [info] Persistent process "19": Replaying 1258 chars and 1 size events
2026-06-10 21:36:18.149 [info] Persistent process "20": Replaying 2743 chars and 1 size events
2026-06-10 21:36:18.153 [info] Persistent process "21": Replaying 5739 chars and 1 size events
2026-06-10 22:15:40.022 [info] Expanding terminal instance, old id 659d2b28a32399773c228c3748170bac-11 -> new id undefined
2026-06-10 22:15:40.028 [info] Expanding terminal instance, old id 659d2b28a32399773c228c3748170bac-12 -> new id undefined
2026-06-10 22:15:40.028 [info] Expanding terminal instance, old id 659d2b28a32399773c228c3748170bac-13 -> new id undefined
2026-06-10 22:15:40.029 [info] Expanding terminal instance, old id 659d2b28a32399773c228c3748170bac-14 -> new id undefined
2026-06-10 22:15:40.029 [info] Expanding terminal instance, old id 659d2b28a32399773c228c3748170bac-15 -> new id undefined
2026-06-10 22:15:40.029 [info] Expanding terminal instance, old id 659d2b28a32399773c228c3748170bac-16 -> new id undefined
2026-06-10 22:15:40.031 [info] Expanding terminal instance, old id 659d2b28a32399773c228c3748170bac-17 -> new id undefined
2026-06-10 22:15:40.031 [info] Expanding terminal instance, old id 659d2b28a32399773c228c3748170bac-18 -> new id undefined
2026-06-10 22:15:40.032 [info] Expanding terminal instance, old id 659d2b28a32399773c228c3748170bac-19 -> new id undefined
2026-06-10 22:15:40.033 [info] Expanding terminal instance, old id 659d2b28a32399773c228c3748170bac-20 -> new id undefined
2026-06-10 22:15:40.034 [info] Expanding terminal instance, old id 659d2b28a32399773c228c3748170bac-21 -> new id undefined
2026-06-10 22:15:40.034 [info] Expanding terminal instance, old id 659d2b28a32399773c228c3748170bac-22 -> new id undefined
2026-06-10 22:15:46.430 [warning] Persistent process "11": Process had no disconnect runners but was an orphan
2026-06-10 22:15:46.430 [info] Persistent process reconnection "11"
2026-06-10 22:15:46.430 [warning] Persistent process "12": Process had no disconnect runners but was an orphan
2026-06-10 22:15:46.430 [info] Persistent process reconnection "12"
2026-06-10 22:15:46.431 [warning] Persistent process "13": Process had no disconnect runners but was an orphan
2026-06-10 22:15:46.431 [info] Persistent process reconnection "13"
2026-06-10 22:15:46.431 [warning] Persistent process "14": Process had no disconnect runners but was an orphan
2026-06-10 22:15:46.431 [info] Persistent process reconnection "14"
2026-06-10 22:15:46.431 [warning] Persistent process "15": Process had no disconnect runners but was an orphan
2026-06-10 22:15:46.431 [info] Persistent process reconnection "15"
2026-06-10 22:15:46.431 [warning] Persistent process "16": Process had no disconnect runners but was an orphan
2026-06-10 22:15:46.431 [info] Persistent process reconnection "16"
2026-06-10 22:15:46.431 [warning] Persistent process "17": Process had no disconnect runners but was an orphan
2026-06-10 22:15:46.431 [info] Persistent process reconnection "17"
2026-06-10 22:15:46.431 [warning] Persistent process "18": Process had no disconnect runners but was an orphan
2026-06-10 22:15:46.431 [info] Persistent process reconnection "18"
2026-06-10 22:15:46.431 [warning] Persistent process "19": Process had no disconnect runners but was an orphan
2026-06-10 22:15:46.431 [info] Persistent process reconnection "19"
2026-06-10 22:15:46.431 [warning] Persistent process "20": Process had no disconnect runners but was an orphan
2026-06-10 22:15:46.431 [info] Persistent process reconnection "20"
2026-06-10 22:15:46.431 [warning] Persistent process "21": Process had no disconnect runners but was an orphan
2026-06-10 22:15:46.431 [info] Persistent process reconnection "21"
2026-06-10 22:15:46.431 [warning] Persistent process "22": Process had no disconnect runners but was an orphan
2026-06-10 22:15:46.431 [info] Persistent process reconnection "22"
2026-06-10 22:15:46.464 [info] Persistent process "11": Replaying 7900 chars and 1 size events
2026-06-10 22:15:47.154 [info] Persistent process "12": Replaying 2411 chars and 1 size events
2026-06-10 22:15:47.159 [info] Persistent process "13": Replaying 393 chars and 1 size events
2026-06-10 22:15:47.168 [info] Persistent process "14": Replaying 8210 chars and 1 size events
2026-06-10 22:15:47.170 [info] Persistent process "15": Replaying 509 chars and 1 size events
2026-06-10 22:15:47.171 [info] Persistent process "16": Replaying 421 chars and 1 size events
2026-06-10 22:15:47.179 [info] Persistent process "17": Replaying 7355 chars and 1 size events
2026-06-10 22:15:47.180 [info] Persistent process "18": Replaying 351 chars and 1 size events
2026-06-10 22:15:47.181 [info] Persistent process "19": Replaying 1258 chars and 1 size events
2026-06-10 22:15:47.183 [info] Persistent process "20": Replaying 2743 chars and 1 size events
2026-06-10 22:15:47.184 [info] Persistent process "21": Replaying 5739 chars and 1 size events
2026-06-10 22:15:47.185 [info] Persistent process "22": Replaying 766 chars and 1 size events
2026-06-10 22:18:28.173 [info] Expanding terminal instance, old id 659d2b28a32399773c228c3748170bac-11 -> new id undefined
2026-06-10 22:18:28.181 [info] Expanding terminal instance, old id 659d2b28a32399773c228c3748170bac-12 -> new id undefined
2026-06-10 22:18:28.182 [info] Expanding terminal instance, old id 659d2b28a32399773c228c3748170bac-13 -> new id undefined
2026-06-10 22:18:28.183 [info] Expanding terminal instance, old id 659d2b28a32399773c228c3748170bac-14 -> new id undefined
2026-06-10 22:18:28.183 [info] Expanding terminal instance, old id 659d2b28a32399773c228c3748170bac-15 -> new id undefined
2026-06-10 22:18:28.184 [info] Expanding terminal instance, old id 659d2b28a32399773c228c3748170bac-16 -> new id undefined
2026-06-10 22:18:28.185 [info] Expanding terminal instance, old id 659d2b28a32399773c228c3748170bac-17 -> new id undefined
2026-06-10 22:18:28.187 [info] Expanding terminal instance, old id 659d2b28a32399773c228c3748170bac-18 -> new id undefined
2026-06-10 22:18:28.188 [info] Expanding terminal instance, old id 659d2b28a32399773c228c3748170bac-19 -> new id undefined
2026-06-10 22:18:28.189 [info] Expanding terminal instance, old id 659d2b28a32399773c228c3748170bac-20 -> new id undefined
2026-06-10 22:18:28.191 [info] Expanding terminal instance, old id 659d2b28a32399773c228c3748170bac-21 -> new id undefined
2026-06-10 22:18:28.192 [info] Expanding terminal instance, old id 659d2b28a32399773c228c3748170bac-22 -> new id undefined
2026-06-10 22:18:28.194 [info] Expanding terminal instance, old id 659d2b28a32399773c228c3748170bac-23 -> new id undefined
2026-06-10 22:18:32.359 [warning] Persistent process "11": Process had no disconnect runners but was an orphan
2026-06-10 22:18:32.359 [info] Persistent process reconnection "11"
2026-06-10 22:18:32.359 [warning] Persistent process "12": Process had no disconnect runners but was an orphan
2026-06-10 22:18:32.364 [info] Persistent process reconnection "12"
2026-06-10 22:18:32.364 [warning] Persistent process "13": Process had no disconnect runners but was an orphan
2026-06-10 22:18:32.364 [info] Persistent process reconnection "13"
2026-06-10 22:18:32.364 [warning] Persistent process "14": Process had no disconnect runners but was an orphan
2026-06-10 22:18:32.364 [info] Persistent process reconnection "14"
2026-06-10 22:18:32.364 [warning] Persistent process "15": Process had no disconnect runners but was an orphan
2026-06-10 22:18:32.364 [info] Persistent process reconnection "15"
2026-06-10 22:18:32.366 [warning] Persistent process "16": Process had no disconnect runners but was an orphan
2026-06-10 22:18:32.366 [info] Persistent process reconnection "16"
2026-06-10 22:18:32.366 [warning] Persistent process "17": Process had no disconnect runners but was an orphan
2026-06-10 22:18:32.366 [info] Persistent process reconnection "17"
2026-06-10 22:18:32.366 [warning] Persistent process "18": Process had no disconnect runners but was an orphan
2026-06-10 22:18:32.366 [info] Persistent process reconnection "18"
2026-06-10 22:18:32.366 [warning] Persistent process "19": Process had no disconnect runners but was an orphan
2026-06-10 22:18:32.366 [info] Persistent process reconnection "19"
2026-06-10 22:18:32.366 [warning] Persistent process "20": Process had no disconnect runners but was an orphan
2026-06-10 22:18:32.366 [info] Persistent process reconnection "20"
2026-06-10 22:18:32.366 [warning] Persistent process "21": Process had no disconnect runners but was an orphan
2026-06-10 22:18:32.366 [info] Persistent process reconnection "21"
2026-06-10 22:18:32.366 [warning] Persistent process "22": Process had no disconnect runners but was an orphan
2026-06-10 22:18:32.366 [info] Persistent process reconnection "22"
2026-06-10 22:18:32.366 [warning] Persistent process "23": Process had no disconnect runners but was an orphan
2026-06-10 22:18:32.366 [info] Persistent process reconnection "23"
2026-06-10 22:18:32.367 [info] Persistent process "11": Replaying 7900 chars and 1 size events
2026-06-10 22:18:32.371 [info] Persistent process "12": Replaying 2411 chars and 1 size events
2026-06-10 22:18:32.383 [info] Persistent process "13": Replaying 393 chars and 1 size events
2026-06-10 22:18:32.385 [info] Persistent process "14": Replaying 8210 chars and 1 size events
2026-06-10 22:18:32.385 [info] Persistent process "15": Replaying 509 chars and 1 size events
2026-06-10 22:18:32.386 [info] Persistent process "16": Replaying 421 chars and 1 size events
2026-06-10 22:18:32.393 [info] Persistent process "17": Replaying 7355 chars and 1 size events
2026-06-10 22:18:32.395 [info] Persistent process "18": Replaying 351 chars and 1 size events
2026-06-10 22:18:32.398 [info] Persistent process "19": Replaying 1258 chars and 1 size events
2026-06-10 22:18:32.398 [info] Persistent process "20": Replaying 2743 chars and 1 size events
2026-06-10 22:18:32.403 [info] Persistent process "21": Replaying 5739 chars and 1 size events
2026-06-10 22:18:32.403 [info] Persistent process "22": Replaying 766 chars and 1 size events
2026-06-10 22:18:32.403 [info] Persistent process "23": Replaying 371 chars and 1 size events
