2026-06-10 21:18:38.424 [info] [aebc6443-996d-45c2-90f0-388ff96faa56] Native Broker enabled: false
2026-06-10 21:18:38.427 [info] [getSessions] [all] starting
2026-06-10 21:18:38.427 [info] [getSessions] [all] returned 0 session(s)
2026-06-10 21:18:38.427 [info] [getSessions] [all] starting
2026-06-10 21:18:38.427 [info] [getSessions] [all] returned 0 session(s)
2026-06-10 21:18:38.427 [info] [getSessions] [all] starting
2026-06-10 21:18:38.427 [info] [getSessions] [all] returned 0 session(s)
2026-06-10 21:18:38.428 [info] [getSessions] [499b84ac-1321-427f-aa17-267ca6975798/.default offline_access] starting
2026-06-10 21:18:38.428 [info] [aebc6443-996d-45c2-90f0-388ff96faa56] Native Broker enabled: false
2026-06-10 21:18:38.428 [info] [getSessions] [499b84ac-1321-427f-aa17-267ca6975798/.default offline_access] returned 0 session(s)
2026-06-10 21:18:39.359 [info] [getSessions] [all] starting
2026-06-10 21:18:39.359 [info] [getSessions] [all] returned 0 session(s)
2026-06-10 21:18:39.375 [info] [getSessions] [499b84ac-1321-427f-aa17-267ca6975798/.default offline_access] starting
2026-06-10 21:18:39.375 [info] [getSessions] [499b84ac-1321-427f-aa17-267ca6975798/.default offline_access] returned 0 session(s)
2026-06-10 21:21:30.226 [info] [aebc6443-996d-45c2-90f0-388ff96faa56] Native Broker enabled: false
2026-06-10 21:21:30.240 [info] [getSessions] [all] starting
2026-06-10 21:21:30.240 [info] [getSessions] [all] returned 0 session(s)
2026-06-10 21:21:30.240 [info] [getSessions] [all] starting
2026-06-10 21:21:30.240 [info] [getSessions] [all] returned 0 session(s)
2026-06-10 21:21:30.240 [info] [getSessions] [all] starting
2026-06-10 21:21:30.240 [info] [getSessions] [all] returned 0 session(s)
2026-06-10 21:21:30.975 [info] [getSessions] [499b84ac-1321-427f-aa17-267ca6975798/.default offline_access] starting
2026-06-10 21:21:30.975 [info] [aebc6443-996d-45c2-90f0-388ff96faa56] Native Broker enabled: false
2026-06-10 21:21:30.988 [info] [getSessions] [499b84ac-1321-427f-aa17-267ca6975798/.default offline_access] returned 0 session(s)
2026-06-10 21:21:33.660 [info] Microsoft Authentication is deactivating...
