2026-06-10 21:26:35.297 [info] Reading sessions from keychain...
2026-06-10 21:26:35.297 [info] Got stored sessions!
2026-06-10 21:26:35.297 [info] Got 2 verified sessions.
2026-06-10 21:26:35.297 [info] Getting sessions for all scopes...
2026-06-10 21:26:35.297 [info] Got 2 sessions for ...
2026-06-10 21:26:35.297 [info] Getting sessions for all scopes...
2026-06-10 21:26:35.297 [info] Got 2 sessions for ...
2026-06-10 21:26:35.297 [info] Getting sessions for all scopes...
2026-06-10 21:26:35.297 [info] Got 2 sessions for ...
2026-06-10 21:26:35.297 [info] Getting sessions for all scopes...
2026-06-10 21:26:35.297 [info] Got 2 sessions for ...
2026-06-10 21:26:35.297 [info] Getting sessions for all scopes...
2026-06-10 21:26:35.297 [info] Got 2 sessions for ...
2026-06-10 21:26:35.297 [info] Getting sessions for all scopes...
2026-06-10 21:26:35.297 [info] Got 2 sessions for ...
2026-06-10 21:26:35.297 [info] Getting sessions for all scopes...
2026-06-10 21:26:35.297 [info] Got 2 sessions for ...
2026-06-10 21:26:35.298 [info] Getting sessions for read:user,repo,user:email,workflow...
2026-06-10 21:26:35.298 [info] Got 1 sessions for read:user,repo,user:email,workflow...
2026-06-10 21:26:35.339 [info] Getting sessions for all scopes...
2026-06-10 21:26:35.339 [info] Got 2 sessions for ...
2026-06-10 21:26:35.339 [info] Getting sessions for read:user,repo,user:email,workflow...
2026-06-10 21:26:35.339 [info] Got 1 sessions for read:user,repo,user:email,workflow...
2026-06-10 21:26:37.056 [info] Getting sessions for all scopes...
2026-06-10 21:26:37.056 [info] Got 2 sessions for ...
2026-06-10 21:26:37.057 [info] Getting sessions for all scopes...
2026-06-10 21:26:37.057 [info] Got 2 sessions for ...
2026-06-10 21:26:37.207 [info] Getting sessions for read:user,repo,user:email,workflow...
2026-06-10 21:26:37.222 [info] Got 1 sessions for read:user,repo,user:email,workflow...
2026-06-10 21:26:37.318 [info] Getting sessions for all scopes...
2026-06-10 21:26:37.318 [info] Got 2 sessions for ...
2026-06-10 21:26:37.319 [info] Getting sessions for all scopes...
2026-06-10 21:26:37.319 [info] Got 2 sessions for ...
2026-06-10 21:26:37.351 [info] Getting sessions for read:user,repo,user:email,workflow...
2026-06-10 21:26:37.351 [info] Got 1 sessions for read:user,repo,user:email,workflow...
2026-06-10 21:26:37.359 [info] Getting sessions for all scopes...
2026-06-10 21:26:37.359 [info] Got 2 sessions for ...
2026-06-10 21:26:37.405 [info] Getting sessions for all scopes...
2026-06-10 21:26:37.405 [info] Got 2 sessions for ...
2026-06-10 21:26:37.406 [info] Getting sessions for all scopes...
2026-06-10 21:26:37.406 [info] Got 2 sessions for ...
2026-06-10 21:26:37.461 [info] Getting sessions for read:user,repo,user:email,workflow...
2026-06-10 21:26:37.461 [info] Got 1 sessions for read:user,repo,user:email,workflow...
2026-06-10 21:26:37.464 [info] FetcherService: Electron fetch failed with status: 429 
2026-06-10 21:26:37.465 [info] Unable to resolve optional EDU details. Status: 429 
2026-06-10 21:26:37.640 [info] Getting sessions for all scopes...
2026-06-10 21:26:37.640 [info] Got 2 sessions for ...
2026-06-10 21:26:37.640 [info] Getting sessions for read:user,repo,user:email,workflow...
2026-06-10 21:26:37.640 [info] Got 1 sessions for read:user,repo,user:email,workflow...
2026-06-10 21:26:37.724 [info] Getting sessions for all scopes...
2026-06-10 21:26:37.724 [info] Got 2 sessions for ...
2026-06-10 21:26:37.725 [info] Getting sessions for read:user,repo,user:email,workflow...
2026-06-10 21:26:37.725 [info] Got 1 sessions for read:user,repo,user:email,workflow...
2026-06-10 21:26:37.856 [info] Getting sessions for all scopes...
2026-06-10 21:26:37.856 [info] Got 2 sessions for ...
2026-06-10 21:26:37.857 [info] Getting sessions for read:user,repo,user:email,workflow...
2026-06-10 21:26:37.857 [info] Got 1 sessions for read:user,repo,user:email,workflow...
2026-06-10 21:26:40.091 [info] Getting sessions for all scopes...
2026-06-10 21:26:40.091 [info] Got 2 sessions for ...
2026-06-10 21:26:40.224 [info] Getting sessions for read:user,repo,user:email,workflow...
2026-06-10 21:26:40.224 [info] Got 1 sessions for read:user,repo,user:email,workflow...
