2026-06-10 21:34:07.601 [info] Reading sessions from keychain...
2026-06-10 21:34:07.601 [info] Getting sessions for all scopes...
2026-06-10 21:34:09.451 [info] Got stored sessions!
2026-06-10 21:34:09.451 [info] Got 2 verified sessions.
2026-06-10 21:34:09.451 [info] Got 2 sessions for ...
2026-06-10 21:34:09.451 [info] Getting sessions for all scopes...
2026-06-10 21:34:09.451 [info] Got 2 sessions for ...
2026-06-10 21:34:09.451 [info] Getting sessions for all scopes...
2026-06-10 21:34:09.451 [info] Got 2 sessions for ...
2026-06-10 21:34:09.451 [info] Getting sessions for all scopes...
2026-06-10 21:34:09.451 [info] Got 2 sessions for ...
2026-06-10 21:34:09.451 [info] Getting sessions for all scopes...
2026-06-10 21:34:09.451 [info] Got 2 sessions for ...
2026-06-10 21:34:09.451 [info] Getting sessions for all scopes...
2026-06-10 21:34:09.451 [info] Got 2 sessions for ...
2026-06-10 21:34:09.526 [info] Getting sessions for all scopes...
2026-06-10 21:34:09.526 [info] Got 2 sessions for ...
2026-06-10 21:34:11.443 [info] Getting sessions for all scopes...
2026-06-10 21:34:11.444 [info] Got 2 sessions for ...
2026-06-10 21:34:11.559 [info] Getting sessions for read:user,repo,user:email,workflow...
2026-06-10 21:34:11.559 [info] Got 1 sessions for read:user,repo,user:email,workflow...
2026-06-10 21:34:11.580 [info] Getting sessions for all scopes...
2026-06-10 21:34:11.580 [info] Got 2 sessions for ...
2026-06-10 21:34:11.640 [info] Getting sessions for read:user,repo,user:email,workflow...
2026-06-10 21:34:11.640 [info] Got 1 sessions for read:user,repo,user:email,workflow...
2026-06-10 21:34:11.775 [info] Getting sessions for read:user,repo,user:email,workflow...
2026-06-10 21:34:11.775 [info] Got 1 sessions for read:user,repo,user:email,workflow...
2026-06-10 21:34:11.980 [info] FetcherService: Electron fetch failed with status: 429 
2026-06-10 21:34:11.981 [info] Unable to resolve optional EDU details. Status: 429 
2026-06-10 21:34:12.158 [info] Getting sessions for all scopes...
2026-06-10 21:34:12.158 [info] Got 2 sessions for ...
2026-06-10 21:34:12.160 [info] Getting sessions for read:user,repo,user:email,workflow...
2026-06-10 21:34:12.160 [info] Got 1 sessions for read:user,repo,user:email,workflow...
2026-06-10 21:34:12.240 [info] Getting sessions for all scopes...
2026-06-10 21:34:12.240 [info] Got 2 sessions for ...
2026-06-10 21:34:12.240 [info] Getting sessions for all scopes...
2026-06-10 21:34:12.240 [info] Got 2 sessions for ...
2026-06-10 21:34:12.245 [info] Getting sessions for read:user,repo,user:email,workflow...
2026-06-10 21:34:12.246 [info] Got 1 sessions for read:user,repo,user:email,workflow...
2026-06-10 21:34:12.310 [info] Getting sessions for all scopes...
2026-06-10 21:34:12.310 [info] Got 2 sessions for ...
2026-06-10 21:34:12.310 [info] Getting sessions for all scopes...
2026-06-10 21:34:12.310 [info] Got 2 sessions for ...
2026-06-10 21:34:12.315 [info] Getting sessions for read:user,repo,user:email,workflow...
2026-06-10 21:34:12.315 [info] Got 1 sessions for read:user,repo,user:email,workflow...
2026-06-10 21:34:12.374 [info] Getting sessions for all scopes...
2026-06-10 21:34:12.374 [info] Got 2 sessions for ...
2026-06-10 21:34:12.374 [info] Getting sessions for read:user,repo,user:email,workflow...
2026-06-10 21:34:12.374 [info] Got 1 sessions for read:user,repo,user:email,workflow...
2026-06-10 21:34:12.381 [info] Getting sessions for all scopes...
2026-06-10 21:34:12.381 [info] Got 2 sessions for ...
2026-06-10 21:34:12.381 [info] Getting sessions for all scopes...
2026-06-10 21:34:12.381 [info] Got 2 sessions for ...
2026-06-10 21:34:12.576 [info] Getting sessions for all scopes...
2026-06-10 21:34:12.576 [info] Got 2 sessions for ...
2026-06-10 21:34:12.576 [info] Getting sessions for read:user,repo,user:email,workflow...
2026-06-10 21:34:12.576 [info] Got 1 sessions for read:user,repo,user:email,workflow...
2026-06-10 21:34:12.973 [info] Getting sessions for all scopes...
2026-06-10 21:34:12.973 [info] Got 2 sessions for ...
2026-06-10 21:34:12.974 [info] Getting sessions for read:user,repo,user:email,workflow...
2026-06-10 21:34:12.974 [info] Got 1 sessions for read:user,repo,user:email,workflow...
2026-06-10 21:34:13.101 [info] Getting sessions for all scopes...
2026-06-10 21:34:13.101 [info] Got 2 sessions for ...
2026-06-10 21:34:13.101 [info] Getting sessions for read:user,repo,user:email,workflow...
2026-06-10 21:34:13.101 [info] Got 1 sessions for read:user,repo,user:email,workflow...
2026-06-10 21:35:46.915 [info] Getting sessions for all scopes...
2026-06-10 21:35:46.916 [info] Got 2 sessions for ...
2026-06-10 21:35:46.916 [info] Getting sessions for all scopes...
2026-06-10 21:35:46.917 [info] Got 2 sessions for ...
