[server] Optional module @google-cloud/video-intelligence not installed: Cannot find module '@google-cloud/video-intelligence'
Require stack:
- /Users/francisblack/Downloads/Fedex/server.js
[server] Optional module @google-cloud/vision not installed: Cannot find module '@google-cloud/vision'
Require stack:
- /Users/francisblack/Downloads/Fedex/server.js
Server error: Error: listen EADDRINUSE: address already in use :::5002
    at Server.setupListenHandle [as _listen2] (node:net:1940:16)
    at listenInCluster (node:net:1997:12)
    at Server.listen (node:net:2102:7)
    at app.listen (/Users/francisblack/Downloads/Fedex/node_modules/express/lib/application.js:605:24)
    at Object.<anonymous> (/Users/francisblack/Downloads/Fedex/server.js:1631:20)
    at Module._compile (node:internal/modules/cjs/loader:1761:14)
    at Object..js (node:internal/modules/cjs/loader:1893:10)
    at Module.load (node:internal/modules/cjs/loader:1481:32)
    at Module._load (node:internal/modules/cjs/loader:1300:12)
    at TracingChannel.traceSync (node:diagnostics_channel:328:14) {
  code: 'EADDRINUSE',
  errno: -48,
  syscall: 'listen',
  address: '::',
  port: 5002
}
