2026-06-10 21:36:18.632 [info] [main] Log level: Info
2026-06-10 21:36:18.640 [info] [main] Validating found git in: "/usr/bin/git"
2026-06-10 21:36:18.694 [info] [main] Using git "2.50.1 (Apple Git-155)" from "/usr/bin/git"
2026-06-10 21:36:18.694 [info] [Model][doInitialScan] Initial repository scan started
2026-06-10 21:36:18.773 [info] > git rev-parse --show-toplevel [73ms]
2026-06-10 21:36:18.806 [info] > git rev-parse --git-dir --git-common-dir --show-superproject-working-tree [32ms]
2026-06-10 21:36:18.811 [info] [Model][openRepository] Opened repository (path): /Users/francisblack/Downloads/Fedex
2026-06-10 21:36:18.811 [info] [Model][openRepository] Opened repository (real path): /Users/francisblack/Downloads/Fedex
2026-06-10 21:36:18.811 [info] [Model][openRepository] Opened repository (kind): repository
2026-06-10 21:36:19.165 [info] > git config --get commit.template [351ms]
2026-06-10 21:36:19.165 [info] > git config --get --local core.virtualfilesystem [352ms]
2026-06-10 21:36:19.165 [warning] [Git][config] git config failed: Failed to execute git
2026-06-10 21:36:19.219 [info] > git rev-parse --show-toplevel [403ms]
2026-06-10 21:36:19.281 [info] > git for-each-ref --format=%(refname)%00%(upstream:short)%00%(objectname)%00%(upstream:track)%00%(upstream:remotename)%00%(upstream:remoteref) --ignore-case refs/heads/main refs/remotes/main [463ms]
2026-06-10 21:36:19.323 [info] > git check-ignore -v -z --stdin [34ms]
2026-06-10 21:36:19.334 [info] > git rev-parse --show-toplevel [63ms]
2026-06-10 21:36:19.345 [info] > git check-ignore -v -z --stdin [21ms]
2026-06-10 21:36:19.366 [info] > git status -z -uall [33ms]
2026-06-10 21:36:19.367 [info] > git rev-parse --show-toplevel [29ms]
2026-06-10 21:36:19.367 [info] > git for-each-ref --sort -committerdate --format %(refname)%00%(objectname)%00%(*objectname) [33ms]
2026-06-10 21:36:19.399 [info] > git rev-parse --show-toplevel [25ms]
2026-06-10 21:36:19.400 [info] > git for-each-ref --format=%(refname)%00%(upstream:short)%00%(objectname)%00%(upstream:track)%00%(upstream:remotename)%00%(upstream:remoteref) --ignore-case refs/heads/main refs/remotes/main [29ms]
2026-06-10 21:36:19.406 [info] > git for-each-ref --format=%(refname)%00%(upstream:short)%00%(objectname)%00%(upstream:track)%00%(upstream:remotename)%00%(upstream:remoteref) --ignore-case refs/heads/main refs/remotes/main [21ms]
2026-06-10 21:36:19.408 [info] > git config --get commit.template [26ms]
2026-06-10 21:36:19.421 [info] > git rev-parse --show-toplevel [21ms]
2026-06-10 21:36:19.422 [info] > git config --get --local branch.main.vscode-merge-base [20ms]
2026-06-10 21:36:19.434 [info] > git status -z -uall [26ms]
2026-06-10 21:36:19.436 [info] > git for-each-ref --sort -committerdate --format %(refname)%00%(objectname)%00%(*objectname) [27ms]
2026-06-10 21:36:19.445 [info] > git for-each-ref --format=%(refname)%00%(upstream:short)%00%(objectname)%00%(upstream:track)%00%(upstream:remotename)%00%(upstream:remoteref) --ignore-case refs/heads/origin/main refs/remotes/origin/main [22ms]
2026-06-10 21:36:19.453 [info] > git rev-parse --show-toplevel [32ms]
2026-06-10 21:36:19.474 [info] > git merge-base refs/heads/main refs/remotes/origin/main [25ms]
2026-06-10 21:36:19.475 [info] > git merge-base refs/heads/main refs/remotes/origin/main [27ms]
2026-06-10 21:36:19.508 [info] > git rev-parse --show-toplevel [54ms]
2026-06-10 21:36:19.512 [info] > git diff --raw --numstat --diff-filter=ADMR -z --find-renames=50% d7c5c23314b35e523ccf1bdca17048eb97f155e6...refs/remotes/origin/main -- [36ms]
2026-06-10 21:36:19.512 [info] > git diff --raw --numstat --diff-filter=ADMR -z --find-renames=50% d7c5c23314b35e523ccf1bdca17048eb97f155e6...refs/remotes/origin/main -- [37ms]
2026-06-10 21:36:19.536 [info] > git rev-parse --show-toplevel [26ms]
2026-06-10 21:36:19.557 [info] > git rev-parse --show-toplevel [17ms]
2026-06-10 21:36:19.580 [info] > git rev-parse --show-toplevel [22ms]
2026-06-10 21:36:19.607 [info] > git rev-parse --show-toplevel [24ms]
2026-06-10 21:36:19.607 [info] [Model][doInitialScan] Initial repository scan completed - repositories (1), closed repositories (0), parent repositories (0), unsafe repositories (0)
2026-06-10 21:36:19.634 [info] > git ls-files --stage -- index.html [25ms]
2026-06-10 21:36:19.640 [info] > git config --get commit.template [28ms]
2026-06-10 21:36:19.641 [info] > git for-each-ref --format=%(refname)%00%(upstream:short)%00%(objectname)%00%(upstream:track)%00%(upstream:remotename)%00%(upstream:remoteref) --ignore-case refs/heads/main refs/remotes/main [21ms]
2026-06-10 21:36:19.659 [info] > git cat-file -s be373278a113b9bc6403ee0e7b8dab9f66c52f24 [25ms]
2026-06-10 21:36:19.667 [info] > git show --textconv :index.html [58ms]
2026-06-10 21:36:19.672 [info] > git for-each-ref --sort -committerdate --format %(refname)%00%(objectname)%00%(*objectname) [28ms]
2026-06-10 21:36:19.674 [info] > git status -z -uall [31ms]
2026-06-10 21:36:19.746 [info] > git check-ignore -v -z --stdin [16ms]
2026-06-10 21:36:19.782 [info] > git check-ignore -v -z --stdin [18ms]
2026-06-10 21:36:20.000 [info] > git check-ignore -v -z --stdin [21ms]
2026-06-10 21:36:22.932 [info] > git blame --root --incremental d7c5c23314b35e523ccf1bdca17048eb97f155e6 -- index.html [3197ms]
2026-06-10 21:36:38.049 [info] > git check-ignore -v -z --stdin [117ms]
2026-06-10 21:36:38.425 [info] > git check-ignore -v -z --stdin [25ms]
2026-06-10 21:36:42.280 [info] > git check-ignore -v -z --stdin [172ms]
2026-06-10 21:37:46.097 [info] > git merge-base HEAD @{upstream} [80ms]
2026-06-10 21:37:46.114 [info] > git config --get --local core.virtualfilesystem [16ms]
2026-06-10 21:37:46.114 [warning] [Git][config] git config failed: Failed to execute git
2026-06-10 21:37:46.149 [info] > git config --get --local core.sparsecheckout [34ms]
2026-06-10 21:37:46.149 [warning] [Git][config] git config failed: Failed to execute git
2026-06-10 21:37:46.194 [info] > git show -s --decorate=full --shortstat --format=%H%n%aN%n%aE%n%at%n%ct%n%P%n%D%n%B -z d7c5c23314b35e523ccf1bdca17048eb97f155e6 -- [43ms]
2026-06-10 21:37:46.210 [info] > git log --format=%H%n%aN%n%aE%n%at%n%ct%n%P%n%D%n%B -z d7c5c23314b35e523ccf1bdca17048eb97f155e6..HEAD [13ms]
2026-06-10 21:37:46.265 [info] > git diff --name-status -z --diff-filter=ADMR d7c5c23314b35e523ccf1bdca17048eb97f155e6 -- [15ms]
2026-06-10 21:37:46.277 [info] > git diff d7c5c23314b35e523ccf1bdca17048eb97f155e6 -- .DS_Store [11ms]
2026-06-10 21:37:46.287 [info] > git diff d7c5c23314b35e523ccf1bdca17048eb97f155e6 -- best_posts_cache.json [10ms]
2026-06-10 21:37:46.301 [info] > git diff d7c5c23314b35e523ccf1bdca17048eb97f155e6 -- data/combined_small.json [12ms]
2026-06-10 21:37:46.311 [info] > git diff d7c5c23314b35e523ccf1bdca17048eb97f155e6 -- functions/README_POI_INGEST.md [10ms]
2026-06-10 21:37:46.322 [info] > git diff d7c5c23314b35e523ccf1bdca17048eb97f155e6 -- functions/README_SERVER_PROVISION.md [10ms]
2026-06-10 21:37:46.334 [info] > git diff d7c5c23314b35e523ccf1bdca17048eb97f155e6 -- functions/index.js [11ms]
2026-06-10 21:37:46.348 [info] > git diff d7c5c23314b35e523ccf1bdca17048eb97f155e6 -- functions/ingest_pois.sh [13ms]
2026-06-10 21:37:46.367 [info] > git diff d7c5c23314b35e523ccf1bdca17048eb97f155e6 -- functions/package-lock.json [18ms]
2026-06-10 21:37:46.383 [info] > git diff d7c5c23314b35e523ccf1bdca17048eb97f155e6 -- functions/package.json [16ms]
2026-06-10 21:37:46.397 [info] > git diff d7c5c23314b35e523ccf1bdca17048eb97f155e6 -- functions/pois.js [14ms]
2026-06-10 21:37:46.408 [info] > git diff d7c5c23314b35e523ccf1bdca17048eb97f155e6 -- functions/provision_poi_server.sh [11ms]
2026-06-10 21:37:46.420 [info] > git diff d7c5c23314b35e523ccf1bdca17048eb97f155e6 -- functions/sql/create_pois_table.sql [11ms]
2026-06-10 21:37:46.431 [info] > git diff d7c5c23314b35e523ccf1bdca17048eb97f155e6 -- package-lock.json [10ms]
2026-06-10 21:37:46.442 [info] > git diff d7c5c23314b35e523ccf1bdca17048eb97f155e6 -- package.json [10ms]
2026-06-10 21:37:46.453 [info] > git diff d7c5c23314b35e523ccf1bdca17048eb97f155e6 -- pois/manifest.json [11ms]
2026-06-10 21:37:46.550 [info] > git diff d7c5c23314b35e523ccf1bdca17048eb97f155e6 -- pois/places.json.bak.1780688705735 [91ms]
2026-06-10 21:37:46.772 [info] > git diff d7c5c23314b35e523ccf1bdca17048eb97f155e6 -- pois/places.json.bak.1780688706487 [216ms]
2026-06-10 21:37:46.980 [info] > git diff d7c5c23314b35e523ccf1bdca17048eb97f155e6 -- pois/places.json.bak.1780688708518 [201ms]
2026-06-10 21:37:46.994 [info] > git diff d7c5c23314b35e523ccf1bdca17048eb97f155e6 -- recordings/demo_hq_149bdfa.webm [14ms]
2026-06-10 21:37:47.009 [info] > git diff d7c5c23314b35e523ccf1bdca17048eb97f155e6 -- recordings/trigger.txt [15ms]
2026-06-10 21:37:47.021 [info] > git diff d7c5c23314b35e523ccf1bdca17048eb97f155e6 -- top_liked_cache.json [12ms]
2026-06-10 21:37:47.032 [info] > git diff d7c5c23314b35e523ccf1bdca17048eb97f155e6 -- wifi_database.json [11ms]
2026-06-10 22:14:30.228 [info] > git config --get commit.template [223ms]
2026-06-10 22:14:30.313 [info] > git for-each-ref --format=%(refname)%00%(upstream:short)%00%(objectname)%00%(upstream:track)%00%(upstream:remotename)%00%(upstream:remoteref) --ignore-case refs/heads/main refs/remotes/main [303ms]
2026-06-10 22:14:30.433 [info] > git for-each-ref --sort -committerdate --format %(refname)%00%(objectname)%00%(*objectname) [113ms]
2026-06-10 22:14:30.449 [info] > git status -z -uall [131ms]
2026-06-10 22:14:32.207 [info] > git check-ignore -v -z --stdin [47ms]
2026-06-10 22:14:35.556 [info] > git config --get commit.template [78ms]
2026-06-10 22:14:35.569 [info] > git for-each-ref --format=%(refname)%00%(upstream:short)%00%(objectname)%00%(upstream:track)%00%(upstream:remotename)%00%(upstream:remoteref) --ignore-case refs/heads/main refs/remotes/main [89ms]
2026-06-10 22:14:35.698 [info] > git for-each-ref --sort -committerdate --format %(refname)%00%(objectname)%00%(*objectname) [128ms]
2026-06-10 22:14:35.702 [info] > git status -z -uall [132ms]
2026-06-10 22:14:36.166 [info] > git check-ignore -v -z --stdin [155ms]
2026-06-10 22:14:38.740 [info] > git ls-files --stage -- index.html [20ms]
2026-06-10 22:14:38.843 [info] > git cat-file -s f5736b67b7e5718cafea8837c589f302bb2451e4 [102ms]
2026-06-10 22:14:38.893 [info] > git show --textconv :index.html [44ms]
2026-06-10 22:14:39.160 [info] > git check-ignore -v -z --stdin [18ms]
2026-06-10 22:14:40.778 [info] > git config --get commit.template [64ms]
2026-06-10 22:14:40.783 [info] > git for-each-ref --format=%(refname)%00%(upstream:short)%00%(objectname)%00%(upstream:track)%00%(upstream:remotename)%00%(upstream:remoteref) --ignore-case refs/heads/main refs/remotes/main [66ms]
2026-06-10 22:14:40.822 [info] > git for-each-ref --sort -committerdate --format %(refname)%00%(objectname)%00%(*objectname) [37ms]
2026-06-10 22:14:40.825 [info] > git status -z -uall [41ms]
2026-06-10 22:14:40.842 [info] > git merge-base refs/heads/main refs/remotes/origin/main [13ms]
2026-06-10 22:14:40.855 [info] > git diff --raw --numstat --diff-filter=ADMR -z --find-renames=50% c1f0de88daf639a7866d4f6bc06ef593080dd5ca...refs/remotes/origin/main -- [12ms]
2026-06-10 22:14:41.187 [info] > git check-ignore -v -z --stdin [57ms]
2026-06-10 22:14:44.468 [info] > git blame --root --incremental c1f0de88daf639a7866d4f6bc06ef593080dd5ca -- index.html [3639ms]
2026-06-10 22:14:46.810 [info] > git merge-base HEAD @{upstream} [75ms]
2026-06-10 22:14:46.820 [info] > git config --get --local core.virtualfilesystem [9ms]
2026-06-10 22:14:46.820 [warning] [Git][config] git config failed: Failed to execute git
2026-06-10 22:14:46.830 [info] > git config --get --local core.sparsecheckout [9ms]
2026-06-10 22:14:46.830 [warning] [Git][config] git config failed: Failed to execute git
2026-06-10 22:14:46.857 [info] > git show -s --decorate=full --shortstat --format=%H%n%aN%n%aE%n%at%n%ct%n%P%n%D%n%B -z c1f0de88daf639a7866d4f6bc06ef593080dd5ca -- [27ms]
2026-06-10 22:14:46.870 [info] > git log --format=%H%n%aN%n%aE%n%at%n%ct%n%P%n%D%n%B -z c1f0de88daf639a7866d4f6bc06ef593080dd5ca..HEAD [13ms]
2026-06-10 22:14:46.887 [info] > git diff --name-status -z --diff-filter=ADMR c1f0de88daf639a7866d4f6bc06ef593080dd5ca -- [16ms]
2026-06-10 22:14:46.898 [info] > git diff c1f0de88daf639a7866d4f6bc06ef593080dd5ca -- .DS_Store [11ms]
2026-06-10 22:14:46.908 [info] > git diff c1f0de88daf639a7866d4f6bc06ef593080dd5ca -- best_posts_cache.json [10ms]
2026-06-10 22:14:46.922 [info] > git diff c1f0de88daf639a7866d4f6bc06ef593080dd5ca -- data/combined_small.json [13ms]
2026-06-10 22:14:46.933 [info] > git diff c1f0de88daf639a7866d4f6bc06ef593080dd5ca -- functions/README_POI_INGEST.md [10ms]
2026-06-10 22:14:46.952 [info] > git diff c1f0de88daf639a7866d4f6bc06ef593080dd5ca -- functions/README_SERVER_PROVISION.md [18ms]
2026-06-10 22:14:46.964 [info] > git diff c1f0de88daf639a7866d4f6bc06ef593080dd5ca -- functions/index.js [12ms]
2026-06-10 22:14:46.974 [info] > git diff c1f0de88daf639a7866d4f6bc06ef593080dd5ca -- functions/ingest_pois.sh [10ms]
2026-06-10 22:14:46.989 [info] > git diff c1f0de88daf639a7866d4f6bc06ef593080dd5ca -- functions/package-lock.json [14ms]
2026-06-10 22:14:47.002 [info] > git diff c1f0de88daf639a7866d4f6bc06ef593080dd5ca -- functions/package.json [13ms]
2026-06-10 22:14:47.012 [info] > git diff c1f0de88daf639a7866d4f6bc06ef593080dd5ca -- functions/pois.js [9ms]
2026-06-10 22:14:47.022 [info] > git diff c1f0de88daf639a7866d4f6bc06ef593080dd5ca -- functions/provision_poi_server.sh [10ms]
2026-06-10 22:14:47.032 [info] > git diff c1f0de88daf639a7866d4f6bc06ef593080dd5ca -- functions/sql/create_pois_table.sql [10ms]
2026-06-10 22:14:47.044 [info] > git diff c1f0de88daf639a7866d4f6bc06ef593080dd5ca -- package-lock.json [11ms]
2026-06-10 22:14:47.055 [info] > git diff c1f0de88daf639a7866d4f6bc06ef593080dd5ca -- package.json [11ms]
2026-06-10 22:14:47.067 [info] > git diff c1f0de88daf639a7866d4f6bc06ef593080dd5ca -- pois/manifest.json [11ms]
2026-06-10 22:14:47.158 [info] > git diff c1f0de88daf639a7866d4f6bc06ef593080dd5ca -- pois/places.json.bak.1780688705735 [85ms]
2026-06-10 22:14:47.390 [info] > git diff c1f0de88daf639a7866d4f6bc06ef593080dd5ca -- pois/places.json.bak.1780688706487 [226ms]
2026-06-10 22:14:47.585 [info] > git diff c1f0de88daf639a7866d4f6bc06ef593080dd5ca -- pois/places.json.bak.1780688708518 [189ms]
2026-06-10 22:14:47.603 [info] > git diff c1f0de88daf639a7866d4f6bc06ef593080dd5ca -- recordings/demo_hq_149bdfa.webm [17ms]
2026-06-10 22:14:47.619 [info] > git diff c1f0de88daf639a7866d4f6bc06ef593080dd5ca -- recordings/trigger.txt [15ms]
2026-06-10 22:14:47.635 [info] > git diff c1f0de88daf639a7866d4f6bc06ef593080dd5ca -- top_liked_cache.json [15ms]
2026-06-10 22:14:47.651 [info] > git diff c1f0de88daf639a7866d4f6bc06ef593080dd5ca -- wifi_database.json [15ms]
