2026-06-10 21:36:18.623 [info] Reading sessions from keychain...
2026-06-10 21:36:18.623 [info] Got stored sessions!
2026-06-10 21:36:18.623 [info] Got 2 verified sessions.
2026-06-10 21:36:18.623 [info] Getting sessions for all scopes...
2026-06-10 21:36:18.623 [info] Got 2 sessions for ...
2026-06-10 21:36:18.623 [info] Getting sessions for all scopes...
2026-06-10 21:36:18.623 [info] Got 2 sessions for ...
2026-06-10 21:36:18.623 [info] Getting sessions for all scopes...
2026-06-10 21:36:18.623 [info] Got 2 sessions for ...
2026-06-10 21:36:18.623 [info] Getting sessions for all scopes...
2026-06-10 21:36:18.623 [info] Got 2 sessions for ...
2026-06-10 21:36:18.623 [info] Getting sessions for all scopes...
2026-06-10 21:36:18.623 [info] Got 2 sessions for ...
2026-06-10 21:36:18.623 [info] Getting sessions for all scopes...
2026-06-10 21:36:18.623 [info] Got 2 sessions for ...
2026-06-10 21:36:18.623 [info] Getting sessions for all scopes...
2026-06-10 21:36:18.623 [info] Got 2 sessions for ...
2026-06-10 21:36:18.623 [info] Getting sessions for read:user,repo,user:email,workflow...
2026-06-10 21:36:18.623 [info] Got 1 sessions for read:user,repo,user:email,workflow...
2026-06-10 21:36:18.643 [info] Getting sessions for all scopes...
2026-06-10 21:36:18.643 [info] Got 2 sessions for ...
2026-06-10 21:36:18.643 [info] Getting sessions for read:user,repo,user:email,workflow...
2026-06-10 21:36:18.643 [info] Got 1 sessions for read:user,repo,user:email,workflow...
2026-06-10 21:36:19.260 [info] Getting sessions for all scopes...
2026-06-10 21:36:19.260 [info] Got 2 sessions for ...
2026-06-10 21:36:19.260 [info] Getting sessions for all scopes...
2026-06-10 21:36:19.260 [info] Got 2 sessions for ...
2026-06-10 21:36:19.290 [info] Getting sessions for read:user,repo,user:email,workflow...
2026-06-10 21:36:19.290 [info] Got 1 sessions for read:user,repo,user:email,workflow...
2026-06-10 21:36:19.336 [info] Getting sessions for all scopes...
2026-06-10 21:36:19.336 [info] Got 2 sessions for ...
2026-06-10 21:36:19.336 [info] Getting sessions for all scopes...
2026-06-10 21:36:19.336 [info] Got 2 sessions for ...
2026-06-10 21:36:19.347 [info] Getting sessions for read:user,repo,user:email,workflow...
2026-06-10 21:36:19.347 [info] Got 1 sessions for read:user,repo,user:email,workflow...
2026-06-10 21:36:19.384 [info] Getting sessions for read:user,repo,user:email,workflow...
2026-06-10 21:36:19.384 [info] Got 1 sessions for read:user,repo,user:email,workflow...
2026-06-10 21:36:19.425 [info] Getting sessions for all scopes...
2026-06-10 21:36:19.425 [info] Got 2 sessions for ...
2026-06-10 21:36:19.425 [info] Getting sessions for all scopes...
2026-06-10 21:36:19.425 [info] Got 2 sessions for ...
2026-06-10 21:36:19.613 [info] Getting sessions for all scopes...
2026-06-10 21:36:19.613 [info] Got 2 sessions for ...
2026-06-10 21:36:19.614 [info] Getting sessions for read:user,repo,user:email,workflow...
2026-06-10 21:36:19.614 [info] Got 1 sessions for read:user,repo,user:email,workflow...
2026-06-10 21:36:19.708 [info] Getting sessions for all scopes...
2026-06-10 21:36:19.708 [info] Got 2 sessions for ...
2026-06-10 21:36:19.714 [info] Getting sessions for read:user,repo,user:email,workflow...
2026-06-10 21:36:19.714 [info] Got 1 sessions for read:user,repo,user:email,workflow...
2026-06-10 21:36:19.734 [info] FetcherService: Electron fetch failed with status: 429 
2026-06-10 21:36:19.735 [info] Unable to resolve optional EDU details. Status: 429 
2026-06-10 21:36:19.941 [info] Getting sessions for all scopes...
2026-06-10 21:36:19.941 [info] Got 2 sessions for ...
2026-06-10 21:36:20.413 [info] Getting sessions for all scopes...
2026-06-10 21:36:20.413 [info] Got 2 sessions for ...
2026-06-10 21:36:20.413 [info] Getting sessions for read:user,repo,user:email,workflow...
2026-06-10 21:36:20.413 [info] Got 1 sessions for read:user,repo,user:email,workflow...
2026-06-10 21:36:20.481 [info] Getting sessions for all scopes...
2026-06-10 21:36:20.481 [info] Got 2 sessions for ...
2026-06-10 21:36:20.481 [info] Getting sessions for read:user,repo,user:email,workflow...
2026-06-10 21:36:20.481 [info] Got 1 sessions for read:user,repo,user:email,workflow...
2026-06-10 21:36:35.663 [info] Getting sessions for all scopes...
2026-06-10 21:36:35.663 [info] Got 2 sessions for ...
2026-06-10 21:36:35.664 [info] Getting sessions for all scopes...
2026-06-10 21:36:35.664 [info] Got 2 sessions for ...
2026-06-10 21:37:18.176 [info] Getting sessions for all scopes...
2026-06-10 21:37:18.183 [info] Got 2 sessions for ...
2026-06-10 21:37:18.385 [info] Getting sessions for all scopes...
2026-06-10 21:37:18.392 [info] Got 2 sessions for ...
2026-06-10 22:14:30.100 [info] Getting sessions for all scopes...
2026-06-10 22:14:30.107 [info] Got 2 sessions for ...
2026-06-10 22:14:30.108 [info] Getting sessions for all scopes...
2026-06-10 22:14:30.108 [info] Got 2 sessions for ...
2026-06-10 22:14:31.593 [info] Getting sessions for all scopes...
2026-06-10 22:14:31.593 [info] Got 2 sessions for ...
2026-06-10 22:14:31.610 [info] Getting sessions for read:user,repo,user:email,workflow...
2026-06-10 22:14:31.624 [info] Got 1 sessions for read:user,repo,user:email,workflow...
2026-06-10 22:14:38.502 [info] Getting sessions for all scopes...
2026-06-10 22:14:38.503 [info] Got 2 sessions for ...
2026-06-10 22:14:38.503 [info] Getting sessions for read:user,repo,user:email,workflow...
2026-06-10 22:14:38.503 [info] Got 1 sessions for read:user,repo,user:email,workflow...
2026-06-10 22:14:39.264 [info] Getting sessions for all scopes...
2026-06-10 22:14:39.264 [info] Got 2 sessions for ...
2026-06-10 22:14:39.264 [info] Getting sessions for all scopes...
2026-06-10 22:14:39.264 [info] Got 2 sessions for ...
2026-06-10 22:14:39.266 [info] Getting sessions for read:user,repo,user:email,workflow...
2026-06-10 22:14:39.266 [info] Got 1 sessions for read:user,repo,user:email,workflow...
2026-06-10 22:14:39.310 [info] Getting sessions for all scopes...
2026-06-10 22:14:39.310 [info] Got 2 sessions for ...
2026-06-10 22:14:39.311 [info] Getting sessions for all scopes...
2026-06-10 22:14:39.311 [info] Got 2 sessions for ...
2026-06-10 22:14:39.313 [info] Getting sessions for read:user,repo,user:email,workflow...
2026-06-10 22:14:39.313 [info] Got 1 sessions for read:user,repo,user:email,workflow...
2026-06-10 22:14:39.784 [info] Getting sessions for all scopes...
2026-06-10 22:14:39.784 [info] Got 2 sessions for ...
2026-06-10 22:14:39.785 [info] Getting sessions for read:user,repo,user:email,workflow...
2026-06-10 22:14:39.785 [info] Got 1 sessions for read:user,repo,user:email,workflow...
