2026-06-10 21:26:35.305 [info] [main] Log level: Info
2026-06-10 21:26:35.392 [info] [main] Validating found git in: "/usr/bin/git"
2026-06-10 21:26:36.167 [info] [main] Using git "2.50.1 (Apple Git-155)" from "/usr/bin/git"
2026-06-10 21:26:36.167 [info] [Model][doInitialScan] Initial repository scan started
2026-06-10 21:26:36.198 [info] > git rev-parse --show-toplevel [28ms]
2026-06-10 21:26:36.235 [info] > git rev-parse --git-dir --git-common-dir --show-superproject-working-tree [35ms]
2026-06-10 21:26:37.098 [info] [Model][openRepository] Opened repository (path): /Users/francisblack/Downloads/Fedex
2026-06-10 21:26:37.098 [info] [Model][openRepository] Opened repository (real path): /Users/francisblack/Downloads/Fedex
2026-06-10 21:26:37.098 [info] [Model][openRepository] Opened repository (kind): repository
2026-06-10 21:26:37.193 [info] > git rev-parse --show-toplevel [44ms]
2026-06-10 21:26:37.195 [info] > git config --get --local core.virtualfilesystem [95ms]
2026-06-10 21:26:37.195 [warning] [Git][config] git config failed: Failed to execute git
2026-06-10 21:26:37.196 [info] > git config --get commit.template [47ms]
2026-06-10 21:26:37.225 [info] > git rev-parse --show-toplevel [31ms]
2026-06-10 21:26:37.295 [info] > git rev-parse --show-toplevel [66ms]
2026-06-10 21:26:37.304 [info] > git for-each-ref --format=%(refname)%00%(upstream:short)%00%(objectname)%00%(upstream:track)%00%(upstream:remotename)%00%(upstream:remoteref) --ignore-case refs/heads/main refs/remotes/main [121ms]
2026-06-10 21:26:37.375 [info] > git rev-parse --show-toplevel [72ms]
2026-06-10 21:26:37.391 [info] > git for-each-ref --sort -committerdate --format %(refname)%00%(objectname)%00%(*objectname) [74ms]
2026-06-10 21:26:37.414 [info] > git status -z -uall [98ms]
2026-06-10 21:26:37.463 [info] > git check-ignore -v -z --stdin [51ms]
2026-06-10 21:26:37.464 [info] > git config --get commit.template [36ms]
2026-06-10 21:26:37.468 [info] > git rev-parse --show-toplevel [88ms]
2026-06-10 21:26:37.486 [info] > git for-each-ref --format=%(refname)%00%(upstream:short)%00%(objectname)%00%(upstream:track)%00%(upstream:remotename)%00%(upstream:remoteref) --ignore-case refs/heads/main refs/remotes/main [68ms]
2026-06-10 21:26:37.510 [info] > git rev-parse --show-toplevel [31ms]
2026-06-10 21:26:37.527 [info] > git config --get --local branch.main.vscode-merge-base [39ms]
2026-06-10 21:26:37.530 [info] > git for-each-ref --format=%(refname)%00%(upstream:short)%00%(objectname)%00%(upstream:track)%00%(upstream:remotename)%00%(upstream:remoteref) --ignore-case refs/heads/main refs/remotes/main [62ms]
2026-06-10 21:26:37.549 [info] > git rev-parse --show-toplevel [37ms]
2026-06-10 21:26:37.564 [info] > git status -z -uall [27ms]
2026-06-10 21:26:37.566 [info] > git for-each-ref --format=%(refname)%00%(upstream:short)%00%(objectname)%00%(upstream:track)%00%(upstream:remotename)%00%(upstream:remoteref) --ignore-case refs/heads/origin/main refs/remotes/origin/main [37ms]
2026-06-10 21:26:37.570 [info] > git for-each-ref --sort -committerdate --format %(refname)%00%(objectname)%00%(*objectname) [31ms]
2026-06-10 21:26:37.578 [info] > git rev-parse --show-toplevel [27ms]
2026-06-10 21:26:37.599 [info] > git merge-base refs/heads/main refs/remotes/origin/main [30ms]
2026-06-10 21:26:37.601 [info] > git rev-parse --show-toplevel [22ms]
2026-06-10 21:26:37.608 [info] > git merge-base refs/heads/main refs/remotes/origin/main [36ms]
2026-06-10 21:26:37.621 [info] > git diff --raw --numstat --diff-filter=ADMR -z --find-renames=50% 91a8e16527376e2ea8565c092eeab61c64cfdb49...refs/remotes/origin/main -- [20ms]
2026-06-10 21:26:37.621 [info] > git rev-parse --show-toplevel [19ms]
2026-06-10 21:26:37.628 [info] > git diff --raw --numstat --diff-filter=ADMR -z --find-renames=50% 91a8e16527376e2ea8565c092eeab61c64cfdb49...refs/remotes/origin/main -- [19ms]
2026-06-10 21:26:37.629 [info] > git check-ignore -v -z --stdin [18ms]
2026-06-10 21:26:37.635 [info] > git rev-parse --show-toplevel [13ms]
2026-06-10 21:26:37.673 [info] > git rev-parse --show-toplevel [37ms]
2026-06-10 21:26:37.711 [info] > git rev-parse --show-toplevel [21ms]
2026-06-10 21:26:37.716 [info] [Model][doInitialScan] Initial repository scan completed - repositories (1), closed repositories (0), parent repositories (0), unsafe repositories (0)
2026-06-10 21:26:37.756 [info] > git ls-files --stage -- index.html [36ms]
2026-06-10 21:26:37.758 [info] > git config --get commit.template [30ms]
2026-06-10 21:26:37.766 [info] > git for-each-ref --format=%(refname)%00%(upstream:short)%00%(objectname)%00%(upstream:track)%00%(upstream:remotename)%00%(upstream:remoteref) --ignore-case refs/heads/main refs/remotes/main [34ms]
2026-06-10 21:26:37.785 [info] > git show --textconv :index.html [67ms]
2026-06-10 21:26:37.800 [info] > git cat-file -s 9bc9a979f6d13dbfce23e286964694e0f2e1acee [41ms]
2026-06-10 21:26:37.814 [info] > git for-each-ref --sort -committerdate --format %(refname)%00%(objectname)%00%(*objectname) [45ms]
2026-06-10 21:26:37.817 [info] > git status -z -uall [49ms]
2026-06-10 21:26:38.023 [info] > git check-ignore -v -z --stdin [98ms]
2026-06-10 21:26:40.136 [info] > git check-ignore -v -z --stdin [46ms]
2026-06-10 21:26:40.855 [info] > git check-ignore -v -z --stdin [26ms]
2026-06-10 21:26:43.066 [info] > git blame --root --incremental 91a8e16527376e2ea8565c092eeab61c64cfdb49 -- index.html [5131ms]
2026-06-10 21:26:46.253 [info] > git merge-base HEAD @{upstream} [137ms]
2026-06-10 21:26:46.266 [info] > git config --get --local core.virtualfilesystem [10ms]
2026-06-10 21:26:46.266 [warning] [Git][config] git config failed: Failed to execute git
2026-06-10 21:26:46.276 [info] > git config --get --local core.sparsecheckout [10ms]
2026-06-10 21:26:46.276 [warning] [Git][config] git config failed: Failed to execute git
2026-06-10 21:26:46.391 [info] > git show -s --decorate=full --shortstat --format=%H%n%aN%n%aE%n%at%n%ct%n%P%n%D%n%B -z 91a8e16527376e2ea8565c092eeab61c64cfdb49 -- [114ms]
2026-06-10 21:26:46.410 [info] > git log --format=%H%n%aN%n%aE%n%at%n%ct%n%P%n%D%n%B -z 91a8e16527376e2ea8565c092eeab61c64cfdb49..HEAD [17ms]
2026-06-10 21:26:46.466 [info] > git diff --name-status -z --diff-filter=ADMR 91a8e16527376e2ea8565c092eeab61c64cfdb49 -- [42ms]
2026-06-10 21:26:46.481 [info] > git diff 91a8e16527376e2ea8565c092eeab61c64cfdb49 -- .DS_Store [14ms]
2026-06-10 21:26:46.495 [info] > git diff 91a8e16527376e2ea8565c092eeab61c64cfdb49 -- best_posts_cache.json [14ms]
2026-06-10 21:26:46.513 [info] > git diff 91a8e16527376e2ea8565c092eeab61c64cfdb49 -- data/combined_small.json [16ms]
2026-06-10 21:26:46.540 [info] > git diff 91a8e16527376e2ea8565c092eeab61c64cfdb49 -- data/samples/master_locations_sample.json [20ms]
2026-06-10 21:26:46.562 [info] > git diff 91a8e16527376e2ea8565c092eeab61c64cfdb49 -- data/samples/master_pois_sample.json [21ms]
2026-06-10 21:26:46.597 [info] > git diff 91a8e16527376e2ea8565c092eeab61c64cfdb49 -- index.html [34ms]
2026-06-10 21:26:46.610 [info] > git diff 91a8e16527376e2ea8565c092eeab61c64cfdb49 -- package-lock.json [12ms]
2026-06-10 21:26:46.627 [info] > git diff 91a8e16527376e2ea8565c092eeab61c64cfdb49 -- package.json [16ms]
2026-06-10 21:26:46.640 [info] > git diff 91a8e16527376e2ea8565c092eeab61c64cfdb49 -- pois/manifest.json [12ms]
2026-06-10 21:26:46.724 [info] > git diff 91a8e16527376e2ea8565c092eeab61c64cfdb49 -- pois/places.json.bak.1780688705735 [78ms]
2026-06-10 21:26:46.941 [info] > git diff 91a8e16527376e2ea8565c092eeab61c64cfdb49 -- pois/places.json.bak.1780688706487 [212ms]
2026-06-10 21:26:47.140 [info] > git diff 91a8e16527376e2ea8565c092eeab61c64cfdb49 -- pois/places.json.bak.1780688708518 [193ms]
2026-06-10 21:26:47.155 [info] > git diff 91a8e16527376e2ea8565c092eeab61c64cfdb49 -- top_liked_cache.json [14ms]
2026-06-10 21:26:47.661 [info] > git config --get commit.template [21ms]
2026-06-10 21:26:47.662 [info] > git for-each-ref --format=%(refname)%00%(upstream:short)%00%(objectname)%00%(upstream:track)%00%(upstream:remotename)%00%(upstream:remoteref) --ignore-case refs/heads/main refs/remotes/main [20ms]
2026-06-10 21:26:47.691 [info] > git status -z -uall [28ms]
2026-06-10 21:26:47.698 [info] > git for-each-ref --sort -committerdate --format %(refname)%00%(objectname)%00%(*objectname) [35ms]
2026-06-10 21:26:48.031 [info] > git check-ignore -v -z --stdin [23ms]
2026-06-10 21:27:04.752 [info] > git config --get commit.template [26ms]
2026-06-10 21:27:04.760 [info] > git for-each-ref --format=%(refname)%00%(upstream:short)%00%(objectname)%00%(upstream:track)%00%(upstream:remotename)%00%(upstream:remoteref) --ignore-case refs/heads/main refs/remotes/main [33ms]
2026-06-10 21:27:04.782 [info] > git for-each-ref --sort -committerdate --format %(refname)%00%(objectname)%00%(*objectname) [21ms]
2026-06-10 21:27:04.784 [info] > git status -z -uall [23ms]
2026-06-10 21:27:05.114 [info] > git check-ignore -v -z --stdin [20ms]
2026-06-10 21:28:03.127 [info] > git merge-base HEAD @{upstream} [69ms]
2026-06-10 21:28:03.142 [info] > git config --get --local core.virtualfilesystem [14ms]
2026-06-10 21:28:03.142 [warning] [Git][config] git config failed: Failed to execute git
2026-06-10 21:28:03.154 [info] > git config --get --local core.sparsecheckout [11ms]
2026-06-10 21:28:03.154 [warning] [Git][config] git config failed: Failed to execute git
2026-06-10 21:28:03.190 [info] > git show -s --decorate=full --shortstat --format=%H%n%aN%n%aE%n%at%n%ct%n%P%n%D%n%B -z 91a8e16527376e2ea8565c092eeab61c64cfdb49 -- [35ms]
2026-06-10 21:28:03.204 [info] > git log --format=%H%n%aN%n%aE%n%at%n%ct%n%P%n%D%n%B -z 91a8e16527376e2ea8565c092eeab61c64cfdb49..HEAD [13ms]
2026-06-10 21:28:03.219 [info] > git diff --name-status -z --diff-filter=ADMR 91a8e16527376e2ea8565c092eeab61c64cfdb49 -- [14ms]
2026-06-10 21:28:03.230 [info] > git diff 91a8e16527376e2ea8565c092eeab61c64cfdb49 -- .DS_Store [10ms]
2026-06-10 21:28:03.241 [info] > git diff 91a8e16527376e2ea8565c092eeab61c64cfdb49 -- best_posts_cache.json [10ms]
2026-06-10 21:28:03.254 [info] > git diff 91a8e16527376e2ea8565c092eeab61c64cfdb49 -- data/combined_small.json [12ms]
2026-06-10 21:28:03.265 [info] > git diff 91a8e16527376e2ea8565c092eeab61c64cfdb49 -- data/samples/master_locations_sample.json [10ms]
2026-06-10 21:28:03.283 [info] > git diff 91a8e16527376e2ea8565c092eeab61c64cfdb49 -- data/samples/master_pois_sample.json [16ms]
2026-06-10 21:28:03.313 [info] > git diff 91a8e16527376e2ea8565c092eeab61c64cfdb49 -- index.html [30ms]
2026-06-10 21:28:03.330 [info] > git diff 91a8e16527376e2ea8565c092eeab61c64cfdb49 -- package-lock.json [12ms]
2026-06-10 21:28:03.343 [info] > git diff 91a8e16527376e2ea8565c092eeab61c64cfdb49 -- package.json [13ms]
2026-06-10 21:28:03.355 [info] > git diff 91a8e16527376e2ea8565c092eeab61c64cfdb49 -- pois/manifest.json [12ms]
2026-06-10 21:28:03.432 [info] > git diff 91a8e16527376e2ea8565c092eeab61c64cfdb49 -- pois/places.json.bak.1780688705735 [71ms]
2026-06-10 21:28:03.617 [info] > git diff 91a8e16527376e2ea8565c092eeab61c64cfdb49 -- pois/places.json.bak.1780688706487 [179ms]
2026-06-10 21:28:03.804 [info] > git diff 91a8e16527376e2ea8565c092eeab61c64cfdb49 -- pois/places.json.bak.1780688708518 [181ms]
2026-06-10 21:28:03.817 [info] > git diff 91a8e16527376e2ea8565c092eeab61c64cfdb49 -- top_liked_cache.json [12ms]
2026-06-10 21:28:03.829 [info] > git diff 91a8e16527376e2ea8565c092eeab61c64cfdb49 -- wifi_database.json [12ms]
2026-06-10 21:28:04.382 [info] > git config --get commit.template [25ms]
2026-06-10 21:28:04.385 [info] > git for-each-ref --format=%(refname)%00%(upstream:short)%00%(objectname)%00%(upstream:track)%00%(upstream:remotename)%00%(upstream:remoteref) --ignore-case refs/heads/main refs/remotes/main [26ms]
2026-06-10 21:28:04.404 [info] > git for-each-ref --sort -committerdate --format %(refname)%00%(objectname)%00%(*objectname) [17ms]
2026-06-10 21:28:04.408 [info] > git status -z -uall [22ms]
2026-06-10 21:28:04.746 [info] > git check-ignore -v -z --stdin [27ms]
2026-06-10 21:28:21.326 [info] > git config --get commit.template [19ms]
2026-06-10 21:28:21.333 [info] > git for-each-ref --format=%(refname)%00%(upstream:short)%00%(objectname)%00%(upstream:track)%00%(upstream:remotename)%00%(upstream:remoteref) --ignore-case refs/heads/main refs/remotes/main [25ms]
2026-06-10 21:28:21.351 [info] > git for-each-ref --sort -committerdate --format %(refname)%00%(objectname)%00%(*objectname) [17ms]
2026-06-10 21:28:21.352 [info] > git status -z -uall [18ms]
2026-06-10 21:28:23.232 [info] > git check-ignore -v -z --stdin [13ms]
2026-06-10 21:28:26.391 [info] > git config --get commit.template [31ms]
2026-06-10 21:28:26.394 [info] > git for-each-ref --format=%(refname)%00%(upstream:short)%00%(objectname)%00%(upstream:track)%00%(upstream:remotename)%00%(upstream:remoteref) --ignore-case refs/heads/main refs/remotes/main [31ms]
2026-06-10 21:28:26.411 [info] > git for-each-ref --sort -committerdate --format %(refname)%00%(objectname)%00%(*objectname) [16ms]
2026-06-10 21:28:26.412 [info] > git status -z -uall [17ms]
2026-06-10 21:28:26.731 [info] > git check-ignore -v -z --stdin [11ms]
2026-06-10 21:28:43.479 [info] > git config --get commit.template [17ms]
2026-06-10 21:28:43.482 [info] > git for-each-ref --format=%(refname)%00%(upstream:short)%00%(objectname)%00%(upstream:track)%00%(upstream:remotename)%00%(upstream:remoteref) --ignore-case refs/heads/main refs/remotes/main [19ms]
2026-06-10 21:28:43.497 [info] > git for-each-ref --sort -committerdate --format %(refname)%00%(objectname)%00%(*objectname) [13ms]
2026-06-10 21:28:43.500 [info] > git status -z -uall [17ms]
2026-06-10 21:28:43.515 [info] > git merge-base refs/heads/main refs/remotes/origin/main [11ms]
2026-06-10 21:28:43.526 [info] > git diff --raw --numstat --diff-filter=ADMR -z --find-renames=50% 71061aa55a03c7e0f5f3886489488796b159c719...refs/remotes/origin/main -- [10ms]
2026-06-10 21:28:43.572 [info] > git ls-files --stage -- index.html [10ms]
2026-06-10 21:28:43.582 [info] > git cat-file -s a6d5bc65535b10204b1907c85c088824d89ae8ef [9ms]
2026-06-10 21:28:43.597 [info] > git show --textconv :index.html [13ms]
2026-06-10 21:28:43.863 [info] > git check-ignore -v -z --stdin [10ms]
2026-06-10 21:28:46.675 [info] > git blame --root --incremental 71061aa55a03c7e0f5f3886489488796b159c719 -- index.html [3172ms]
