2026-06-10 21:31:58.174 [info] Reading sessions from keychain...
2026-06-10 21:31:58.174 [info] Getting sessions for all scopes...
2026-06-10 21:31:58.174 [info] Got stored sessions!
2026-06-10 21:31:58.174 [info] Got 2 verified sessions.
2026-06-10 21:31:58.174 [info] Got 2 sessions for ...
2026-06-10 21:31:58.174 [info] Getting sessions for all scopes...
2026-06-10 21:31:58.174 [info] Got 2 sessions for ...
2026-06-10 21:31:58.174 [info] Getting sessions for all scopes...
2026-06-10 21:31:58.174 [info] Got 2 sessions for ...
2026-06-10 21:31:58.174 [info] Getting sessions for all scopes...
2026-06-10 21:31:58.174 [info] Got 2 sessions for ...
2026-06-10 21:31:58.174 [info] Getting sessions for all scopes...
2026-06-10 21:31:58.174 [info] Got 2 sessions for ...
2026-06-10 21:31:58.174 [info] Getting sessions for all scopes...
2026-06-10 21:31:58.174 [info] Got 2 sessions for ...
2026-06-10 21:31:58.174 [info] Getting sessions for all scopes...
2026-06-10 21:31:58.174 [info] Got 2 sessions for ...
2026-06-10 21:31:58.184 [info] Getting sessions for read:user,repo,user:email,workflow...
2026-06-10 21:31:58.184 [info] Got 1 sessions for read:user,repo,user:email,workflow...
2026-06-10 21:31:59.730 [info] Getting sessions for all scopes...
2026-06-10 21:31:59.730 [info] Got 2 sessions for ...
2026-06-10 21:31:59.730 [info] Getting sessions for all scopes...
2026-06-10 21:31:59.730 [info] Got 2 sessions for ...
2026-06-10 21:31:59.730 [info] Getting sessions for all scopes...
2026-06-10 21:31:59.730 [info] Got 2 sessions for ...
2026-06-10 21:31:59.761 [info] Getting sessions for read:user,repo,user:email,workflow...
2026-06-10 21:31:59.761 [info] Got 1 sessions for read:user,repo,user:email,workflow...
2026-06-10 21:31:59.882 [info] Getting sessions for all scopes...
2026-06-10 21:31:59.882 [info] Got 2 sessions for ...
2026-06-10 21:31:59.927 [info] Getting sessions for read:user,repo,user:email,workflow...
2026-06-10 21:31:59.927 [info] Got 1 sessions for read:user,repo,user:email,workflow...
2026-06-10 21:32:00.075 [info] FetcherService: Electron fetch failed with status: 429 
2026-06-10 21:32:00.076 [info] Unable to resolve optional EDU details. Status: 429 
2026-06-10 21:32:00.110 [info] Getting sessions for all scopes...
2026-06-10 21:32:00.110 [info] Got 2 sessions for ...
2026-06-10 21:32:00.110 [info] Getting sessions for read:user,repo,user:email,workflow...
2026-06-10 21:32:00.110 [info] Got 1 sessions for read:user,repo,user:email,workflow...
2026-06-10 21:32:02.098 [info] Getting sessions for all scopes...
2026-06-10 21:32:02.099 [info] Got 2 sessions for ...
2026-06-10 21:32:02.099 [info] Getting sessions for all scopes...
2026-06-10 21:32:02.099 [info] Got 2 sessions for ...
2026-06-10 21:32:02.141 [info] Getting sessions for read:user,repo,user:email,workflow...
2026-06-10 21:32:02.141 [info] Got 1 sessions for read:user,repo,user:email,workflow...
2026-06-10 21:32:02.358 [info] Getting sessions for all scopes...
2026-06-10 21:32:02.358 [info] Got 2 sessions for ...
2026-06-10 21:32:02.358 [info] Getting sessions for all scopes...
2026-06-10 21:32:02.358 [info] Got 2 sessions for ...
2026-06-10 21:32:02.358 [info] Getting sessions for all scopes...
2026-06-10 21:32:02.358 [info] Got 2 sessions for ...
2026-06-10 21:32:02.425 [info] Getting sessions for all scopes...
2026-06-10 21:32:02.425 [info] Got 2 sessions for ...
2026-06-10 21:32:02.522 [info] Getting sessions for read:user,repo,user:email,workflow...
2026-06-10 21:32:02.522 [info] Got 1 sessions for read:user,repo,user:email,workflow...
2026-06-10 21:32:02.668 [info] Getting sessions for all scopes...
2026-06-10 21:32:02.668 [info] Got 2 sessions for ...
2026-06-10 21:32:02.668 [info] Getting sessions for read:user,repo,user:email,workflow...
2026-06-10 21:32:02.668 [info] Got 1 sessions for read:user,repo,user:email,workflow...
2026-06-10 21:32:02.815 [info] Getting sessions for all scopes...
2026-06-10 21:32:02.815 [info] Got 2 sessions for ...
2026-06-10 21:32:02.816 [info] Getting sessions for read:user,repo,user:email,workflow...
2026-06-10 21:32:02.816 [info] Got 1 sessions for read:user,repo,user:email,workflow...
2026-06-10 21:33:46.060 [info] Getting sessions for all scopes...
2026-06-10 21:33:46.061 [info] Got 2 sessions for ...
2026-06-10 21:33:46.093 [info] Getting sessions for read:user,repo,user:email,workflow...
2026-06-10 21:33:46.093 [info] Got 1 sessions for read:user,repo,user:email,workflow...
2026-06-10 21:33:46.151 [info] Getting sessions for all scopes...
2026-06-10 21:33:46.151 [info] Got 2 sessions for ...
2026-06-10 21:33:46.152 [info] Getting sessions for all scopes...
2026-06-10 21:33:46.152 [info] Got 2 sessions for ...
