2026-06-10 21:36:19.998 [info] Unable to load library https://www.gstatic.com/firebasejs/10.7.0/firebase-app.ts at /Applications/Visual Studio Code.app/Contents/Resources/app/extensions/node_modules/typescript/lib/https:/www.gstatic.com/firebasejs/10.7.0/firebase-app.ts
2026-06-10 21:36:19.998 [info] Unable to load library https://www.gstatic.com/firebasejs/10.7.0/firebase-app.tsx at /Applications/Visual Studio Code.app/Contents/Resources/app/extensions/node_modules/typescript/lib/https:/www.gstatic.com/firebasejs/10.7.0/firebase-app.tsx
2026-06-10 21:36:19.999 [info] Unable to load library https://www.gstatic.com/firebasejs/10.7.0/firebase-app.d.ts at /Applications/Visual Studio Code.app/Contents/Resources/app/extensions/node_modules/typescript/lib/https:/www.gstatic.com/firebasejs/10.7.0/firebase-app.d.ts
2026-06-10 21:36:19.999 [info] Unable to load library https://www.gstatic.com/firebasejs/10.7.0/firebase-app.js.ts at /Applications/Visual Studio Code.app/Contents/Resources/app/extensions/node_modules/typescript/lib/https:/www.gstatic.com/firebasejs/10.7.0/firebase-app.js.ts
2026-06-10 21:36:19.999 [info] Unable to load library https://www.gstatic.com/firebasejs/10.7.0/firebase-app.js.tsx at /Applications/Visual Studio Code.app/Contents/Resources/app/extensions/node_modules/typescript/lib/https:/www.gstatic.com/firebasejs/10.7.0/firebase-app.js.tsx
2026-06-10 21:36:19.999 [info] Unable to load library https://www.gstatic.com/firebasejs/10.7.0/firebase-app.js.d.ts at /Applications/Visual Studio Code.app/Contents/Resources/app/extensions/node_modules/typescript/lib/https:/www.gstatic.com/firebasejs/10.7.0/firebase-app.js.d.ts
2026-06-10 21:36:19.999 [info] Unable to load library https://www.gstatic.com/firebasejs/10.7.0/firebase-app.js/package.json at /Applications/Visual Studio Code.app/Contents/Resources/app/extensions/node_modules/typescript/lib/https:/www.gstatic.com/firebasejs/10.7.0/firebase-app.js/package.json
2026-06-10 21:36:19.999 [info] Unable to load library file:///Users/francisblack/Downloads/Fedex/node_modules/@types/https:/package.json at /Applications/Visual Studio Code.app/Contents/Resources/app/extensions/node_modules/typescript/lib/file:/Users/francisblack/Downloads/Fedex/node_modules/@types/https:/package.json
2026-06-10 21:36:20.000 [info] Unable to load library https://www.gstatic.com/firebasejs/10.7.0/firebase-app.js/index.d.ts at /Applications/Visual Studio Code.app/Contents/Resources/app/extensions/node_modules/typescript/lib/https:/www.gstatic.com/firebasejs/10.7.0/firebase-app.js/index.d.ts
2026-06-10 21:36:20.000 [info] Unable to load library file:///Users/francisblack/Downloads/node_modules/@types/https:/package.json at /Applications/Visual Studio Code.app/Contents/Resources/app/extensions/node_modules/typescript/lib/file:/Users/francisblack/Downloads/node_modules/@types/https:/package.json
2026-06-10 21:36:20.000 [info] Unable to load library file:///Users/francisblack/node_modules/@types/https:/package.json at /Applications/Visual Studio Code.app/Contents/Resources/app/extensions/node_modules/typescript/lib/file:/Users/francisblack/node_modules/@types/https:/package.json
2026-06-10 21:36:20.000 [info] Unable to load library file:///Users/node_modules/@types/https:/package.json at /Applications/Visual Studio Code.app/Contents/Resources/app/extensions/node_modules/typescript/lib/file:/Users/node_modules/@types/https:/package.json
2026-06-10 21:36:20.000 [info] Unable to load library file:///node_modules/@types/https:/package.json at /Applications/Visual Studio Code.app/Contents/Resources/app/extensions/node_modules/typescript/lib/file:/node_modules/@types/https:/package.json
2026-06-10 21:36:20.001 [info] Unable to load library https://www.gstatic.com/firebasejs/10.7.0/firebase-app.js at /Applications/Visual Studio Code.app/Contents/Resources/app/extensions/node_modules/typescript/lib/https:/www.gstatic.com/firebasejs/10.7.0/firebase-app.js
2026-06-10 21:36:20.001 [info] Unable to load library https://www.gstatic.com/firebasejs/10.7.0/firebase-app.jsx at /Applications/Visual Studio Code.app/Contents/Resources/app/extensions/node_modules/typescript/lib/https:/www.gstatic.com/firebasejs/10.7.0/firebase-app.jsx
2026-06-10 21:36:20.001 [info] Unable to load library https://www.gstatic.com/firebasejs/10.7.0/firebase-app.js.js at /Applications/Visual Studio Code.app/Contents/Resources/app/extensions/node_modules/typescript/lib/https:/www.gstatic.com/firebasejs/10.7.0/firebase-app.js.js
2026-06-10 21:36:20.001 [info] Unable to load library https://www.gstatic.com/firebasejs/10.7.0/firebase-app.js.jsx at /Applications/Visual Studio Code.app/Contents/Resources/app/extensions/node_modules/typescript/lib/https:/www.gstatic.com/firebasejs/10.7.0/firebase-app.js.jsx
2026-06-10 21:36:20.001 [info] Unable to load library https://www.gstatic.com/firebasejs/10.7.0/firebase-database.ts at /Applications/Visual Studio Code.app/Contents/Resources/app/extensions/node_modules/typescript/lib/https:/www.gstatic.com/firebasejs/10.7.0/firebase-database.ts
2026-06-10 21:36:20.007 [info] Unable to load library https://www.gstatic.com/firebasejs/10.7.0/firebase-database.tsx at /Applications/Visual Studio Code.app/Contents/Resources/app/extensions/node_modules/typescript/lib/https:/www.gstatic.com/firebasejs/10.7.0/firebase-database.tsx
2026-06-10 21:36:20.008 [info] Unable to load library https://www.gstatic.com/firebasejs/10.7.0/firebase-database.d.ts at /Applications/Visual Studio Code.app/Contents/Resources/app/extensions/node_modules/typescript/lib/https:/www.gstatic.com/firebasejs/10.7.0/firebase-database.d.ts
2026-06-10 21:36:20.009 [info] Unable to load library https://www.gstatic.com/firebasejs/10.7.0/firebase-database.js.ts at /Applications/Visual Studio Code.app/Contents/Resources/app/extensions/node_modules/typescript/lib/https:/www.gstatic.com/firebasejs/10.7.0/firebase-database.js.ts
2026-06-10 21:36:20.009 [info] Unable to load library https://www.gstatic.com/firebasejs/10.7.0/firebase-database.js.tsx at /Applications/Visual Studio Code.app/Contents/Resources/app/extensions/node_modules/typescript/lib/https:/www.gstatic.com/firebasejs/10.7.0/firebase-database.js.tsx
2026-06-10 21:36:20.009 [info] Unable to load library https://www.gstatic.com/firebasejs/10.7.0/firebase-database.js.d.ts at /Applications/Visual Studio Code.app/Contents/Resources/app/extensions/node_modules/typescript/lib/https:/www.gstatic.com/firebasejs/10.7.0/firebase-database.js.d.ts
2026-06-10 21:36:20.009 [info] Unable to load library https://www.gstatic.com/firebasejs/10.7.0/firebase-database.js/package.json at /Applications/Visual Studio Code.app/Contents/Resources/app/extensions/node_modules/typescript/lib/https:/www.gstatic.com/firebasejs/10.7.0/firebase-database.js/package.json
2026-06-10 21:36:20.009 [info] Unable to load library https://www.gstatic.com/firebasejs/10.7.0/firebase-database.js/index.d.ts at /Applications/Visual Studio Code.app/Contents/Resources/app/extensions/node_modules/typescript/lib/https:/www.gstatic.com/firebasejs/10.7.0/firebase-database.js/index.d.ts
2026-06-10 21:36:20.009 [info] Unable to load library https://www.gstatic.com/firebasejs/10.7.0/firebase-database.js at /Applications/Visual Studio Code.app/Contents/Resources/app/extensions/node_modules/typescript/lib/https:/www.gstatic.com/firebasejs/10.7.0/firebase-database.js
2026-06-10 21:36:20.009 [info] Unable to load library https://www.gstatic.com/firebasejs/10.7.0/firebase-database.jsx at /Applications/Visual Studio Code.app/Contents/Resources/app/extensions/node_modules/typescript/lib/https:/www.gstatic.com/firebasejs/10.7.0/firebase-database.jsx
2026-06-10 21:36:20.009 [info] Unable to load library https://www.gstatic.com/firebasejs/10.7.0/firebase-database.js.js at /Applications/Visual Studio Code.app/Contents/Resources/app/extensions/node_modules/typescript/lib/https:/www.gstatic.com/firebasejs/10.7.0/firebase-database.js.js
2026-06-10 21:36:20.009 [info] Unable to load library https://www.gstatic.com/firebasejs/10.7.0/firebase-database.js.jsx at /Applications/Visual Studio Code.app/Contents/Resources/app/extensions/node_modules/typescript/lib/https:/www.gstatic.com/firebasejs/10.7.0/firebase-database.js.jsx
2026-06-10 21:36:20.009 [info] Unable to load library https://www.gstatic.com/firebasejs/10.7.0/firebase-storage.ts at /Applications/Visual Studio Code.app/Contents/Resources/app/extensions/node_modules/typescript/lib/https:/www.gstatic.com/firebasejs/10.7.0/firebase-storage.ts
2026-06-10 21:36:20.009 [info] Unable to load library https://www.gstatic.com/firebasejs/10.7.0/firebase-storage.tsx at /Applications/Visual Studio Code.app/Contents/Resources/app/extensions/node_modules/typescript/lib/https:/www.gstatic.com/firebasejs/10.7.0/firebase-storage.tsx
2026-06-10 21:36:20.009 [info] Unable to load library https://www.gstatic.com/firebasejs/10.7.0/firebase-storage.d.ts at /Applications/Visual Studio Code.app/Contents/Resources/app/extensions/node_modules/typescript/lib/https:/www.gstatic.com/firebasejs/10.7.0/firebase-storage.d.ts
2026-06-10 21:36:20.009 [info] Unable to load library https://www.gstatic.com/firebasejs/10.7.0/firebase-storage.js.ts at /Applications/Visual Studio Code.app/Contents/Resources/app/extensions/node_modules/typescript/lib/https:/www.gstatic.com/firebasejs/10.7.0/firebase-storage.js.ts
2026-06-10 21:36:20.009 [info] Unable to load library https://www.gstatic.com/firebasejs/10.7.0/firebase-storage.js.tsx at /Applications/Visual Studio Code.app/Contents/Resources/app/extensions/node_modules/typescript/lib/https:/www.gstatic.com/firebasejs/10.7.0/firebase-storage.js.tsx
2026-06-10 21:36:20.010 [info] Unable to load library https://www.gstatic.com/firebasejs/10.7.0/firebase-storage.js.d.ts at /Applications/Visual Studio Code.app/Contents/Resources/app/extensions/node_modules/typescript/lib/https:/www.gstatic.com/firebasejs/10.7.0/firebase-storage.js.d.ts
2026-06-10 21:36:20.010 [info] Unable to load library https://www.gstatic.com/firebasejs/10.7.0/firebase-storage.js/package.json at /Applications/Visual Studio Code.app/Contents/Resources/app/extensions/node_modules/typescript/lib/https:/www.gstatic.com/firebasejs/10.7.0/firebase-storage.js/package.json
2026-06-10 21:36:20.010 [info] Unable to load library https://www.gstatic.com/firebasejs/10.7.0/firebase-storage.js/index.d.ts at /Applications/Visual Studio Code.app/Contents/Resources/app/extensions/node_modules/typescript/lib/https:/www.gstatic.com/firebasejs/10.7.0/firebase-storage.js/index.d.ts
2026-06-10 21:36:20.010 [info] Unable to load library https://www.gstatic.com/firebasejs/10.7.0/firebase-storage.js at /Applications/Visual Studio Code.app/Contents/Resources/app/extensions/node_modules/typescript/lib/https:/www.gstatic.com/firebasejs/10.7.0/firebase-storage.js
2026-06-10 21:36:20.010 [info] Unable to load library https://www.gstatic.com/firebasejs/10.7.0/firebase-storage.jsx at /Applications/Visual Studio Code.app/Contents/Resources/app/extensions/node_modules/typescript/lib/https:/www.gstatic.com/firebasejs/10.7.0/firebase-storage.jsx
2026-06-10 21:36:20.010 [info] Unable to load library https://www.gstatic.com/firebasejs/10.7.0/firebase-storage.js.js at /Applications/Visual Studio Code.app/Contents/Resources/app/extensions/node_modules/typescript/lib/https:/www.gstatic.com/firebasejs/10.7.0/firebase-storage.js.js
2026-06-10 21:36:20.010 [info] Unable to load library https://www.gstatic.com/firebasejs/10.7.0/firebase-storage.js.jsx at /Applications/Visual Studio Code.app/Contents/Resources/app/extensions/node_modules/typescript/lib/https:/www.gstatic.com/firebasejs/10.7.0/firebase-storage.js.jsx
2026-06-10 21:36:20.011 [info] Unable to load library https://www.gstatic.com/firebasejs/10.7.0/firebase-auth.ts at /Applications/Visual Studio Code.app/Contents/Resources/app/extensions/node_modules/typescript/lib/https:/www.gstatic.com/firebasejs/10.7.0/firebase-auth.ts
2026-06-10 21:36:20.011 [info] Unable to load library https://www.gstatic.com/firebasejs/10.7.0/firebase-auth.tsx at /Applications/Visual Studio Code.app/Contents/Resources/app/extensions/node_modules/typescript/lib/https:/www.gstatic.com/firebasejs/10.7.0/firebase-auth.tsx
2026-06-10 21:36:20.011 [info] Unable to load library https://www.gstatic.com/firebasejs/10.7.0/firebase-auth.d.ts at /Applications/Visual Studio Code.app/Contents/Resources/app/extensions/node_modules/typescript/lib/https:/www.gstatic.com/firebasejs/10.7.0/firebase-auth.d.ts
2026-06-10 21:36:20.011 [info] Unable to load library https://www.gstatic.com/firebasejs/10.7.0/firebase-auth.js.ts at /Applications/Visual Studio Code.app/Contents/Resources/app/extensions/node_modules/typescript/lib/https:/www.gstatic.com/firebasejs/10.7.0/firebase-auth.js.ts
2026-06-10 21:36:20.011 [info] Unable to load library https://www.gstatic.com/firebasejs/10.7.0/firebase-auth.js.tsx at /Applications/Visual Studio Code.app/Contents/Resources/app/extensions/node_modules/typescript/lib/https:/www.gstatic.com/firebasejs/10.7.0/firebase-auth.js.tsx
2026-06-10 21:36:20.011 [info] Unable to load library https://www.gstatic.com/firebasejs/10.7.0/firebase-auth.js.d.ts at /Applications/Visual Studio Code.app/Contents/Resources/app/extensions/node_modules/typescript/lib/https:/www.gstatic.com/firebasejs/10.7.0/firebase-auth.js.d.ts
2026-06-10 21:36:20.011 [info] Unable to load library https://www.gstatic.com/firebasejs/10.7.0/firebase-auth.js/package.json at /Applications/Visual Studio Code.app/Contents/Resources/app/extensions/node_modules/typescript/lib/https:/www.gstatic.com/firebasejs/10.7.0/firebase-auth.js/package.json
2026-06-10 21:36:20.011 [info] Unable to load library https://www.gstatic.com/firebasejs/10.7.0/firebase-auth.js/index.d.ts at /Applications/Visual Studio Code.app/Contents/Resources/app/extensions/node_modules/typescript/lib/https:/www.gstatic.com/firebasejs/10.7.0/firebase-auth.js/index.d.ts
2026-06-10 21:36:20.011 [info] Unable to load library https://www.gstatic.com/firebasejs/10.7.0/firebase-auth.js at /Applications/Visual Studio Code.app/Contents/Resources/app/extensions/node_modules/typescript/lib/https:/www.gstatic.com/firebasejs/10.7.0/firebase-auth.js
2026-06-10 21:36:20.011 [info] Unable to load library https://www.gstatic.com/firebasejs/10.7.0/firebase-auth.jsx at /Applications/Visual Studio Code.app/Contents/Resources/app/extensions/node_modules/typescript/lib/https:/www.gstatic.com/firebasejs/10.7.0/firebase-auth.jsx
2026-06-10 21:36:20.011 [info] Unable to load library https://www.gstatic.com/firebasejs/10.7.0/firebase-auth.js.js at /Applications/Visual Studio Code.app/Contents/Resources/app/extensions/node_modules/typescript/lib/https:/www.gstatic.com/firebasejs/10.7.0/firebase-auth.js.js
2026-06-10 21:36:20.011 [info] Unable to load library https://www.gstatic.com/firebasejs/10.7.0/firebase-auth.js.jsx at /Applications/Visual Studio Code.app/Contents/Resources/app/extensions/node_modules/typescript/lib/https:/www.gstatic.com/firebasejs/10.7.0/firebase-auth.js.jsx
2026-06-10 21:36:20.011 [info] Unable to load library https://www.gstatic.com/firebasejs/10.7.0/firebase-functions.ts at /Applications/Visual Studio Code.app/Contents/Resources/app/extensions/node_modules/typescript/lib/https:/www.gstatic.com/firebasejs/10.7.0/firebase-functions.ts
2026-06-10 21:36:20.012 [info] Unable to load library https://www.gstatic.com/firebasejs/10.7.0/firebase-functions.tsx at /Applications/Visual Studio Code.app/Contents/Resources/app/extensions/node_modules/typescript/lib/https:/www.gstatic.com/firebasejs/10.7.0/firebase-functions.tsx
2026-06-10 21:36:20.012 [info] Unable to load library https://www.gstatic.com/firebasejs/10.7.0/firebase-functions.d.ts at /Applications/Visual Studio Code.app/Contents/Resources/app/extensions/node_modules/typescript/lib/https:/www.gstatic.com/firebasejs/10.7.0/firebase-functions.d.ts
2026-06-10 21:36:20.012 [info] Unable to load library https://www.gstatic.com/firebasejs/10.7.0/firebase-functions.js.ts at /Applications/Visual Studio Code.app/Contents/Resources/app/extensions/node_modules/typescript/lib/https:/www.gstatic.com/firebasejs/10.7.0/firebase-functions.js.ts
2026-06-10 21:36:20.012 [info] Unable to load library https://www.gstatic.com/firebasejs/10.7.0/firebase-functions.js.tsx at /Applications/Visual Studio Code.app/Contents/Resources/app/extensions/node_modules/typescript/lib/https:/www.gstatic.com/firebasejs/10.7.0/firebase-functions.js.tsx
2026-06-10 21:36:20.012 [info] Unable to load library https://www.gstatic.com/firebasejs/10.7.0/firebase-functions.js.d.ts at /Applications/Visual Studio Code.app/Contents/Resources/app/extensions/node_modules/typescript/lib/https:/www.gstatic.com/firebasejs/10.7.0/firebase-functions.js.d.ts
2026-06-10 21:36:20.012 [info] Unable to load library https://www.gstatic.com/firebasejs/10.7.0/firebase-functions.js/package.json at /Applications/Visual Studio Code.app/Contents/Resources/app/extensions/node_modules/typescript/lib/https:/www.gstatic.com/firebasejs/10.7.0/firebase-functions.js/package.json
2026-06-10 21:36:20.012 [info] Unable to load library https://www.gstatic.com/firebasejs/10.7.0/firebase-functions.js/index.d.ts at /Applications/Visual Studio Code.app/Contents/Resources/app/extensions/node_modules/typescript/lib/https:/www.gstatic.com/firebasejs/10.7.0/firebase-functions.js/index.d.ts
2026-06-10 21:36:20.012 [info] Unable to load library https://www.gstatic.com/firebasejs/10.7.0/firebase-functions.js at /Applications/Visual Studio Code.app/Contents/Resources/app/extensions/node_modules/typescript/lib/https:/www.gstatic.com/firebasejs/10.7.0/firebase-functions.js
2026-06-10 21:36:20.012 [info] Unable to load library https://www.gstatic.com/firebasejs/10.7.0/firebase-functions.jsx at /Applications/Visual Studio Code.app/Contents/Resources/app/extensions/node_modules/typescript/lib/https:/www.gstatic.com/firebasejs/10.7.0/firebase-functions.jsx
2026-06-10 21:36:20.012 [info] Unable to load library https://www.gstatic.com/firebasejs/10.7.0/firebase-functions.js.js at /Applications/Visual Studio Code.app/Contents/Resources/app/extensions/node_modules/typescript/lib/https:/www.gstatic.com/firebasejs/10.7.0/firebase-functions.js.js
2026-06-10 21:36:20.013 [info] Unable to load library https://www.gstatic.com/firebasejs/10.7.0/firebase-functions.js.jsx at /Applications/Visual Studio Code.app/Contents/Resources/app/extensions/node_modules/typescript/lib/https:/www.gstatic.com/firebasejs/10.7.0/firebase-functions.js.jsx
