2026-06-10 21:18:38.420 [info] Reading sessions from keychain...
2026-06-10 21:18:38.420 [info] Getting sessions for all scopes...
2026-06-10 21:18:38.420 [info] Got stored sessions!
2026-06-10 21:18:38.420 [info] Got 2 verified sessions.
2026-06-10 21:18:38.420 [info] Got 2 sessions for ...
2026-06-10 21:18:38.420 [info] Getting sessions for all scopes...
2026-06-10 21:18:38.420 [info] Got 2 sessions for ...
2026-06-10 21:18:38.420 [info] Getting sessions for all scopes...
2026-06-10 21:18:38.420 [info] Got 2 sessions for ...
2026-06-10 21:18:38.420 [info] Getting sessions for all scopes...
2026-06-10 21:18:38.420 [info] Got 2 sessions for ...
2026-06-10 21:18:38.420 [info] Getting sessions for all scopes...
2026-06-10 21:18:38.420 [info] Got 2 sessions for ...
2026-06-10 21:18:38.420 [info] Getting sessions for all scopes...
2026-06-10 21:18:38.420 [info] Got 2 sessions for ...
2026-06-10 21:18:38.420 [info] Getting sessions for all scopes...
2026-06-10 21:18:38.420 [info] Got 2 sessions for ...
2026-06-10 21:18:38.420 [info] Getting sessions for read:user,repo,user:email,workflow...
2026-06-10 21:18:38.420 [info] Got 1 sessions for read:user,repo,user:email,workflow...
2026-06-10 21:18:38.430 [info] Getting sessions for all scopes...
2026-06-10 21:18:38.430 [info] Got 2 sessions for ...
2026-06-10 21:18:38.431 [info] Getting sessions for read:user,repo,user:email,workflow...
2026-06-10 21:18:38.431 [info] Got 1 sessions for read:user,repo,user:email,workflow...
2026-06-10 21:18:38.657 [info] Getting sessions for read:user,repo,user:email,workflow...
2026-06-10 21:18:38.657 [info] Got 1 sessions for read:user,repo,user:email,workflow...
2026-06-10 21:18:39.358 [info] Getting sessions for all scopes...
2026-06-10 21:18:39.358 [info] Got 2 sessions for ...
2026-06-10 21:18:39.359 [info] Getting sessions for all scopes...
2026-06-10 21:18:39.359 [info] Got 2 sessions for ...
2026-06-10 21:18:39.360 [info] Getting sessions for all scopes...
2026-06-10 21:18:39.360 [info] Got 2 sessions for ...
2026-06-10 21:18:39.375 [info] Getting sessions for read:user,repo,user:email,workflow...
2026-06-10 21:18:39.375 [info] Got 1 sessions for read:user,repo,user:email,workflow...
2026-06-10 21:18:39.417 [info] Getting sessions for all scopes...
2026-06-10 21:18:39.417 [info] Got 2 sessions for ...
2026-06-10 21:18:39.417 [info] Getting sessions for all scopes...
2026-06-10 21:18:39.417 [info] Got 2 sessions for ...
2026-06-10 21:18:39.423 [info] Getting sessions for read:user,repo,user:email,workflow...
2026-06-10 21:18:39.423 [info] Got 1 sessions for read:user,repo,user:email,workflow...
2026-06-10 21:18:39.515 [info] Getting sessions for all scopes...
2026-06-10 21:18:39.515 [info] Got 2 sessions for ...
2026-06-10 21:18:39.515 [info] Getting sessions for all scopes...
2026-06-10 21:18:39.515 [info] Got 2 sessions for ...
2026-06-10 21:18:39.753 [info] Getting sessions for all scopes...
2026-06-10 21:18:39.753 [info] Got 2 sessions for ...
2026-06-10 21:18:39.754 [info] Getting sessions for read:user,repo,user:email,workflow...
2026-06-10 21:18:39.754 [info] Got 1 sessions for read:user,repo,user:email,workflow...
2026-06-10 21:18:39.765 [info] Getting sessions for all scopes...
2026-06-10 21:18:39.765 [info] Got 2 sessions for ...
2026-06-10 21:18:39.766 [info] Getting sessions for read:user,repo,user:email,workflow...
2026-06-10 21:18:39.766 [info] Got 1 sessions for read:user,repo,user:email,workflow...
2026-06-10 21:18:39.885 [info] FetcherService: Electron fetch failed with status: 429 
2026-06-10 21:18:39.886 [info] Unable to resolve optional EDU details. Status: 429 
2026-06-10 21:18:40.549 [info] Getting sessions for all scopes...
2026-06-10 21:18:40.549 [info] Got 2 sessions for ...
2026-06-10 21:18:40.549 [info] Getting sessions for read:user,repo,user:email,workflow...
2026-06-10 21:18:40.549 [info] Got 1 sessions for read:user,repo,user:email,workflow...
2026-06-10 21:18:44.294 [info] Getting sessions for all scopes...
2026-06-10 21:18:44.294 [info] Got 2 sessions for ...
2026-06-10 21:18:44.294 [info] Getting sessions for all scopes...
2026-06-10 21:18:44.294 [info] Got 2 sessions for ...
2026-06-10 21:20:19.131 [info] Getting sessions for all scopes...
2026-06-10 21:20:19.136 [info] Got 2 sessions for ...
2026-06-10 21:20:19.854 [info] Getting sessions for all scopes...
2026-06-10 21:20:19.854 [info] Got 2 sessions for ...
2026-06-10 21:20:20.445 [info] Getting sessions for all scopes...
2026-06-10 21:20:20.463 [info] Got 2 sessions for ...
2026-06-10 21:20:20.463 [info] Getting sessions for read:user,repo,user:email,workflow...
2026-06-10 21:20:20.464 [info] Got 1 sessions for read:user,repo,user:email,workflow...
2026-06-10 21:21:30.229 [info] Reading sessions from keychain...
2026-06-10 21:21:30.229 [info] Got stored sessions!
2026-06-10 21:21:30.229 [info] Got 2 verified sessions.
2026-06-10 21:21:30.229 [info] Getting sessions for all scopes...
2026-06-10 21:21:30.229 [info] Got 2 sessions for ...
2026-06-10 21:21:30.229 [info] Getting sessions for all scopes...
2026-06-10 21:21:30.229 [info] Got 2 sessions for ...
2026-06-10 21:21:30.229 [info] Getting sessions for all scopes...
2026-06-10 21:21:30.229 [info] Got 2 sessions for ...
2026-06-10 21:21:30.229 [info] Getting sessions for all scopes...
2026-06-10 21:21:30.229 [info] Got 2 sessions for ...
2026-06-10 21:21:30.229 [info] Getting sessions for all scopes...
2026-06-10 21:21:30.229 [info] Got 2 sessions for ...
2026-06-10 21:21:30.229 [info] Getting sessions for all scopes...
2026-06-10 21:21:30.229 [info] Got 2 sessions for ...
2026-06-10 21:21:30.229 [info] Getting sessions for all scopes...
2026-06-10 21:21:30.229 [info] Got 2 sessions for ...
2026-06-10 21:21:30.229 [info] Getting sessions for read:user,repo,user:email,workflow...
2026-06-10 21:21:30.229 [info] Got 1 sessions for read:user,repo,user:email,workflow...
2026-06-10 21:21:30.234 [info] Getting sessions for all scopes...
2026-06-10 21:21:30.234 [info] Got 2 sessions for ...
2026-06-10 21:21:30.240 [info] Getting sessions for read:user,repo,user:email,workflow...
2026-06-10 21:21:30.240 [info] Got 1 sessions for read:user,repo,user:email,workflow...
2026-06-10 21:21:30.969 [info] Getting sessions for all scopes...
2026-06-10 21:21:30.969 [info] Got 2 sessions for ...
2026-06-10 21:21:30.969 [info] Getting sessions for all scopes...
2026-06-10 21:21:30.969 [info] Got 2 sessions for ...
2026-06-10 21:21:30.978 [info] Getting sessions for read:user,repo,user:email,workflow...
2026-06-10 21:21:30.978 [info] Got 1 sessions for read:user,repo,user:email,workflow...
2026-06-10 21:21:31.041 [info] Getting sessions for all scopes...
2026-06-10 21:21:31.041 [info] Got 2 sessions for ...
2026-06-10 21:21:31.041 [info] Getting sessions for all scopes...
2026-06-10 21:21:31.041 [info] Got 2 sessions for ...
2026-06-10 21:21:31.043 [info] Getting sessions for read:user,repo,user:email,workflow...
2026-06-10 21:21:31.043 [info] Got 1 sessions for read:user,repo,user:email,workflow...
2026-06-10 21:21:31.127 [info] Getting sessions for read:user,repo,user:email,workflow...
2026-06-10 21:21:31.127 [info] Got 1 sessions for read:user,repo,user:email,workflow...
2026-06-10 21:21:31.276 [info] Getting sessions for all scopes...
2026-06-10 21:21:31.276 [info] Got 2 sessions for ...
2026-06-10 21:21:31.277 [info] Getting sessions for read:user,repo,user:email,workflow...
2026-06-10 21:21:31.277 [info] Got 1 sessions for read:user,repo,user:email,workflow...
2026-06-10 21:21:31.299 [info] Getting sessions for all scopes...
2026-06-10 21:21:31.299 [info] Got 2 sessions for ...
2026-06-10 21:21:31.299 [info] Getting sessions for read:user,repo,user:email,workflow...
2026-06-10 21:21:31.299 [info] Got 1 sessions for read:user,repo,user:email,workflow...
2026-06-10 21:21:31.350 [info] Getting sessions for all scopes...
2026-06-10 21:21:31.350 [info] Got 2 sessions for ...
2026-06-10 21:21:31.358 [info] Getting sessions for read:user,repo,user:email,workflow...
2026-06-10 21:21:31.358 [info] Got 1 sessions for read:user,repo,user:email,workflow...
2026-06-10 21:21:31.477 [info] FetcherService: Electron fetch failed with status: 429 
2026-06-10 21:21:31.478 [info] Unable to resolve optional EDU details. Status: 429 
2026-06-10 21:21:32.073 [info] Getting sessions for all scopes...
2026-06-10 21:21:32.073 [info] Got 2 sessions for ...
2026-06-10 21:21:32.074 [info] Getting sessions for read:user,repo,user:email,workflow...
2026-06-10 21:21:32.074 [info] Got 1 sessions for read:user,repo,user:email,workflow...
2026-06-10 21:21:32.110 [info] Getting sessions for all scopes...
2026-06-10 21:21:32.110 [info] Got 2 sessions for ...
2026-06-10 21:21:32.110 [info] Getting sessions for read:user,repo,user:email,workflow...
2026-06-10 21:21:32.110 [info] Got 1 sessions for read:user,repo,user:email,workflow...
