2026-06-10 21:29:51.548 [info] [main] Log level: Info
2026-06-10 21:29:51.571 [info] [main] Validating found git in: "/usr/bin/git"
2026-06-10 21:29:51.640 [info] [main] Using git "2.50.1 (Apple Git-155)" from "/usr/bin/git"
2026-06-10 21:29:51.640 [info] [Model][doInitialScan] Initial repository scan started
2026-06-10 21:29:51.676 [info] > git rev-parse --show-toplevel [33ms]
2026-06-10 21:29:51.715 [info] > git rev-parse --git-dir --git-common-dir --show-superproject-working-tree [38ms]
2026-06-10 21:29:51.722 [info] [Model][openRepository] Opened repository (path): /Users/francisblack/Downloads/Fedex
2026-06-10 21:29:51.722 [info] [Model][openRepository] Opened repository (real path): /Users/francisblack/Downloads/Fedex
2026-06-10 21:29:51.722 [info] [Model][openRepository] Opened repository (kind): repository
2026-06-10 21:29:51.747 [info] > git rev-parse --show-toplevel [21ms]
2026-06-10 21:29:51.759 [info] > git config --get commit.template [35ms]
2026-06-10 21:29:51.759 [info] > git config --get --local core.virtualfilesystem [35ms]
2026-06-10 21:29:51.759 [warning] [Git][config] git config failed: Failed to execute git
2026-06-10 21:29:51.766 [info] > git rev-parse --show-toplevel [17ms]
2026-06-10 21:29:51.778 [info] > git for-each-ref --format=%(refname)%00%(upstream:short)%00%(objectname)%00%(upstream:track)%00%(upstream:remotename)%00%(upstream:remoteref) --ignore-case refs/heads/main refs/remotes/main [50ms]
2026-06-10 21:29:51.781 [info] > git rev-parse --show-toplevel [15ms]
2026-06-10 21:29:51.794 [info] > git rev-parse --show-toplevel [12ms]
2026-06-10 21:29:51.800 [info] > git for-each-ref --sort -committerdate --format %(refname)%00%(objectname)%00%(*objectname) [20ms]
2026-06-10 21:29:51.803 [info] > git status -z -uall [23ms]
2026-06-10 21:29:51.815 [info] > git rev-parse --show-toplevel [21ms]
2026-06-10 21:29:52.300 [info] > git config --get commit.template [486ms]
2026-06-10 21:29:52.332 [info] > git rev-parse --show-toplevel [517ms]
2026-06-10 21:29:52.332 [info] > git for-each-ref --format=%(refname)%00%(upstream:short)%00%(objectname)%00%(upstream:track)%00%(upstream:remotename)%00%(upstream:remoteref) --ignore-case refs/heads/main refs/remotes/main [519ms]
2026-06-10 21:29:52.334 [info] > git for-each-ref --format=%(refname)%00%(upstream:short)%00%(objectname)%00%(upstream:track)%00%(upstream:remotename)%00%(upstream:remoteref) --ignore-case refs/heads/main refs/remotes/main [519ms]
2026-06-10 21:29:52.416 [info] > git check-ignore -v -z --stdin [114ms]
2026-06-10 21:29:52.419 [info] > git rev-parse --show-toplevel [72ms]
2026-06-10 21:29:52.422 [info] > git config --get --local branch.main.vscode-merge-base [88ms]
2026-06-10 21:29:52.429 [info] > git status -z -uall [75ms]
2026-06-10 21:29:52.431 [info] > git for-each-ref --sort -committerdate --format %(refname)%00%(objectname)%00%(*objectname) [75ms]
2026-06-10 21:29:52.439 [info] > git for-each-ref --format=%(refname)%00%(upstream:short)%00%(objectname)%00%(upstream:track)%00%(upstream:remotename)%00%(upstream:remoteref) --ignore-case refs/heads/origin/main refs/remotes/origin/main [16ms]
2026-06-10 21:29:52.445 [info] > git rev-parse --show-toplevel [24ms]
2026-06-10 21:29:52.481 [info] > git merge-base refs/heads/main refs/remotes/origin/main [41ms]
2026-06-10 21:29:52.501 [info] > git rev-parse --show-toplevel [55ms]
2026-06-10 21:29:52.504 [info] > git merge-base refs/heads/main refs/remotes/origin/main [63ms]
2026-06-10 21:29:52.577 [info] > git diff --raw --numstat --diff-filter=ADMR -z --find-renames=50% 71061aa55a03c7e0f5f3886489488796b159c719...refs/remotes/origin/main -- [94ms]
2026-06-10 21:29:52.580 [info] > git rev-parse --show-toplevel [76ms]
2026-06-10 21:29:52.581 [info] > git diff --raw --numstat --diff-filter=ADMR -z --find-renames=50% 71061aa55a03c7e0f5f3886489488796b159c719...refs/remotes/origin/main -- [75ms]
2026-06-10 21:29:52.604 [info] > git rev-parse --show-toplevel [23ms]
2026-06-10 21:29:52.619 [info] > git rev-parse --show-toplevel [14ms]
2026-06-10 21:29:52.637 [info] > git rev-parse --show-toplevel [18ms]
2026-06-10 21:29:52.638 [info] [Model][doInitialScan] Initial repository scan completed - repositories (1), closed repositories (0), parent repositories (0), unsafe repositories (0)
2026-06-10 21:29:54.227 [info] > git check-ignore -v -z --stdin [136ms]
2026-06-10 21:29:54.282 [info] > git ls-files --stage -- index.html [39ms]
2026-06-10 21:29:54.309 [info] > git show --textconv :index.html [66ms]
2026-06-10 21:29:54.310 [info] > git cat-file -s a6d5bc65535b10204b1907c85c088824d89ae8ef [27ms]
2026-06-10 21:29:54.459 [info] > git check-ignore -v -z --stdin [34ms]
2026-06-10 21:29:54.495 [info] > git config --get commit.template [39ms]
2026-06-10 21:29:54.504 [info] > git for-each-ref --format=%(refname)%00%(upstream:short)%00%(objectname)%00%(upstream:track)%00%(upstream:remotename)%00%(upstream:remoteref) --ignore-case refs/heads/main refs/remotes/main [39ms]
2026-06-10 21:29:54.563 [info] > git for-each-ref --sort -committerdate --format %(refname)%00%(objectname)%00%(*objectname) [57ms]
2026-06-10 21:29:54.613 [info] > git status -z -uall [108ms]
2026-06-10 21:29:57.075 [info] > git check-ignore -v -z --stdin [71ms]
2026-06-10 21:29:59.025 [info] > git check-ignore -v -z --stdin [34ms]
2026-06-10 21:29:59.733 [info] > git blame --root --incremental 71061aa55a03c7e0f5f3886489488796b159c719 -- index.html [5299ms]
2026-06-10 21:30:04.500 [info] > git check-ignore -v -z --stdin [27ms]
2026-06-10 21:30:07.945 [info] > git check-ignore -v -z --stdin [58ms]
2026-06-10 21:30:14.125 [info] > git check-ignore -v -z --stdin [32ms]
2026-06-10 21:30:27.994 [info] > git check-ignore -v -z --stdin [80ms]
2026-06-10 21:30:31.658 [info] > git check-ignore -v -z --stdin [18ms]
2026-06-10 21:31:10.852 [info] > git merge-base HEAD @{upstream} [250ms]
2026-06-10 21:31:10.874 [info] > git config --get --local core.virtualfilesystem [13ms]
2026-06-10 21:31:10.874 [warning] [Git][config] git config failed: Failed to execute git
2026-06-10 21:31:10.920 [info] > git config --get --local core.sparsecheckout [46ms]
2026-06-10 21:31:10.920 [warning] [Git][config] git config failed: Failed to execute git
2026-06-10 21:31:11.089 [info] > git show -s --decorate=full --shortstat --format=%H%n%aN%n%aE%n%at%n%ct%n%P%n%D%n%B -z 71061aa55a03c7e0f5f3886489488796b159c719 -- [166ms]
2026-06-10 21:31:11.120 [info] > git log --format=%H%n%aN%n%aE%n%at%n%ct%n%P%n%D%n%B -z 71061aa55a03c7e0f5f3886489488796b159c719..HEAD [30ms]
2026-06-10 21:31:11.366 [info] > git diff --name-status -z --diff-filter=ADMR 71061aa55a03c7e0f5f3886489488796b159c719 -- [44ms]
2026-06-10 21:31:11.383 [info] > git diff 71061aa55a03c7e0f5f3886489488796b159c719 -- .DS_Store [16ms]
2026-06-10 21:31:11.401 [info] > git diff 71061aa55a03c7e0f5f3886489488796b159c719 -- best_posts_cache.json [17ms]
2026-06-10 21:31:11.458 [info] > git diff 71061aa55a03c7e0f5f3886489488796b159c719 -- data/combined_small.json [56ms]
2026-06-10 21:31:11.480 [info] > git diff 71061aa55a03c7e0f5f3886489488796b159c719 -- data/samples/master_locations_sample.json [22ms]
2026-06-10 21:31:11.508 [info] > git diff 71061aa55a03c7e0f5f3886489488796b159c719 -- data/samples/master_pois_sample.json [27ms]
2026-06-10 21:31:11.525 [info] > git diff 71061aa55a03c7e0f5f3886489488796b159c719 -- package-lock.json [16ms]
2026-06-10 21:31:11.540 [info] > git diff 71061aa55a03c7e0f5f3886489488796b159c719 -- package.json [14ms]
2026-06-10 21:31:11.555 [info] > git diff 71061aa55a03c7e0f5f3886489488796b159c719 -- pois/manifest.json [15ms]
2026-06-10 21:31:11.694 [info] > git diff 71061aa55a03c7e0f5f3886489488796b159c719 -- pois/places.json.bak.1780688705735 [133ms]
2026-06-10 21:31:11.963 [info] > git diff 71061aa55a03c7e0f5f3886489488796b159c719 -- pois/places.json.bak.1780688706487 [262ms]
2026-06-10 21:31:12.215 [info] > git diff 71061aa55a03c7e0f5f3886489488796b159c719 -- pois/places.json.bak.1780688708518 [246ms]
2026-06-10 21:31:12.233 [info] > git diff 71061aa55a03c7e0f5f3886489488796b159c719 -- top_liked_cache.json [17ms]
2026-06-10 21:31:12.256 [info] > git diff 71061aa55a03c7e0f5f3886489488796b159c719 -- wifi_database.json [22ms]
2026-06-10 21:31:12.624 [info] > git config --get commit.template [20ms]
2026-06-10 21:31:12.625 [info] > git for-each-ref --format=%(refname)%00%(upstream:short)%00%(objectname)%00%(upstream:track)%00%(upstream:remotename)%00%(upstream:remoteref) --ignore-case refs/heads/main refs/remotes/main [20ms]
2026-06-10 21:31:12.642 [info] > git for-each-ref --sort -committerdate --format %(refname)%00%(objectname)%00%(*objectname) [15ms]
2026-06-10 21:31:12.645 [info] > git status -z -uall [19ms]
2026-06-10 21:31:12.997 [info] > git check-ignore -v -z --stdin [30ms]
