2026-06-10 22:18:29.102 [info] [main] Log level: Info
2026-06-10 22:18:29.114 [info] [main] Validating found git in: "/usr/bin/git"
2026-06-10 22:18:29.163 [info] [main] Using git "2.50.1 (Apple Git-155)" from "/usr/bin/git"
2026-06-10 22:18:29.163 [info] [Model][doInitialScan] Initial repository scan started
2026-06-10 22:18:29.202 [info] > git rev-parse --show-toplevel [37ms]
2026-06-10 22:18:29.274 [info] > git rev-parse --git-dir --git-common-dir --show-superproject-working-tree [41ms]
2026-06-10 22:18:29.279 [info] [Model][openRepository] Opened repository (path): /Users/francisblack/Downloads/Fedex
2026-06-10 22:18:29.279 [info] [Model][openRepository] Opened repository (real path): /Users/francisblack/Downloads/Fedex
2026-06-10 22:18:29.279 [info] [Model][openRepository] Opened repository (kind): repository
2026-06-10 22:18:29.314 [info] > git config --get --local core.virtualfilesystem [33ms]
2026-06-10 22:18:29.315 [warning] [Git][config] git config failed: Failed to execute git
2026-06-10 22:18:29.315 [info] > git config --get commit.template [32ms]
2026-06-10 22:18:29.319 [info] > git rev-parse --show-toplevel [34ms]
2026-06-10 22:18:29.743 [info] > git rev-parse --show-toplevel [423ms]
2026-06-10 22:18:29.743 [info] > git for-each-ref --format=%(refname)%00%(upstream:short)%00%(objectname)%00%(upstream:track)%00%(upstream:remotename)%00%(upstream:remoteref) --ignore-case refs/heads/main refs/remotes/main [455ms]
2026-06-10 22:18:29.851 [info] > git rev-parse --show-toplevel [93ms]
2026-06-10 22:18:29.893 [info] > git check-ignore -v -z --stdin [117ms]
2026-06-10 22:18:29.895 [info] > git status -z -uall [114ms]
2026-06-10 22:18:29.897 [info] > git check-ignore -v -z --stdin [44ms]
2026-06-10 22:18:29.902 [info] > git rev-parse --show-toplevel [38ms]
2026-06-10 22:18:29.903 [info] > git for-each-ref --sort -committerdate --format %(refname)%00%(objectname)%00%(*objectname) [120ms]
2026-06-10 22:18:29.927 [info] > git rev-parse --show-toplevel [24ms]
2026-06-10 22:18:29.938 [info] > git for-each-ref --format=%(refname)%00%(upstream:short)%00%(objectname)%00%(upstream:track)%00%(upstream:remotename)%00%(upstream:remoteref) --ignore-case refs/heads/main refs/remotes/main [30ms]
2026-06-10 22:18:29.941 [info] > git config --get commit.template [23ms]
2026-06-10 22:18:29.951 [info] > git rev-parse --show-toplevel [22ms]
2026-06-10 22:18:29.955 [info] > git for-each-ref --format=%(refname)%00%(upstream:short)%00%(objectname)%00%(upstream:track)%00%(upstream:remotename)%00%(upstream:remoteref) --ignore-case refs/heads/main refs/remotes/main [29ms]
2026-06-10 22:18:29.964 [info] > git config --get --local branch.main.vscode-merge-base [24ms]
2026-06-10 22:18:29.978 [info] > git rev-parse --show-toplevel [25ms]
2026-06-10 22:18:29.981 [info] > git for-each-ref --sort -committerdate --format %(refname)%00%(objectname)%00%(*objectname) [25ms]
2026-06-10 22:18:29.986 [info] > git status -z -uall [30ms]
2026-06-10 22:18:29.994 [info] > git for-each-ref --format=%(refname)%00%(upstream:short)%00%(objectname)%00%(upstream:track)%00%(upstream:remotename)%00%(upstream:remoteref) --ignore-case refs/heads/origin/main refs/remotes/origin/main [29ms]
2026-06-10 22:18:30.004 [info] > git rev-parse --show-toplevel [23ms]
2026-06-10 22:18:30.016 [info] > git merge-base refs/heads/main refs/remotes/origin/main [18ms]
2026-06-10 22:18:30.019 [info] > git merge-base refs/heads/main refs/remotes/origin/main [23ms]
2026-06-10 22:18:30.023 [info] > git rev-parse --show-toplevel [17ms]
2026-06-10 22:18:30.038 [info] > git diff --raw --numstat --diff-filter=ADMR -z --find-renames=50% c1f0de88daf639a7866d4f6bc06ef593080dd5ca...refs/remotes/origin/main -- [20ms]
2026-06-10 22:18:30.040 [info] > git diff --raw --numstat --diff-filter=ADMR -z --find-renames=50% c1f0de88daf639a7866d4f6bc06ef593080dd5ca...refs/remotes/origin/main -- [19ms]
2026-06-10 22:18:30.040 [info] > git rev-parse --show-toplevel [16ms]
2026-06-10 22:18:30.058 [info] > git rev-parse --show-toplevel [17ms]
2026-06-10 22:18:30.059 [info] [Model][doInitialScan] Initial repository scan completed - repositories (1), closed repositories (0), parent repositories (0), unsafe repositories (0)
2026-06-10 22:18:30.089 [info] > git ls-files --stage -- index.html [29ms]
2026-06-10 22:18:30.093 [info] > git config --get commit.template [29ms]
2026-06-10 22:18:30.097 [info] > git for-each-ref --format=%(refname)%00%(upstream:short)%00%(objectname)%00%(upstream:track)%00%(upstream:remotename)%00%(upstream:remoteref) --ignore-case refs/heads/main refs/remotes/main [29ms]
2026-06-10 22:18:30.105 [info] > git show --textconv :index.html [45ms]
2026-06-10 22:18:30.109 [info] > git cat-file -s f5736b67b7e5718cafea8837c589f302bb2451e4 [18ms]
2026-06-10 22:18:30.121 [info] > git status -z -uall [23ms]
2026-06-10 22:18:30.124 [info] > git for-each-ref --sort -committerdate --format %(refname)%00%(objectname)%00%(*objectname) [26ms]
2026-06-10 22:18:30.206 [info] > git check-ignore -v -z --stdin [27ms]
2026-06-10 22:18:30.445 [info] > git check-ignore -v -z --stdin [13ms]
2026-06-10 22:18:33.912 [info] > git blame --root --incremental c1f0de88daf639a7866d4f6bc06ef593080dd5ca -- index.html [3723ms]
2026-06-10 22:18:35.008 [info] > git merge-base HEAD @{upstream} [19ms]
2026-06-10 22:18:35.018 [info] > git config --get --local core.virtualfilesystem [9ms]
2026-06-10 22:18:35.018 [warning] [Git][config] git config failed: Failed to execute git
2026-06-10 22:18:35.028 [info] > git config --get --local core.sparsecheckout [9ms]
2026-06-10 22:18:35.028 [warning] [Git][config] git config failed: Failed to execute git
2026-06-10 22:18:35.055 [info] > git show -s --decorate=full --shortstat --format=%H%n%aN%n%aE%n%at%n%ct%n%P%n%D%n%B -z c1f0de88daf639a7866d4f6bc06ef593080dd5ca -- [26ms]
2026-06-10 22:18:35.069 [info] > git log --format=%H%n%aN%n%aE%n%at%n%ct%n%P%n%D%n%B -z c1f0de88daf639a7866d4f6bc06ef593080dd5ca..HEAD [13ms]
2026-06-10 22:18:35.095 [info] > git diff --name-status -z --diff-filter=ADMR c1f0de88daf639a7866d4f6bc06ef593080dd5ca -- [14ms]
2026-06-10 22:18:35.106 [info] > git diff c1f0de88daf639a7866d4f6bc06ef593080dd5ca -- .DS_Store [10ms]
2026-06-10 22:18:35.117 [info] > git diff c1f0de88daf639a7866d4f6bc06ef593080dd5ca -- best_posts_cache.json [11ms]
2026-06-10 22:18:35.131 [info] > git diff c1f0de88daf639a7866d4f6bc06ef593080dd5ca -- data/combined_small.json [13ms]
2026-06-10 22:18:35.141 [info] > git diff c1f0de88daf639a7866d4f6bc06ef593080dd5ca -- functions/README_POI_INGEST.md [10ms]
2026-06-10 22:18:35.152 [info] > git diff c1f0de88daf639a7866d4f6bc06ef593080dd5ca -- functions/README_SERVER_PROVISION.md [10ms]
2026-06-10 22:18:35.164 [info] > git diff c1f0de88daf639a7866d4f6bc06ef593080dd5ca -- functions/index.js [11ms]
2026-06-10 22:18:35.175 [info] > git diff c1f0de88daf639a7866d4f6bc06ef593080dd5ca -- functions/ingest_pois.sh [11ms]
2026-06-10 22:18:35.189 [info] > git diff c1f0de88daf639a7866d4f6bc06ef593080dd5ca -- functions/package-lock.json [14ms]
2026-06-10 22:18:35.201 [info] > git diff c1f0de88daf639a7866d4f6bc06ef593080dd5ca -- functions/package.json [11ms]
2026-06-10 22:18:35.212 [info] > git diff c1f0de88daf639a7866d4f6bc06ef593080dd5ca -- functions/pois.js [10ms]
2026-06-10 22:18:35.226 [info] > git diff c1f0de88daf639a7866d4f6bc06ef593080dd5ca -- functions/provision_poi_server.sh [14ms]
2026-06-10 22:18:35.240 [info] > git diff c1f0de88daf639a7866d4f6bc06ef593080dd5ca -- functions/sql/create_pois_table.sql [14ms]
2026-06-10 22:18:35.252 [info] > git diff c1f0de88daf639a7866d4f6bc06ef593080dd5ca -- package-lock.json [12ms]
2026-06-10 22:18:35.264 [info] > git diff c1f0de88daf639a7866d4f6bc06ef593080dd5ca -- package.json [11ms]
2026-06-10 22:18:35.276 [info] > git diff c1f0de88daf639a7866d4f6bc06ef593080dd5ca -- pois/manifest.json [12ms]
2026-06-10 22:18:35.355 [info] > git diff c1f0de88daf639a7866d4f6bc06ef593080dd5ca -- pois/places.json.bak.1780688705735 [73ms]
2026-06-10 22:18:35.568 [info] > git diff c1f0de88daf639a7866d4f6bc06ef593080dd5ca -- pois/places.json.bak.1780688706487 [207ms]
2026-06-10 22:18:35.782 [info] > git diff c1f0de88daf639a7866d4f6bc06ef593080dd5ca -- pois/places.json.bak.1780688708518 [206ms]
2026-06-10 22:18:35.799 [info] > git diff c1f0de88daf639a7866d4f6bc06ef593080dd5ca -- recordings/demo_hq_149bdfa.webm [17ms]
2026-06-10 22:18:35.812 [info] > git diff c1f0de88daf639a7866d4f6bc06ef593080dd5ca -- recordings/trigger.txt [12ms]
2026-06-10 22:18:35.823 [info] > git diff c1f0de88daf639a7866d4f6bc06ef593080dd5ca -- top_liked_cache.json [11ms]
2026-06-10 22:18:35.837 [info] > git diff c1f0de88daf639a7866d4f6bc06ef593080dd5ca -- wifi_database.json [13ms]
2026-06-10 22:18:59.973 [info] > git merge-base HEAD @{upstream} [49ms]
2026-06-10 22:18:59.983 [info] > git config --get --local core.virtualfilesystem [9ms]
2026-06-10 22:18:59.983 [warning] [Git][config] git config failed: Failed to execute git
2026-06-10 22:18:59.992 [info] > git config --get --local core.sparsecheckout [9ms]
2026-06-10 22:18:59.992 [warning] [Git][config] git config failed: Failed to execute git
2026-06-10 22:19:00.027 [info] > git show -s --decorate=full --shortstat --format=%H%n%aN%n%aE%n%at%n%ct%n%P%n%D%n%B -z c1f0de88daf639a7866d4f6bc06ef593080dd5ca -- [34ms]
2026-06-10 22:19:00.042 [info] > git log --format=%H%n%aN%n%aE%n%at%n%ct%n%P%n%D%n%B -z c1f0de88daf639a7866d4f6bc06ef593080dd5ca..HEAD [14ms]
2026-06-10 22:19:00.059 [info] > git diff --name-status -z --diff-filter=ADMR c1f0de88daf639a7866d4f6bc06ef593080dd5ca -- [16ms]
2026-06-10 22:19:00.072 [info] > git diff c1f0de88daf639a7866d4f6bc06ef593080dd5ca -- .DS_Store [13ms]
2026-06-10 22:19:00.085 [info] > git diff c1f0de88daf639a7866d4f6bc06ef593080dd5ca -- best_posts_cache.json [12ms]
2026-06-10 22:19:00.100 [info] > git diff c1f0de88daf639a7866d4f6bc06ef593080dd5ca -- data/combined_small.json [14ms]
2026-06-10 22:19:00.114 [info] > git diff c1f0de88daf639a7866d4f6bc06ef593080dd5ca -- functions/README_POI_INGEST.md [13ms]
2026-06-10 22:19:00.126 [info] > git diff c1f0de88daf639a7866d4f6bc06ef593080dd5ca -- functions/README_SERVER_PROVISION.md [12ms]
2026-06-10 22:19:00.138 [info] > git diff c1f0de88daf639a7866d4f6bc06ef593080dd5ca -- functions/index.js [11ms]
2026-06-10 22:19:00.150 [info] > git diff c1f0de88daf639a7866d4f6bc06ef593080dd5ca -- functions/ingest_pois.sh [11ms]
2026-06-10 22:19:00.162 [info] > git diff c1f0de88daf639a7866d4f6bc06ef593080dd5ca -- functions/package-lock.json [12ms]
2026-06-10 22:19:00.176 [info] > git diff c1f0de88daf639a7866d4f6bc06ef593080dd5ca -- functions/package.json [13ms]
2026-06-10 22:19:00.187 [info] > git diff c1f0de88daf639a7866d4f6bc06ef593080dd5ca -- functions/pois.js [11ms]
2026-06-10 22:19:00.200 [info] > git diff c1f0de88daf639a7866d4f6bc06ef593080dd5ca -- functions/provision_poi_server.sh [12ms]
2026-06-10 22:19:00.213 [info] > git diff c1f0de88daf639a7866d4f6bc06ef593080dd5ca -- functions/sql/create_pois_table.sql [13ms]
2026-06-10 22:19:00.226 [info] > git diff c1f0de88daf639a7866d4f6bc06ef593080dd5ca -- package-lock.json [12ms]
2026-06-10 22:19:00.238 [info] > git diff c1f0de88daf639a7866d4f6bc06ef593080dd5ca -- package.json [11ms]
2026-06-10 22:19:00.249 [info] > git diff c1f0de88daf639a7866d4f6bc06ef593080dd5ca -- pois/manifest.json [10ms]
2026-06-10 22:19:00.309 [info] > git diff c1f0de88daf639a7866d4f6bc06ef593080dd5ca -- pois/places.json.bak.1780688705735 [53ms]
2026-06-10 22:19:00.499 [info] > git diff c1f0de88daf639a7866d4f6bc06ef593080dd5ca -- pois/places.json.bak.1780688706487 [184ms]
2026-06-10 22:19:00.673 [info] > git diff c1f0de88daf639a7866d4f6bc06ef593080dd5ca -- pois/places.json.bak.1780688708518 [168ms]
2026-06-10 22:19:00.685 [info] > git diff c1f0de88daf639a7866d4f6bc06ef593080dd5ca -- recordings/demo_hq_149bdfa.webm [11ms]
2026-06-10 22:19:00.695 [info] > git diff c1f0de88daf639a7866d4f6bc06ef593080dd5ca -- recordings/trigger.txt [9ms]
2026-06-10 22:19:00.706 [info] > git diff c1f0de88daf639a7866d4f6bc06ef593080dd5ca -- top_liked_cache.json [10ms]
2026-06-10 22:19:00.717 [info] > git diff c1f0de88daf639a7866d4f6bc06ef593080dd5ca -- wifi_database.json [11ms]
2026-06-10 22:19:32.311 [info] > git merge-base HEAD @{upstream} [20ms]
2026-06-10 22:19:32.322 [info] > git config --get --local core.virtualfilesystem [9ms]
2026-06-10 22:19:32.322 [warning] [Git][config] git config failed: Failed to execute git
2026-06-10 22:19:32.332 [info] > git config --get --local core.sparsecheckout [10ms]
2026-06-10 22:19:32.332 [warning] [Git][config] git config failed: Failed to execute git
2026-06-10 22:19:32.361 [info] > git show -s --decorate=full --shortstat --format=%H%n%aN%n%aE%n%at%n%ct%n%P%n%D%n%B -z c1f0de88daf639a7866d4f6bc06ef593080dd5ca -- [28ms]
2026-06-10 22:19:32.376 [info] > git log --format=%H%n%aN%n%aE%n%at%n%ct%n%P%n%D%n%B -z c1f0de88daf639a7866d4f6bc06ef593080dd5ca..HEAD [14ms]
2026-06-10 22:19:32.391 [info] > git diff --name-status -z --diff-filter=ADMR c1f0de88daf639a7866d4f6bc06ef593080dd5ca -- [13ms]
2026-06-10 22:19:32.403 [info] > git diff c1f0de88daf639a7866d4f6bc06ef593080dd5ca -- .DS_Store [12ms]
2026-06-10 22:19:32.414 [info] > git diff c1f0de88daf639a7866d4f6bc06ef593080dd5ca -- best_posts_cache.json [11ms]
2026-06-10 22:19:32.428 [info] > git diff c1f0de88daf639a7866d4f6bc06ef593080dd5ca -- data/combined_small.json [13ms]
2026-06-10 22:19:32.440 [info] > git diff c1f0de88daf639a7866d4f6bc06ef593080dd5ca -- functions/README_POI_INGEST.md [11ms]
2026-06-10 22:19:32.452 [info] > git diff c1f0de88daf639a7866d4f6bc06ef593080dd5ca -- functions/README_SERVER_PROVISION.md [11ms]
2026-06-10 22:19:32.464 [info] > git diff c1f0de88daf639a7866d4f6bc06ef593080dd5ca -- functions/index.js [12ms]
2026-06-10 22:19:32.476 [info] > git diff c1f0de88daf639a7866d4f6bc06ef593080dd5ca -- functions/ingest_pois.sh [11ms]
2026-06-10 22:19:32.491 [info] > git diff c1f0de88daf639a7866d4f6bc06ef593080dd5ca -- functions/package-lock.json [12ms]
2026-06-10 22:19:32.502 [info] > git diff c1f0de88daf639a7866d4f6bc06ef593080dd5ca -- functions/package.json [10ms]
2026-06-10 22:19:32.513 [info] > git diff c1f0de88daf639a7866d4f6bc06ef593080dd5ca -- functions/pois.js [10ms]
2026-06-10 22:19:32.523 [info] > git diff c1f0de88daf639a7866d4f6bc06ef593080dd5ca -- functions/provision_poi_server.sh [10ms]
2026-06-10 22:19:32.533 [info] > git diff c1f0de88daf639a7866d4f6bc06ef593080dd5ca -- functions/sql/create_pois_table.sql [10ms]
2026-06-10 22:19:32.544 [info] > git diff c1f0de88daf639a7866d4f6bc06ef593080dd5ca -- package-lock.json [10ms]
2026-06-10 22:19:32.554 [info] > git diff c1f0de88daf639a7866d4f6bc06ef593080dd5ca -- package.json [10ms]
2026-06-10 22:19:32.564 [info] > git diff c1f0de88daf639a7866d4f6bc06ef593080dd5ca -- pois/manifest.json [10ms]
2026-06-10 22:19:32.626 [info] > git diff c1f0de88daf639a7866d4f6bc06ef593080dd5ca -- pois/places.json.bak.1780688705735 [55ms]
2026-06-10 22:19:32.816 [info] > git diff c1f0de88daf639a7866d4f6bc06ef593080dd5ca -- pois/places.json.bak.1780688706487 [184ms]
2026-06-10 22:19:32.992 [info] > git diff c1f0de88daf639a7866d4f6bc06ef593080dd5ca -- pois/places.json.bak.1780688708518 [172ms]
2026-06-10 22:19:33.006 [info] > git diff c1f0de88daf639a7866d4f6bc06ef593080dd5ca -- recordings/demo_hq_149bdfa.webm [13ms]
2026-06-10 22:19:33.018 [info] > git diff c1f0de88daf639a7866d4f6bc06ef593080dd5ca -- recordings/trigger.txt [11ms]
2026-06-10 22:19:33.029 [info] > git diff c1f0de88daf639a7866d4f6bc06ef593080dd5ca -- top_liked_cache.json [11ms]
2026-06-10 22:19:33.041 [info] > git diff c1f0de88daf639a7866d4f6bc06ef593080dd5ca -- wifi_database.json [11ms]
2026-06-10 22:19:38.725 [info] > git merge-base HEAD @{upstream} [53ms]
2026-06-10 22:19:38.738 [info] > git config --get --local core.virtualfilesystem [11ms]
2026-06-10 22:19:38.738 [warning] [Git][config] git config failed: Failed to execute git
2026-06-10 22:19:38.748 [info] > git config --get --local core.sparsecheckout [9ms]
2026-06-10 22:19:38.748 [warning] [Git][config] git config failed: Failed to execute git
2026-06-10 22:19:38.779 [info] > git show -s --decorate=full --shortstat --format=%H%n%aN%n%aE%n%at%n%ct%n%P%n%D%n%B -z c1f0de88daf639a7866d4f6bc06ef593080dd5ca -- [30ms]
2026-06-10 22:19:38.794 [info] > git log --format=%H%n%aN%n%aE%n%at%n%ct%n%P%n%D%n%B -z c1f0de88daf639a7866d4f6bc06ef593080dd5ca..HEAD [15ms]
2026-06-10 22:19:38.806 [info] > git diff --name-status -z --diff-filter=ADMR c1f0de88daf639a7866d4f6bc06ef593080dd5ca -- [12ms]
2026-06-10 22:19:38.820 [info] > git diff c1f0de88daf639a7866d4f6bc06ef593080dd5ca -- .DS_Store [13ms]
2026-06-10 22:19:38.831 [info] > git diff c1f0de88daf639a7866d4f6bc06ef593080dd5ca -- best_posts_cache.json [11ms]
2026-06-10 22:19:38.843 [info] > git diff c1f0de88daf639a7866d4f6bc06ef593080dd5ca -- data/combined_small.json [12ms]
2026-06-10 22:19:38.854 [info] > git diff c1f0de88daf639a7866d4f6bc06ef593080dd5ca -- functions/README_POI_INGEST.md [10ms]
2026-06-10 22:19:38.866 [info] > git diff c1f0de88daf639a7866d4f6bc06ef593080dd5ca -- functions/README_SERVER_PROVISION.md [11ms]
2026-06-10 22:19:38.878 [info] > git diff c1f0de88daf639a7866d4f6bc06ef593080dd5ca -- functions/index.js [11ms]
2026-06-10 22:19:38.889 [info] > git diff c1f0de88daf639a7866d4f6bc06ef593080dd5ca -- functions/ingest_pois.sh [11ms]
2026-06-10 22:19:38.901 [info] > git diff c1f0de88daf639a7866d4f6bc06ef593080dd5ca -- functions/package-lock.json [11ms]
2026-06-10 22:19:38.913 [info] > git diff c1f0de88daf639a7866d4f6bc06ef593080dd5ca -- functions/package.json [11ms]
2026-06-10 22:19:38.924 [info] > git diff c1f0de88daf639a7866d4f6bc06ef593080dd5ca -- functions/pois.js [11ms]
2026-06-10 22:19:38.936 [info] > git diff c1f0de88daf639a7866d4f6bc06ef593080dd5ca -- functions/provision_poi_server.sh [11ms]
2026-06-10 22:19:38.948 [info] > git diff c1f0de88daf639a7866d4f6bc06ef593080dd5ca -- functions/sql/create_pois_table.sql [11ms]
2026-06-10 22:19:38.960 [info] > git diff c1f0de88daf639a7866d4f6bc06ef593080dd5ca -- package-lock.json [11ms]
2026-06-10 22:19:38.971 [info] > git diff c1f0de88daf639a7866d4f6bc06ef593080dd5ca -- package.json [10ms]
2026-06-10 22:19:38.983 [info] > git diff c1f0de88daf639a7866d4f6bc06ef593080dd5ca -- pois/manifest.json [11ms]
2026-06-10 22:19:39.045 [info] > git diff c1f0de88daf639a7866d4f6bc06ef593080dd5ca -- pois/places.json.bak.1780688705735 [56ms]
2026-06-10 22:19:39.220 [info] > git diff c1f0de88daf639a7866d4f6bc06ef593080dd5ca -- pois/places.json.bak.1780688706487 [170ms]
2026-06-10 22:19:39.412 [info] > git diff c1f0de88daf639a7866d4f6bc06ef593080dd5ca -- pois/places.json.bak.1780688708518 [186ms]
2026-06-10 22:19:39.426 [info] > git diff c1f0de88daf639a7866d4f6bc06ef593080dd5ca -- recordings/demo_hq_149bdfa.webm [13ms]
2026-06-10 22:19:39.438 [info] > git diff c1f0de88daf639a7866d4f6bc06ef593080dd5ca -- recordings/trigger.txt [11ms]
2026-06-10 22:19:39.451 [info] > git diff c1f0de88daf639a7866d4f6bc06ef593080dd5ca -- top_liked_cache.json [12ms]
2026-06-10 22:19:39.465 [info] > git diff c1f0de88daf639a7866d4f6bc06ef593080dd5ca -- wifi_database.json [13ms]
2026-06-10 22:19:45.120 [info] > git merge-base HEAD @{upstream} [20ms]
2026-06-10 22:19:45.134 [info] > git config --get --local core.virtualfilesystem [14ms]
2026-06-10 22:19:45.134 [warning] [Git][config] git config failed: Failed to execute git
2026-06-10 22:19:45.148 [info] > git config --get --local core.sparsecheckout [13ms]
2026-06-10 22:19:45.148 [warning] [Git][config] git config failed: Failed to execute git
2026-06-10 22:19:45.179 [info] > git show -s --decorate=full --shortstat --format=%H%n%aN%n%aE%n%at%n%ct%n%P%n%D%n%B -z c1f0de88daf639a7866d4f6bc06ef593080dd5ca -- [30ms]
2026-06-10 22:19:45.197 [info] > git log --format=%H%n%aN%n%aE%n%at%n%ct%n%P%n%D%n%B -z c1f0de88daf639a7866d4f6bc06ef593080dd5ca..HEAD [17ms]
2026-06-10 22:19:45.212 [info] > git diff --name-status -z --diff-filter=ADMR c1f0de88daf639a7866d4f6bc06ef593080dd5ca -- [15ms]
2026-06-10 22:19:45.226 [info] > git diff c1f0de88daf639a7866d4f6bc06ef593080dd5ca -- .DS_Store [13ms]
2026-06-10 22:19:45.241 [info] > git diff c1f0de88daf639a7866d4f6bc06ef593080dd5ca -- best_posts_cache.json [15ms]
2026-06-10 22:19:45.258 [info] > git diff c1f0de88daf639a7866d4f6bc06ef593080dd5ca -- data/combined_small.json [16ms]
2026-06-10 22:19:45.269 [info] > git diff c1f0de88daf639a7866d4f6bc06ef593080dd5ca -- functions/README_POI_INGEST.md [10ms]
2026-06-10 22:19:45.279 [info] > git diff c1f0de88daf639a7866d4f6bc06ef593080dd5ca -- functions/README_SERVER_PROVISION.md [10ms]
2026-06-10 22:19:45.290 [info] > git diff c1f0de88daf639a7866d4f6bc06ef593080dd5ca -- functions/index.js [10ms]
2026-06-10 22:19:45.300 [info] > git diff c1f0de88daf639a7866d4f6bc06ef593080dd5ca -- functions/ingest_pois.sh [10ms]
2026-06-10 22:19:45.311 [info] > git diff c1f0de88daf639a7866d4f6bc06ef593080dd5ca -- functions/package-lock.json [10ms]
2026-06-10 22:19:45.321 [info] > git diff c1f0de88daf639a7866d4f6bc06ef593080dd5ca -- functions/package.json [9ms]
2026-06-10 22:19:45.331 [info] > git diff c1f0de88daf639a7866d4f6bc06ef593080dd5ca -- functions/pois.js [10ms]
2026-06-10 22:19:45.340 [info] > git diff c1f0de88daf639a7866d4f6bc06ef593080dd5ca -- functions/provision_poi_server.sh [9ms]
2026-06-10 22:19:45.350 [info] > git diff c1f0de88daf639a7866d4f6bc06ef593080dd5ca -- functions/sql/create_pois_table.sql [9ms]
2026-06-10 22:19:45.362 [info] > git diff c1f0de88daf639a7866d4f6bc06ef593080dd5ca -- package-lock.json [11ms]
2026-06-10 22:19:45.373 [info] > git diff c1f0de88daf639a7866d4f6bc06ef593080dd5ca -- package.json [10ms]
2026-06-10 22:19:45.383 [info] > git diff c1f0de88daf639a7866d4f6bc06ef593080dd5ca -- pois/manifest.json [10ms]
2026-06-10 22:19:45.439 [info] > git diff c1f0de88daf639a7866d4f6bc06ef593080dd5ca -- pois/places.json.bak.1780688705735 [50ms]
2026-06-10 22:19:45.609 [info] > git diff c1f0de88daf639a7866d4f6bc06ef593080dd5ca -- pois/places.json.bak.1780688706487 [165ms]
2026-06-10 22:19:45.805 [info] > git diff c1f0de88daf639a7866d4f6bc06ef593080dd5ca -- pois/places.json.bak.1780688708518 [190ms]
2026-06-10 22:19:45.818 [info] > git diff c1f0de88daf639a7866d4f6bc06ef593080dd5ca -- recordings/demo_hq_149bdfa.webm [13ms]
2026-06-10 22:19:45.831 [info] > git diff c1f0de88daf639a7866d4f6bc06ef593080dd5ca -- recordings/trigger.txt [12ms]
2026-06-10 22:19:45.843 [info] > git diff c1f0de88daf639a7866d4f6bc06ef593080dd5ca -- top_liked_cache.json [11ms]
2026-06-10 22:19:45.855 [info] > git diff c1f0de88daf639a7866d4f6bc06ef593080dd5ca -- wifi_database.json [11ms]
2026-06-10 22:19:52.499 [info] > git config --get commit.template [15ms]
2026-06-10 22:19:52.502 [info] > git for-each-ref --format=%(refname)%00%(upstream:short)%00%(objectname)%00%(upstream:track)%00%(upstream:remotename)%00%(upstream:remoteref) --ignore-case refs/heads/main refs/remotes/main [17ms]
2026-06-10 22:19:52.517 [info] > git for-each-ref --sort -committerdate --format %(refname)%00%(objectname)%00%(*objectname) [13ms]
2026-06-10 22:19:52.519 [info] > git status -z -uall [16ms]
2026-06-10 22:19:52.856 [info] > git check-ignore -v -z --stdin [23ms]
2026-06-10 22:20:22.155 [info] > git merge-base HEAD @{upstream} [44ms]
2026-06-10 22:20:22.165 [info] > git config --get --local core.virtualfilesystem [9ms]
2026-06-10 22:20:22.165 [warning] [Git][config] git config failed: Failed to execute git
2026-06-10 22:20:22.174 [info] > git config --get --local core.sparsecheckout [9ms]
2026-06-10 22:20:22.174 [warning] [Git][config] git config failed: Failed to execute git
2026-06-10 22:20:22.221 [info] > git show -s --decorate=full --shortstat --format=%H%n%aN%n%aE%n%at%n%ct%n%P%n%D%n%B -z c1f0de88daf639a7866d4f6bc06ef593080dd5ca -- [47ms]
2026-06-10 22:20:22.236 [info] > git log --format=%H%n%aN%n%aE%n%at%n%ct%n%P%n%D%n%B -z c1f0de88daf639a7866d4f6bc06ef593080dd5ca..HEAD [14ms]
2026-06-10 22:20:22.253 [info] > git diff --name-status -z --diff-filter=ADMR c1f0de88daf639a7866d4f6bc06ef593080dd5ca -- [16ms]
2026-06-10 22:20:22.263 [info] > git diff c1f0de88daf639a7866d4f6bc06ef593080dd5ca -- .DS_Store [10ms]
2026-06-10 22:20:22.274 [info] > git diff c1f0de88daf639a7866d4f6bc06ef593080dd5ca -- best_posts_cache.json [10ms]
2026-06-10 22:20:22.288 [info] > git diff c1f0de88daf639a7866d4f6bc06ef593080dd5ca -- data/combined_small.json [14ms]
2026-06-10 22:20:22.300 [info] > git diff c1f0de88daf639a7866d4f6bc06ef593080dd5ca -- functions/README_POI_INGEST.md [11ms]
2026-06-10 22:20:22.311 [info] > git diff c1f0de88daf639a7866d4f6bc06ef593080dd5ca -- functions/README_SERVER_PROVISION.md [11ms]
2026-06-10 22:20:22.323 [info] > git diff c1f0de88daf639a7866d4f6bc06ef593080dd5ca -- functions/index.js [12ms]
2026-06-10 22:20:22.333 [info] > git diff c1f0de88daf639a7866d4f6bc06ef593080dd5ca -- functions/ingest_pois.sh [10ms]
2026-06-10 22:20:22.346 [info] > git diff c1f0de88daf639a7866d4f6bc06ef593080dd5ca -- functions/package-lock.json [13ms]
2026-06-10 22:20:22.356 [info] > git diff c1f0de88daf639a7866d4f6bc06ef593080dd5ca -- functions/package.json [9ms]
2026-06-10 22:20:22.366 [info] > git diff c1f0de88daf639a7866d4f6bc06ef593080dd5ca -- functions/pois.js [9ms]
2026-06-10 22:20:22.376 [info] > git diff c1f0de88daf639a7866d4f6bc06ef593080dd5ca -- functions/provision_poi_server.sh [10ms]
2026-06-10 22:20:22.387 [info] > git diff c1f0de88daf639a7866d4f6bc06ef593080dd5ca -- functions/sql/create_pois_table.sql [11ms]
2026-06-10 22:20:22.398 [info] > git diff c1f0de88daf639a7866d4f6bc06ef593080dd5ca -- package-lock.json [10ms]
2026-06-10 22:20:22.408 [info] > git diff c1f0de88daf639a7866d4f6bc06ef593080dd5ca -- package.json [10ms]
2026-06-10 22:20:22.421 [info] > git diff c1f0de88daf639a7866d4f6bc06ef593080dd5ca -- pois/manifest.json [12ms]
2026-06-10 22:20:22.518 [info] > git diff c1f0de88daf639a7866d4f6bc06ef593080dd5ca -- pois/places.json.bak.1780688705735 [92ms]
2026-06-10 22:20:22.736 [info] > git diff c1f0de88daf639a7866d4f6bc06ef593080dd5ca -- pois/places.json.bak.1780688706487 [211ms]
2026-06-10 22:20:22.935 [info] > git diff c1f0de88daf639a7866d4f6bc06ef593080dd5ca -- pois/places.json.bak.1780688708518 [194ms]
2026-06-10 22:20:22.949 [info] > git diff c1f0de88daf639a7866d4f6bc06ef593080dd5ca -- recordings/demo_hq_149bdfa.webm [13ms]
2026-06-10 22:20:22.961 [info] > git diff c1f0de88daf639a7866d4f6bc06ef593080dd5ca -- recordings/trigger.txt [11ms]
2026-06-10 22:20:22.974 [info] > git diff c1f0de88daf639a7866d4f6bc06ef593080dd5ca -- top_liked_cache.json [13ms]
2026-06-10 22:20:22.988 [info] > git diff c1f0de88daf639a7866d4f6bc06ef593080dd5ca -- wifi_database.json [14ms]
2026-06-10 22:20:38.151 [info] > git merge-base HEAD @{upstream} [29ms]
2026-06-10 22:20:38.162 [info] > git config --get --local core.virtualfilesystem [10ms]
2026-06-10 22:20:38.162 [warning] [Git][config] git config failed: Failed to execute git
2026-06-10 22:20:38.171 [info] > git config --get --local core.sparsecheckout [9ms]
2026-06-10 22:20:38.171 [warning] [Git][config] git config failed: Failed to execute git
2026-06-10 22:20:38.196 [info] > git show -s --decorate=full --shortstat --format=%H%n%aN%n%aE%n%at%n%ct%n%P%n%D%n%B -z c1f0de88daf639a7866d4f6bc06ef593080dd5ca -- [25ms]
2026-06-10 22:20:38.210 [info] > git log --format=%H%n%aN%n%aE%n%at%n%ct%n%P%n%D%n%B -z c1f0de88daf639a7866d4f6bc06ef593080dd5ca..HEAD [13ms]
2026-06-10 22:20:38.223 [info] > git diff --name-status -z --diff-filter=ADMR c1f0de88daf639a7866d4f6bc06ef593080dd5ca -- [13ms]
2026-06-10 22:20:38.235 [info] > git diff c1f0de88daf639a7866d4f6bc06ef593080dd5ca -- .DS_Store [12ms]
2026-06-10 22:20:38.246 [info] > git diff c1f0de88daf639a7866d4f6bc06ef593080dd5ca -- best_posts_cache.json [10ms]
2026-06-10 22:20:38.259 [info] > git diff c1f0de88daf639a7866d4f6bc06ef593080dd5ca -- data/combined_small.json [13ms]
2026-06-10 22:20:38.270 [info] > git diff c1f0de88daf639a7866d4f6bc06ef593080dd5ca -- functions/README_POI_INGEST.md [11ms]
2026-06-10 22:20:38.281 [info] > git diff c1f0de88daf639a7866d4f6bc06ef593080dd5ca -- functions/README_SERVER_PROVISION.md [10ms]
2026-06-10 22:20:38.292 [info] > git diff c1f0de88daf639a7866d4f6bc06ef593080dd5ca -- functions/index.js [11ms]
2026-06-10 22:20:38.304 [info] > git diff c1f0de88daf639a7866d4f6bc06ef593080dd5ca -- functions/ingest_pois.sh [11ms]
2026-06-10 22:20:38.316 [info] > git diff c1f0de88daf639a7866d4f6bc06ef593080dd5ca -- functions/package-lock.json [12ms]
2026-06-10 22:20:38.328 [info] > git diff c1f0de88daf639a7866d4f6bc06ef593080dd5ca -- functions/package.json [11ms]
2026-06-10 22:20:38.338 [info] > git diff c1f0de88daf639a7866d4f6bc06ef593080dd5ca -- functions/pois.js [10ms]
2026-06-10 22:20:38.350 [info] > git diff c1f0de88daf639a7866d4f6bc06ef593080dd5ca -- functions/provision_poi_server.sh [11ms]
2026-06-10 22:20:38.362 [info] > git diff c1f0de88daf639a7866d4f6bc06ef593080dd5ca -- functions/sql/create_pois_table.sql [12ms]
2026-06-10 22:20:38.376 [info] > git diff c1f0de88daf639a7866d4f6bc06ef593080dd5ca -- package-lock.json [14ms]
2026-06-10 22:20:38.388 [info] > git diff c1f0de88daf639a7866d4f6bc06ef593080dd5ca -- package.json [12ms]
2026-06-10 22:20:38.400 [info] > git diff c1f0de88daf639a7866d4f6bc06ef593080dd5ca -- pois/manifest.json [12ms]
2026-06-10 22:20:38.461 [info] > git diff c1f0de88daf639a7866d4f6bc06ef593080dd5ca -- pois/places.json.bak.1780688705735 [55ms]
2026-06-10 22:20:38.656 [info] > git diff c1f0de88daf639a7866d4f6bc06ef593080dd5ca -- pois/places.json.bak.1780688706487 [186ms]
2026-06-10 22:20:38.848 [info] > git diff c1f0de88daf639a7866d4f6bc06ef593080dd5ca -- pois/places.json.bak.1780688708518 [188ms]
2026-06-10 22:20:38.862 [info] > git diff c1f0de88daf639a7866d4f6bc06ef593080dd5ca -- recordings/demo_hq_149bdfa.webm [13ms]
2026-06-10 22:20:38.874 [info] > git diff c1f0de88daf639a7866d4f6bc06ef593080dd5ca -- recordings/trigger.txt [11ms]
2026-06-10 22:20:38.887 [info] > git diff c1f0de88daf639a7866d4f6bc06ef593080dd5ca -- top_liked_cache.json [12ms]
2026-06-10 22:20:38.899 [info] > git diff c1f0de88daf639a7866d4f6bc06ef593080dd5ca -- wifi_database.json [12ms]
2026-06-10 22:21:17.316 [info] > git merge-base HEAD @{upstream} [36ms]
2026-06-10 22:21:17.328 [info] > git config --get --local core.virtualfilesystem [10ms]
2026-06-10 22:21:17.328 [warning] [Git][config] git config failed: Failed to execute git
2026-06-10 22:21:17.337 [info] > git config --get --local core.sparsecheckout [9ms]
2026-06-10 22:21:17.337 [warning] [Git][config] git config failed: Failed to execute git
2026-06-10 22:21:17.394 [info] > git show -s --decorate=full --shortstat --format=%H%n%aN%n%aE%n%at%n%ct%n%P%n%D%n%B -z c1f0de88daf639a7866d4f6bc06ef593080dd5ca -- [56ms]
2026-06-10 22:21:17.413 [info] > git log --format=%H%n%aN%n%aE%n%at%n%ct%n%P%n%D%n%B -z c1f0de88daf639a7866d4f6bc06ef593080dd5ca..HEAD [19ms]
2026-06-10 22:21:17.445 [info] > git diff --name-status -z --diff-filter=ADMR c1f0de88daf639a7866d4f6bc06ef593080dd5ca -- [31ms]
2026-06-10 22:21:17.457 [info] > git diff c1f0de88daf639a7866d4f6bc06ef593080dd5ca -- .DS_Store [12ms]
2026-06-10 22:21:17.468 [info] > git diff c1f0de88daf639a7866d4f6bc06ef593080dd5ca -- best_posts_cache.json [11ms]
2026-06-10 22:21:17.480 [info] > git diff c1f0de88daf639a7866d4f6bc06ef593080dd5ca -- data/combined_small.json [12ms]
2026-06-10 22:21:17.492 [info] > git diff c1f0de88daf639a7866d4f6bc06ef593080dd5ca -- functions/README_POI_INGEST.md [11ms]
2026-06-10 22:21:17.502 [info] > git diff c1f0de88daf639a7866d4f6bc06ef593080dd5ca -- functions/README_SERVER_PROVISION.md [10ms]
2026-06-10 22:21:17.514 [info] > git diff c1f0de88daf639a7866d4f6bc06ef593080dd5ca -- functions/index.js [10ms]
2026-06-10 22:21:17.524 [info] > git diff c1f0de88daf639a7866d4f6bc06ef593080dd5ca -- functions/ingest_pois.sh [10ms]
2026-06-10 22:21:17.542 [info] > git diff c1f0de88daf639a7866d4f6bc06ef593080dd5ca -- functions/package-lock.json [18ms]
2026-06-10 22:21:17.553 [info] > git diff c1f0de88daf639a7866d4f6bc06ef593080dd5ca -- functions/package.json [11ms]
2026-06-10 22:21:17.564 [info] > git diff c1f0de88daf639a7866d4f6bc06ef593080dd5ca -- functions/pois.js [11ms]
2026-06-10 22:21:17.574 [info] > git diff c1f0de88daf639a7866d4f6bc06ef593080dd5ca -- functions/provision_poi_server.sh [10ms]
2026-06-10 22:21:17.584 [info] > git diff c1f0de88daf639a7866d4f6bc06ef593080dd5ca -- functions/sql/create_pois_table.sql [10ms]
2026-06-10 22:21:17.598 [info] > git diff c1f0de88daf639a7866d4f6bc06ef593080dd5ca -- package-lock.json [12ms]
2026-06-10 22:21:17.610 [info] > git diff c1f0de88daf639a7866d4f6bc06ef593080dd5ca -- package.json [12ms]
2026-06-10 22:21:17.621 [info] > git diff c1f0de88daf639a7866d4f6bc06ef593080dd5ca -- pois/manifest.json [11ms]
2026-06-10 22:21:17.718 [info] > git diff c1f0de88daf639a7866d4f6bc06ef593080dd5ca -- pois/places.json.bak.1780688705735 [91ms]
2026-06-10 22:21:17.936 [info] > git diff c1f0de88daf639a7866d4f6bc06ef593080dd5ca -- pois/places.json.bak.1780688706487 [211ms]
2026-06-10 22:21:18.143 [info] > git diff c1f0de88daf639a7866d4f6bc06ef593080dd5ca -- pois/places.json.bak.1780688708518 [201ms]
2026-06-10 22:21:18.157 [info] > git diff c1f0de88daf639a7866d4f6bc06ef593080dd5ca -- recordings/demo_hq_149bdfa.webm [14ms]
2026-06-10 22:21:18.168 [info] > git diff c1f0de88daf639a7866d4f6bc06ef593080dd5ca -- recordings/trigger.txt [11ms]
2026-06-10 22:21:18.181 [info] > git diff c1f0de88daf639a7866d4f6bc06ef593080dd5ca -- top_liked_cache.json [12ms]
2026-06-10 22:21:18.192 [info] > git diff c1f0de88daf639a7866d4f6bc06ef593080dd5ca -- wifi_database.json [10ms]
2026-06-10 22:22:07.649 [info] > git merge-base HEAD @{upstream} [21ms]
2026-06-10 22:22:07.659 [info] > git config --get --local core.virtualfilesystem [9ms]
2026-06-10 22:22:07.659 [warning] [Git][config] git config failed: Failed to execute git
2026-06-10 22:22:07.669 [info] > git config --get --local core.sparsecheckout [10ms]
2026-06-10 22:22:07.669 [warning] [Git][config] git config failed: Failed to execute git
2026-06-10 22:22:07.692 [info] > git show -s --decorate=full --shortstat --format=%H%n%aN%n%aE%n%at%n%ct%n%P%n%D%n%B -z c1f0de88daf639a7866d4f6bc06ef593080dd5ca -- [23ms]
2026-06-10 22:22:07.708 [info] > git log --format=%H%n%aN%n%aE%n%at%n%ct%n%P%n%D%n%B -z c1f0de88daf639a7866d4f6bc06ef593080dd5ca..HEAD [15ms]
2026-06-10 22:22:07.723 [info] > git diff --name-status -z --diff-filter=ADMR c1f0de88daf639a7866d4f6bc06ef593080dd5ca -- [14ms]
2026-06-10 22:22:07.735 [info] > git diff c1f0de88daf639a7866d4f6bc06ef593080dd5ca -- .DS_Store [12ms]
2026-06-10 22:22:07.747 [info] > git diff c1f0de88daf639a7866d4f6bc06ef593080dd5ca -- best_posts_cache.json [11ms]
2026-06-10 22:22:07.760 [info] > git diff c1f0de88daf639a7866d4f6bc06ef593080dd5ca -- data/combined_small.json [12ms]
2026-06-10 22:22:07.771 [info] > git diff c1f0de88daf639a7866d4f6bc06ef593080dd5ca -- functions/README_POI_INGEST.md [10ms]
2026-06-10 22:22:07.781 [info] > git diff c1f0de88daf639a7866d4f6bc06ef593080dd5ca -- functions/README_SERVER_PROVISION.md [10ms]
2026-06-10 22:22:07.792 [info] > git diff c1f0de88daf639a7866d4f6bc06ef593080dd5ca -- functions/index.js [10ms]
2026-06-10 22:22:07.803 [info] > git diff c1f0de88daf639a7866d4f6bc06ef593080dd5ca -- functions/ingest_pois.sh [11ms]
2026-06-10 22:22:07.815 [info] > git diff c1f0de88daf639a7866d4f6bc06ef593080dd5ca -- functions/package-lock.json [12ms]
2026-06-10 22:22:07.827 [info] > git diff c1f0de88daf639a7866d4f6bc06ef593080dd5ca -- functions/package.json [12ms]
2026-06-10 22:22:07.837 [info] > git diff c1f0de88daf639a7866d4f6bc06ef593080dd5ca -- functions/pois.js [10ms]
2026-06-10 22:22:07.848 [info] > git diff c1f0de88daf639a7866d4f6bc06ef593080dd5ca -- functions/provision_poi_server.sh [10ms]
2026-06-10 22:22:07.858 [info] > git diff c1f0de88daf639a7866d4f6bc06ef593080dd5ca -- functions/sql/create_pois_table.sql [9ms]
2026-06-10 22:22:07.869 [info] > git diff c1f0de88daf639a7866d4f6bc06ef593080dd5ca -- package-lock.json [10ms]
2026-06-10 22:22:07.879 [info] > git diff c1f0de88daf639a7866d4f6bc06ef593080dd5ca -- package.json [9ms]
2026-06-10 22:22:07.890 [info] > git diff c1f0de88daf639a7866d4f6bc06ef593080dd5ca -- pois/manifest.json [10ms]
2026-06-10 22:22:07.952 [info] > git diff c1f0de88daf639a7866d4f6bc06ef593080dd5ca -- pois/places.json.bak.1780688705735 [57ms]
2026-06-10 22:22:08.143 [info] > git diff c1f0de88daf639a7866d4f6bc06ef593080dd5ca -- pois/places.json.bak.1780688706487 [185ms]
2026-06-10 22:22:08.338 [info] > git diff c1f0de88daf639a7866d4f6bc06ef593080dd5ca -- pois/places.json.bak.1780688708518 [189ms]
2026-06-10 22:22:08.351 [info] > git diff c1f0de88daf639a7866d4f6bc06ef593080dd5ca -- recordings/demo_hq_149bdfa.webm [12ms]
2026-06-10 22:22:08.362 [info] > git diff c1f0de88daf639a7866d4f6bc06ef593080dd5ca -- recordings/trigger.txt [10ms]
2026-06-10 22:22:08.373 [info] > git diff c1f0de88daf639a7866d4f6bc06ef593080dd5ca -- top_liked_cache.json [10ms]
2026-06-10 22:22:08.384 [info] > git diff c1f0de88daf639a7866d4f6bc06ef593080dd5ca -- wifi_database.json [11ms]
2026-06-10 22:22:49.140 [info] > git merge-base HEAD @{upstream} [49ms]
2026-06-10 22:22:49.150 [info] > git config --get --local core.virtualfilesystem [9ms]
2026-06-10 22:22:49.151 [warning] [Git][config] git config failed: Failed to execute git
2026-06-10 22:22:49.161 [info] > git config --get --local core.sparsecheckout [9ms]
2026-06-10 22:22:49.161 [warning] [Git][config] git config failed: Failed to execute git
2026-06-10 22:22:49.217 [info] > git show -s --decorate=full --shortstat --format=%H%n%aN%n%aE%n%at%n%ct%n%P%n%D%n%B -z c1f0de88daf639a7866d4f6bc06ef593080dd5ca -- [56ms]
2026-06-10 22:22:49.232 [info] > git log --format=%H%n%aN%n%aE%n%at%n%ct%n%P%n%D%n%B -z c1f0de88daf639a7866d4f6bc06ef593080dd5ca..HEAD [14ms]
2026-06-10 22:22:49.246 [info] > git diff --name-status -z --diff-filter=ADMR c1f0de88daf639a7866d4f6bc06ef593080dd5ca -- [14ms]
2026-06-10 22:22:49.257 [info] > git diff c1f0de88daf639a7866d4f6bc06ef593080dd5ca -- .DS_Store [10ms]
2026-06-10 22:22:49.269 [info] > git diff c1f0de88daf639a7866d4f6bc06ef593080dd5ca -- best_posts_cache.json [11ms]
2026-06-10 22:22:49.282 [info] > git diff c1f0de88daf639a7866d4f6bc06ef593080dd5ca -- data/combined_small.json [13ms]
2026-06-10 22:22:49.293 [info] > git diff c1f0de88daf639a7866d4f6bc06ef593080dd5ca -- functions/README_POI_INGEST.md [10ms]
2026-06-10 22:22:49.304 [info] > git diff c1f0de88daf639a7866d4f6bc06ef593080dd5ca -- functions/README_SERVER_PROVISION.md [10ms]
2026-06-10 22:22:49.316 [info] > git diff c1f0de88daf639a7866d4f6bc06ef593080dd5ca -- functions/index.js [12ms]
2026-06-10 22:22:49.326 [info] > git diff c1f0de88daf639a7866d4f6bc06ef593080dd5ca -- functions/ingest_pois.sh [10ms]
2026-06-10 22:22:49.340 [info] > git diff c1f0de88daf639a7866d4f6bc06ef593080dd5ca -- functions/package-lock.json [13ms]
2026-06-10 22:22:49.350 [info] > git diff c1f0de88daf639a7866d4f6bc06ef593080dd5ca -- functions/package.json [10ms]
2026-06-10 22:22:49.361 [info] > git diff c1f0de88daf639a7866d4f6bc06ef593080dd5ca -- functions/pois.js [10ms]
2026-06-10 22:22:49.372 [info] > git diff c1f0de88daf639a7866d4f6bc06ef593080dd5ca -- functions/provision_poi_server.sh [11ms]
2026-06-10 22:22:49.384 [info] > git diff c1f0de88daf639a7866d4f6bc06ef593080dd5ca -- functions/sql/create_pois_table.sql [11ms]
2026-06-10 22:22:49.395 [info] > git diff c1f0de88daf639a7866d4f6bc06ef593080dd5ca -- package-lock.json [11ms]
2026-06-10 22:22:49.407 [info] > git diff c1f0de88daf639a7866d4f6bc06ef593080dd5ca -- package.json [11ms]
2026-06-10 22:22:49.419 [info] > git diff c1f0de88daf639a7866d4f6bc06ef593080dd5ca -- pois/manifest.json [12ms]
2026-06-10 22:22:49.533 [info] > git diff c1f0de88daf639a7866d4f6bc06ef593080dd5ca -- pois/places.json.bak.1780688705735 [107ms]
2026-06-10 22:22:49.739 [info] > git diff c1f0de88daf639a7866d4f6bc06ef593080dd5ca -- pois/places.json.bak.1780688706487 [199ms]
2026-06-10 22:22:49.946 [info] > git diff c1f0de88daf639a7866d4f6bc06ef593080dd5ca -- pois/places.json.bak.1780688708518 [202ms]
2026-06-10 22:22:49.959 [info] > git diff c1f0de88daf639a7866d4f6bc06ef593080dd5ca -- recordings/demo_hq_149bdfa.webm [12ms]
2026-06-10 22:22:49.974 [info] > git diff c1f0de88daf639a7866d4f6bc06ef593080dd5ca -- recordings/trigger.txt [14ms]
2026-06-10 22:22:49.987 [info] > git diff c1f0de88daf639a7866d4f6bc06ef593080dd5ca -- top_liked_cache.json [13ms]
2026-06-10 22:22:49.998 [info] > git diff c1f0de88daf639a7866d4f6bc06ef593080dd5ca -- wifi_database.json [11ms]
2026-06-10 22:23:06.509 [info] > git merge-base HEAD @{upstream} [20ms]
2026-06-10 22:23:06.519 [info] > git config --get --local core.virtualfilesystem [9ms]
2026-06-10 22:23:06.519 [warning] [Git][config] git config failed: Failed to execute git
2026-06-10 22:23:06.528 [info] > git config --get --local core.sparsecheckout [9ms]
2026-06-10 22:23:06.528 [warning] [Git][config] git config failed: Failed to execute git
2026-06-10 22:23:06.552 [info] > git show -s --decorate=full --shortstat --format=%H%n%aN%n%aE%n%at%n%ct%n%P%n%D%n%B -z c1f0de88daf639a7866d4f6bc06ef593080dd5ca -- [23ms]
2026-06-10 22:23:06.565 [info] > git log --format=%H%n%aN%n%aE%n%at%n%ct%n%P%n%D%n%B -z c1f0de88daf639a7866d4f6bc06ef593080dd5ca..HEAD [13ms]
2026-06-10 22:23:06.577 [info] > git diff --name-status -z --diff-filter=ADMR c1f0de88daf639a7866d4f6bc06ef593080dd5ca -- [12ms]
2026-06-10 22:23:06.588 [info] > git diff c1f0de88daf639a7866d4f6bc06ef593080dd5ca -- .DS_Store [10ms]
2026-06-10 22:23:06.599 [info] > git diff c1f0de88daf639a7866d4f6bc06ef593080dd5ca -- best_posts_cache.json [11ms]
2026-06-10 22:23:06.610 [info] > git diff c1f0de88daf639a7866d4f6bc06ef593080dd5ca -- data/combined_small.json [11ms]
2026-06-10 22:23:06.621 [info] > git diff c1f0de88daf639a7866d4f6bc06ef593080dd5ca -- functions/README_POI_INGEST.md [10ms]
2026-06-10 22:23:06.631 [info] > git diff c1f0de88daf639a7866d4f6bc06ef593080dd5ca -- functions/README_SERVER_PROVISION.md [10ms]
2026-06-10 22:23:06.641 [info] > git diff c1f0de88daf639a7866d4f6bc06ef593080dd5ca -- functions/index.js [10ms]
2026-06-10 22:23:06.652 [info] > git diff c1f0de88daf639a7866d4f6bc06ef593080dd5ca -- functions/ingest_pois.sh [10ms]
2026-06-10 22:23:06.664 [info] > git diff c1f0de88daf639a7866d4f6bc06ef593080dd5ca -- functions/package-lock.json [12ms]
2026-06-10 22:23:06.674 [info] > git diff c1f0de88daf639a7866d4f6bc06ef593080dd5ca -- functions/package.json [9ms]
2026-06-10 22:23:06.684 [info] > git diff c1f0de88daf639a7866d4f6bc06ef593080dd5ca -- functions/pois.js [9ms]
2026-06-10 22:23:06.695 [info] > git diff c1f0de88daf639a7866d4f6bc06ef593080dd5ca -- functions/provision_poi_server.sh [10ms]
2026-06-10 22:23:06.705 [info] > git diff c1f0de88daf639a7866d4f6bc06ef593080dd5ca -- functions/sql/create_pois_table.sql [10ms]
2026-06-10 22:23:06.716 [info] > git diff c1f0de88daf639a7866d4f6bc06ef593080dd5ca -- package-lock.json [11ms]
2026-06-10 22:23:06.726 [info] > git diff c1f0de88daf639a7866d4f6bc06ef593080dd5ca -- package.json [10ms]
2026-06-10 22:23:06.736 [info] > git diff c1f0de88daf639a7866d4f6bc06ef593080dd5ca -- pois/manifest.json [10ms]
2026-06-10 22:23:06.794 [info] > git diff c1f0de88daf639a7866d4f6bc06ef593080dd5ca -- pois/places.json.bak.1780688705735 [52ms]
2026-06-10 22:23:06.983 [info] > git diff c1f0de88daf639a7866d4f6bc06ef593080dd5ca -- pois/places.json.bak.1780688706487 [183ms]
2026-06-10 22:23:07.174 [info] > git diff c1f0de88daf639a7866d4f6bc06ef593080dd5ca -- pois/places.json.bak.1780688708518 [185ms]
2026-06-10 22:23:07.187 [info] > git diff c1f0de88daf639a7866d4f6bc06ef593080dd5ca -- recordings/demo_hq_149bdfa.webm [13ms]
2026-06-10 22:23:07.198 [info] > git diff c1f0de88daf639a7866d4f6bc06ef593080dd5ca -- recordings/trigger.txt [11ms]
2026-06-10 22:23:07.208 [info] > git diff c1f0de88daf639a7866d4f6bc06ef593080dd5ca -- top_liked_cache.json [10ms]
2026-06-10 22:23:07.221 [info] > git diff c1f0de88daf639a7866d4f6bc06ef593080dd5ca -- wifi_database.json [12ms]
2026-06-10 22:23:30.866 [info] > git config --get commit.template [27ms]
2026-06-10 22:23:30.871 [info] > git for-each-ref --format=%(refname)%00%(upstream:short)%00%(objectname)%00%(upstream:track)%00%(upstream:remotename)%00%(upstream:remoteref) --ignore-case refs/heads/main refs/remotes/main [31ms]
2026-06-10 22:23:30.876 [info] > git check-ignore -v -z --stdin [11ms]
2026-06-10 22:23:30.905 [info] > git for-each-ref --sort -committerdate --format %(refname)%00%(objectname)%00%(*objectname) [33ms]
2026-06-10 22:23:30.913 [info] > git status -z -uall [41ms]
2026-06-10 22:23:31.248 [info] > git check-ignore -v -z --stdin [23ms]
2026-06-10 22:23:46.153 [info] > git config --get commit.template [19ms]
2026-06-10 22:23:46.158 [info] > git for-each-ref --format=%(refname)%00%(upstream:short)%00%(objectname)%00%(upstream:track)%00%(upstream:remotename)%00%(upstream:remoteref) --ignore-case refs/heads/main refs/remotes/main [24ms]
2026-06-10 22:23:46.171 [info] > git check-ignore -v -z --stdin [11ms]
2026-06-10 22:23:46.175 [info] > git for-each-ref --sort -committerdate --format %(refname)%00%(objectname)%00%(*objectname) [16ms]
2026-06-10 22:23:46.176 [info] > git status -z -uall [17ms]
2026-06-10 22:23:46.509 [info] > git check-ignore -v -z --stdin [23ms]
