2026-06-10 21:23:24.090 [info] Reading sessions from keychain...
2026-06-10 21:23:24.090 [info] Got stored sessions!
2026-06-10 21:23:24.090 [info] Got 2 verified sessions.
2026-06-10 21:23:24.090 [info] Getting sessions for all scopes...
2026-06-10 21:23:24.090 [info] Got 2 sessions for ...
2026-06-10 21:23:24.090 [info] Getting sessions for all scopes...
2026-06-10 21:23:24.090 [info] Got 2 sessions for ...
2026-06-10 21:23:24.090 [info] Getting sessions for all scopes...
2026-06-10 21:23:24.090 [info] Got 2 sessions for ...
2026-06-10 21:23:24.090 [info] Getting sessions for all scopes...
2026-06-10 21:23:24.090 [info] Got 2 sessions for ...
2026-06-10 21:23:24.090 [info] Getting sessions for all scopes...
2026-06-10 21:23:24.090 [info] Got 2 sessions for ...
2026-06-10 21:23:24.090 [info] Getting sessions for all scopes...
2026-06-10 21:23:24.090 [info] Got 2 sessions for ...
2026-06-10 21:23:24.090 [info] Getting sessions for all scopes...
2026-06-10 21:23:24.090 [info] Got 2 sessions for ...
2026-06-10 21:23:24.090 [info] Getting sessions for read:user,repo,user:email,workflow...
2026-06-10 21:23:24.090 [info] Got 1 sessions for read:user,repo,user:email,workflow...
2026-06-10 21:23:24.109 [info] Getting sessions for all scopes...
2026-06-10 21:23:24.109 [info] Got 2 sessions for ...
2026-06-10 21:23:24.110 [info] Getting sessions for read:user,repo,user:email,workflow...
2026-06-10 21:23:24.110 [info] Got 1 sessions for read:user,repo,user:email,workflow...
2026-06-10 21:23:24.411 [info] Getting sessions for all scopes...
2026-06-10 21:23:24.411 [info] Got 2 sessions for ...
2026-06-10 21:23:24.723 [info] Getting sessions for all scopes...
2026-06-10 21:23:24.723 [info] Got 2 sessions for ...
2026-06-10 21:23:24.755 [info] Getting sessions for read:user,repo,user:email,workflow...
2026-06-10 21:23:24.755 [info] Got 1 sessions for read:user,repo,user:email,workflow...
2026-06-10 21:23:24.755 [info] Getting sessions for read:user,repo,user:email,workflow...
2026-06-10 21:23:24.755 [info] Got 1 sessions for read:user,repo,user:email,workflow...
2026-06-10 21:23:24.839 [info] Getting sessions for all scopes...
2026-06-10 21:23:24.839 [info] Got 2 sessions for ...
2026-06-10 21:23:24.839 [info] Getting sessions for all scopes...
2026-06-10 21:23:24.839 [info] Got 2 sessions for ...
2026-06-10 21:23:24.840 [info] Getting sessions for read:user,repo,user:email,workflow...
2026-06-10 21:23:24.840 [info] Got 1 sessions for read:user,repo,user:email,workflow...
2026-06-10 21:23:24.903 [info] Getting sessions for all scopes...
2026-06-10 21:23:24.903 [info] Got 2 sessions for ...
2026-06-10 21:23:24.904 [info] Getting sessions for all scopes...
2026-06-10 21:23:24.904 [info] Got 2 sessions for ...
2026-06-10 21:23:24.909 [info] Getting sessions for read:user,repo,user:email,workflow...
2026-06-10 21:23:24.909 [info] Got 1 sessions for read:user,repo,user:email,workflow...
2026-06-10 21:23:24.983 [info] Getting sessions for all scopes...
2026-06-10 21:23:24.983 [info] Got 2 sessions for ...
2026-06-10 21:23:24.984 [info] Getting sessions for all scopes...
2026-06-10 21:23:24.984 [info] Got 2 sessions for ...
2026-06-10 21:23:25.032 [info] FetcherService: Electron fetch failed with status: 429 
2026-06-10 21:23:25.033 [info] Unable to resolve optional EDU details. Status: 429 
2026-06-10 21:23:25.070 [info] Getting sessions for all scopes...
2026-06-10 21:23:25.070 [info] Got 2 sessions for ...
2026-06-10 21:23:25.070 [info] Getting sessions for read:user,repo,user:email,workflow...
2026-06-10 21:23:25.070 [info] Got 1 sessions for read:user,repo,user:email,workflow...
2026-06-10 21:23:25.149 [info] Getting sessions for all scopes...
2026-06-10 21:23:25.149 [info] Got 2 sessions for ...
2026-06-10 21:23:25.149 [info] Getting sessions for read:user,repo,user:email,workflow...
2026-06-10 21:23:25.149 [info] Got 1 sessions for read:user,repo,user:email,workflow...
2026-06-10 21:23:25.242 [info] Getting sessions for all scopes...
2026-06-10 21:23:25.242 [info] Got 2 sessions for ...
2026-06-10 21:23:25.244 [info] Getting sessions for read:user,repo,user:email,workflow...
2026-06-10 21:23:25.244 [info] Got 1 sessions for read:user,repo,user:email,workflow...
2026-06-10 21:23:25.405 [info] Getting sessions for all scopes...
2026-06-10 21:23:25.405 [info] Got 2 sessions for ...
2026-06-10 21:23:25.942 [info] Getting sessions for all scopes...
2026-06-10 21:23:25.942 [info] Got 2 sessions for ...
2026-06-10 21:23:25.942 [info] Getting sessions for read:user,repo,user:email,workflow...
2026-06-10 21:23:25.942 [info] Got 1 sessions for read:user,repo,user:email,workflow...
2026-06-10 21:23:25.956 [info] Getting sessions for all scopes...
2026-06-10 21:23:25.956 [info] Got 2 sessions for ...
2026-06-10 21:23:25.958 [info] Getting sessions for read:user,repo,user:email,workflow...
2026-06-10 21:23:25.958 [info] Got 1 sessions for read:user,repo,user:email,workflow...
