2026-06-10 22:18:29.097 [info] Reading sessions from keychain...
2026-06-10 22:18:29.097 [info] Got stored sessions!
2026-06-10 22:18:29.097 [info] Got 2 verified sessions.
2026-06-10 22:18:29.097 [info] Getting sessions for all scopes...
2026-06-10 22:18:29.097 [info] Got 2 sessions for ...
2026-06-10 22:18:29.097 [info] Getting sessions for all scopes...
2026-06-10 22:18:29.097 [info] Got 2 sessions for ...
2026-06-10 22:18:29.097 [info] Getting sessions for all scopes...
2026-06-10 22:18:29.097 [info] Got 2 sessions for ...
2026-06-10 22:18:29.097 [info] Getting sessions for all scopes...
2026-06-10 22:18:29.097 [info] Got 2 sessions for ...
2026-06-10 22:18:29.097 [info] Getting sessions for all scopes...
2026-06-10 22:18:29.097 [info] Got 2 sessions for ...
2026-06-10 22:18:29.097 [info] Getting sessions for all scopes...
2026-06-10 22:18:29.097 [info] Got 2 sessions for ...
2026-06-10 22:18:29.097 [info] Getting sessions for all scopes...
2026-06-10 22:18:29.097 [info] Got 2 sessions for ...
2026-06-10 22:18:29.097 [info] Getting sessions for read:user,repo,user:email,workflow...
2026-06-10 22:18:29.097 [info] Got 1 sessions for read:user,repo,user:email,workflow...
2026-06-10 22:18:29.131 [info] Getting sessions for all scopes...
2026-06-10 22:18:29.131 [info] Got 2 sessions for ...
2026-06-10 22:18:29.131 [info] Getting sessions for read:user,repo,user:email,workflow...
2026-06-10 22:18:29.131 [info] Got 1 sessions for read:user,repo,user:email,workflow...
2026-06-10 22:18:29.747 [info] Getting sessions for all scopes...
2026-06-10 22:18:29.747 [info] Got 2 sessions for ...
2026-06-10 22:18:29.747 [info] Getting sessions for all scopes...
2026-06-10 22:18:29.747 [info] Got 2 sessions for ...
2026-06-10 22:18:29.783 [info] Getting sessions for read:user,repo,user:email,workflow...
2026-06-10 22:18:29.783 [info] Got 1 sessions for read:user,repo,user:email,workflow...
2026-06-10 22:18:29.874 [info] Getting sessions for all scopes...
2026-06-10 22:18:29.874 [info] Got 2 sessions for ...
2026-06-10 22:18:29.874 [info] Getting sessions for all scopes...
2026-06-10 22:18:29.874 [info] Got 2 sessions for ...
2026-06-10 22:18:29.887 [info] Getting sessions for read:user,repo,user:email,workflow...
2026-06-10 22:18:29.887 [info] Got 1 sessions for read:user,repo,user:email,workflow...
2026-06-10 22:18:29.918 [info] Getting sessions for read:user,repo,user:email,workflow...
2026-06-10 22:18:29.918 [info] Got 1 sessions for read:user,repo,user:email,workflow...
2026-06-10 22:18:29.956 [info] Getting sessions for all scopes...
2026-06-10 22:18:29.956 [info] Got 2 sessions for ...
2026-06-10 22:18:29.956 [info] Getting sessions for all scopes...
2026-06-10 22:18:29.956 [info] Got 2 sessions for ...
2026-06-10 22:18:30.064 [info] Getting sessions for all scopes...
2026-06-10 22:18:30.064 [info] Got 2 sessions for ...
2026-06-10 22:18:30.065 [info] Getting sessions for read:user,repo,user:email,workflow...
2026-06-10 22:18:30.065 [info] Got 1 sessions for read:user,repo,user:email,workflow...
2026-06-10 22:18:30.172 [info] Getting sessions for all scopes...
2026-06-10 22:18:30.173 [info] Got 2 sessions for ...
2026-06-10 22:18:30.174 [info] Getting sessions for read:user,repo,user:email,workflow...
2026-06-10 22:18:30.174 [info] Got 1 sessions for read:user,repo,user:email,workflow...
2026-06-10 22:18:30.204 [info] FetcherService: Electron fetch failed with status: 429 
2026-06-10 22:18:30.205 [info] Unable to resolve optional EDU details. Status: 429 
2026-06-10 22:18:30.567 [info] Getting sessions for all scopes...
2026-06-10 22:18:30.567 [info] Got 2 sessions for ...
2026-06-10 22:18:30.773 [info] Getting sessions for all scopes...
2026-06-10 22:18:30.773 [info] Got 2 sessions for ...
2026-06-10 22:18:30.773 [info] Getting sessions for read:user,repo,user:email,workflow...
2026-06-10 22:18:30.773 [info] Got 1 sessions for read:user,repo,user:email,workflow...
2026-06-10 22:18:30.809 [info] Getting sessions for all scopes...
2026-06-10 22:18:30.809 [info] Got 2 sessions for ...
2026-06-10 22:18:30.810 [info] Getting sessions for read:user,repo,user:email,workflow...
2026-06-10 22:18:30.810 [info] Got 1 sessions for read:user,repo,user:email,workflow...
