2026-06-10 21:23:24.095 [info] [main] Log level: Info
2026-06-10 21:23:24.106 [info] [main] Validating found git in: "/usr/bin/git"
2026-06-10 21:23:24.197 [info] [main] Using git "2.50.1 (Apple Git-155)" from "/usr/bin/git"
2026-06-10 21:23:24.197 [info] [Model][doInitialScan] Initial repository scan started
2026-06-10 21:23:24.250 [info] > git rev-parse --show-toplevel [40ms]
2026-06-10 21:23:24.294 [info] > git rev-parse --git-dir --git-common-dir --show-superproject-working-tree [31ms]
2026-06-10 21:23:24.298 [info] [Model][openRepository] Opened repository (path): /Users/francisblack/Downloads/Fedex
2026-06-10 21:23:24.298 [info] [Model][openRepository] Opened repository (real path): /Users/francisblack/Downloads/Fedex
2026-06-10 21:23:24.298 [info] [Model][openRepository] Opened repository (kind): repository
2026-06-10 21:23:24.318 [info] > git config --get --local core.virtualfilesystem [18ms]
2026-06-10 21:23:24.318 [warning] [Git][config] git config failed: Failed to execute git
2026-06-10 21:23:24.322 [info] > git config --get commit.template [22ms]
2026-06-10 21:23:24.327 [info] > git rev-parse --show-toplevel [24ms]
2026-06-10 21:23:24.335 [info] > git for-each-ref --format=%(refname)%00%(upstream:short)%00%(objectname)%00%(upstream:track)%00%(upstream:remotename)%00%(upstream:remoteref) --ignore-case refs/heads/main refs/remotes/main [28ms]
2026-06-10 21:23:24.343 [info] > git rev-parse --show-toplevel [14ms]
2026-06-10 21:23:24.356 [info] > git rev-parse --show-toplevel [13ms]
2026-06-10 21:23:24.383 [info] > git status -z -uall [45ms]
2026-06-10 21:23:24.716 [info] > git for-each-ref --sort -committerdate --format %(refname)%00%(objectname)%00%(*objectname) [376ms]
2026-06-10 21:23:24.750 [info] > git rev-parse --show-toplevel [390ms]
2026-06-10 21:23:24.758 [info] > git for-each-ref --format=%(refname)%00%(upstream:short)%00%(objectname)%00%(upstream:track)%00%(upstream:remotename)%00%(upstream:remoteref) --ignore-case refs/heads/main refs/remotes/main [38ms]
2026-06-10 21:23:24.783 [info] > git config --get commit.template [34ms]
2026-06-10 21:23:24.788 [info] > git check-ignore -v -z --stdin [30ms]
2026-06-10 21:23:24.790 [info] > git rev-parse --show-toplevel [37ms]
2026-06-10 21:23:24.792 [info] > git for-each-ref --format=%(refname)%00%(upstream:short)%00%(objectname)%00%(upstream:track)%00%(upstream:remotename)%00%(upstream:remoteref) --ignore-case refs/heads/main refs/remotes/main [32ms]
2026-06-10 21:23:24.796 [info] > git config --get --local branch.main.vscode-merge-base [38ms]
2026-06-10 21:23:24.837 [info] > git status -z -uall [43ms]
2026-06-10 21:23:24.889 [info] > git check-ignore -v -z --stdin [80ms]
2026-06-10 21:23:24.889 [info] > git for-each-ref --sort -committerdate --format %(refname)%00%(objectname)%00%(*objectname) [95ms]
2026-06-10 21:23:24.889 [info] > git rev-parse --show-toplevel [98ms]
2026-06-10 21:23:24.901 [info] > git for-each-ref --format=%(refname)%00%(upstream:short)%00%(objectname)%00%(upstream:track)%00%(upstream:remotename)%00%(upstream:remoteref) --ignore-case refs/heads/origin/main refs/remotes/origin/main [104ms]
2026-06-10 21:23:24.933 [info] > git rev-parse --show-toplevel [36ms]
2026-06-10 21:23:24.948 [info] > git merge-base refs/heads/main refs/remotes/origin/main [46ms]
2026-06-10 21:23:24.953 [info] > git merge-base refs/heads/main refs/remotes/origin/main [51ms]
2026-06-10 21:23:24.971 [info] > git rev-parse --show-toplevel [38ms]
2026-06-10 21:23:24.983 [info] > git diff --raw --numstat --diff-filter=ADMR -z --find-renames=50% 91a8e16527376e2ea8565c092eeab61c64cfdb49...refs/remotes/origin/main -- [34ms]
2026-06-10 21:23:24.986 [info] > git diff --raw --numstat --diff-filter=ADMR -z --find-renames=50% 91a8e16527376e2ea8565c092eeab61c64cfdb49...refs/remotes/origin/main -- [33ms]
2026-06-10 21:23:24.992 [info] > git rev-parse --show-toplevel [19ms]
2026-06-10 21:23:25.011 [info] > git rev-parse --show-toplevel [18ms]
2026-06-10 21:23:25.048 [info] > git rev-parse --show-toplevel [36ms]
2026-06-10 21:23:25.066 [info] > git rev-parse --show-toplevel [16ms]
2026-06-10 21:23:25.067 [info] [Model][doInitialScan] Initial repository scan completed - repositories (1), closed repositories (0), parent repositories (0), unsafe repositories (0)
2026-06-10 21:23:25.087 [info] > git config --get commit.template [16ms]
2026-06-10 21:23:25.089 [info] > git ls-files --stage -- index.html [21ms]
2026-06-10 21:23:25.093 [info] > git for-each-ref --format=%(refname)%00%(upstream:short)%00%(objectname)%00%(upstream:track)%00%(upstream:remotename)%00%(upstream:remoteref) --ignore-case refs/heads/main refs/remotes/main [20ms]
2026-06-10 21:23:25.103 [info] > git show --textconv :index.html [35ms]
2026-06-10 21:23:25.107 [info] > git cat-file -s 9bc9a979f6d13dbfce23e286964694e0f2e1acee [18ms]
2026-06-10 21:23:25.120 [info] > git status -z -uall [26ms]
2026-06-10 21:23:25.122 [info] > git for-each-ref --sort -committerdate --format %(refname)%00%(objectname)%00%(*objectname) [28ms]
2026-06-10 21:23:25.209 [info] > git check-ignore -v -z --stdin [29ms]
2026-06-10 21:23:25.262 [info] > git check-ignore -v -z --stdin [21ms]
2026-06-10 21:23:25.466 [info] > git check-ignore -v -z --stdin [27ms]
2026-06-10 21:23:29.914 [info] > git blame --root --incremental 91a8e16527376e2ea8565c092eeab61c64cfdb49 -- index.html [4728ms]
2026-06-10 21:23:30.346 [info] > git check-ignore -v -z --stdin [96ms]
2026-06-10 21:23:30.957 [info] > git check-ignore -v -z --stdin [11ms]
2026-06-10 21:23:36.205 [info] > git merge-base HEAD @{upstream} [27ms]
2026-06-10 21:23:36.217 [info] > git config --get --local core.virtualfilesystem [11ms]
2026-06-10 21:23:36.217 [warning] [Git][config] git config failed: Failed to execute git
2026-06-10 21:23:36.227 [info] > git config --get --local core.sparsecheckout [9ms]
2026-06-10 21:23:36.227 [warning] [Git][config] git config failed: Failed to execute git
2026-06-10 21:23:36.263 [info] > git show -s --decorate=full --shortstat --format=%H%n%aN%n%aE%n%at%n%ct%n%P%n%D%n%B -z 91a8e16527376e2ea8565c092eeab61c64cfdb49 -- [36ms]
2026-06-10 21:23:36.277 [info] > git log --format=%H%n%aN%n%aE%n%at%n%ct%n%P%n%D%n%B -z 91a8e16527376e2ea8565c092eeab61c64cfdb49..HEAD [13ms]
2026-06-10 21:23:36.304 [info] > git diff --name-status -z --diff-filter=ADMR 91a8e16527376e2ea8565c092eeab61c64cfdb49 -- [14ms]
2026-06-10 21:23:36.315 [info] > git diff 91a8e16527376e2ea8565c092eeab61c64cfdb49 -- .DS_Store [10ms]
2026-06-10 21:23:36.326 [info] > git diff 91a8e16527376e2ea8565c092eeab61c64cfdb49 -- best_posts_cache.json [10ms]
2026-06-10 21:23:36.339 [info] > git diff 91a8e16527376e2ea8565c092eeab61c64cfdb49 -- data/combined_small.json [12ms]
2026-06-10 21:23:36.349 [info] > git diff 91a8e16527376e2ea8565c092eeab61c64cfdb49 -- data/samples/master_locations_sample.json [9ms]
2026-06-10 21:23:36.366 [info] > git diff 91a8e16527376e2ea8565c092eeab61c64cfdb49 -- data/samples/master_pois_sample.json [15ms]
2026-06-10 21:23:36.395 [info] > git diff 91a8e16527376e2ea8565c092eeab61c64cfdb49 -- index.html [29ms]
2026-06-10 21:23:36.408 [info] > git diff 91a8e16527376e2ea8565c092eeab61c64cfdb49 -- package-lock.json [12ms]
2026-06-10 21:23:36.419 [info] > git diff 91a8e16527376e2ea8565c092eeab61c64cfdb49 -- package.json [11ms]
2026-06-10 21:23:36.429 [info] > git diff 91a8e16527376e2ea8565c092eeab61c64cfdb49 -- pois/manifest.json [10ms]
2026-06-10 21:23:36.523 [info] > git diff 91a8e16527376e2ea8565c092eeab61c64cfdb49 -- pois/places.json.bak.1780688705735 [88ms]
2026-06-10 21:23:36.748 [info] > git diff 91a8e16527376e2ea8565c092eeab61c64cfdb49 -- pois/places.json.bak.1780688706487 [218ms]
2026-06-10 21:23:36.958 [info] > git diff 91a8e16527376e2ea8565c092eeab61c64cfdb49 -- pois/places.json.bak.1780688708518 [205ms]
2026-06-10 21:23:37.023 [info] > git diff 91a8e16527376e2ea8565c092eeab61c64cfdb49 -- top_liked_cache.json [64ms]
2026-06-10 21:24:22.664 [info] > git config --get commit.template [58ms]
2026-06-10 21:24:22.689 [info] > git for-each-ref --format=%(refname)%00%(upstream:short)%00%(objectname)%00%(upstream:track)%00%(upstream:remotename)%00%(upstream:remoteref) --ignore-case refs/heads/main refs/remotes/main [81ms]
2026-06-10 21:24:22.709 [info] > git for-each-ref --sort -committerdate --format %(refname)%00%(objectname)%00%(*objectname) [19ms]
2026-06-10 21:24:22.718 [info] > git status -z -uall [28ms]
2026-06-10 21:24:27.626 [info] > git check-ignore -v -z --stdin [27ms]
2026-06-10 21:24:28.492 [info] > git check-ignore -v -z --stdin [22ms]
2026-06-10 21:24:29.372 [info] > git check-ignore -v -z --stdin [32ms]
2026-06-10 21:24:30.194 [info] > git check-ignore -v -z --stdin [22ms]
2026-06-10 21:24:31.086 [info] > git check-ignore -v -z --stdin [20ms]
2026-06-10 21:24:31.771 [info] > git check-ignore -v -z --stdin [23ms]
2026-06-10 21:24:32.653 [info] > git config --get commit.template [24ms]
2026-06-10 21:24:32.664 [info] > git for-each-ref --format=%(refname)%00%(upstream:short)%00%(objectname)%00%(upstream:track)%00%(upstream:remotename)%00%(upstream:remoteref) --ignore-case refs/heads/main refs/remotes/main [33ms]
2026-06-10 21:24:32.683 [info] > git for-each-ref --sort -committerdate --format %(refname)%00%(objectname)%00%(*objectname) [17ms]
2026-06-10 21:24:32.687 [info] > git status -z -uall [22ms]
2026-06-10 21:24:33.011 [info] > git check-ignore -v -z --stdin [19ms]
2026-06-10 21:25:22.287 [info] > git merge-base HEAD @{upstream} [125ms]
2026-06-10 21:25:22.305 [info] > git config --get --local core.virtualfilesystem [11ms]
2026-06-10 21:25:22.305 [warning] [Git][config] git config failed: Failed to execute git
2026-06-10 21:25:22.315 [info] > git config --get --local core.sparsecheckout [9ms]
2026-06-10 21:25:22.315 [warning] [Git][config] git config failed: Failed to execute git
2026-06-10 21:25:22.353 [info] > git show -s --decorate=full --shortstat --format=%H%n%aN%n%aE%n%at%n%ct%n%P%n%D%n%B -z 91a8e16527376e2ea8565c092eeab61c64cfdb49 -- [38ms]
2026-06-10 21:25:22.369 [info] > git log --format=%H%n%aN%n%aE%n%at%n%ct%n%P%n%D%n%B -z 91a8e16527376e2ea8565c092eeab61c64cfdb49..HEAD [15ms]
2026-06-10 21:25:22.393 [info] > git diff --name-status -z --diff-filter=ADMR 91a8e16527376e2ea8565c092eeab61c64cfdb49 -- [23ms]
2026-06-10 21:25:22.406 [info] > git diff 91a8e16527376e2ea8565c092eeab61c64cfdb49 -- .DS_Store [12ms]
2026-06-10 21:25:22.419 [info] > git diff 91a8e16527376e2ea8565c092eeab61c64cfdb49 -- best_posts_cache.json [12ms]
2026-06-10 21:25:22.437 [info] > git diff 91a8e16527376e2ea8565c092eeab61c64cfdb49 -- data/combined_small.json [17ms]
2026-06-10 21:25:22.450 [info] > git diff 91a8e16527376e2ea8565c092eeab61c64cfdb49 -- data/samples/master_locations_sample.json [13ms]
2026-06-10 21:25:22.472 [info] > git diff 91a8e16527376e2ea8565c092eeab61c64cfdb49 -- data/samples/master_pois_sample.json [21ms]
2026-06-10 21:25:22.526 [info] > git diff 91a8e16527376e2ea8565c092eeab61c64cfdb49 -- index.html [53ms]
2026-06-10 21:25:22.541 [info] > git diff 91a8e16527376e2ea8565c092eeab61c64cfdb49 -- package-lock.json [14ms]
2026-06-10 21:25:22.557 [info] > git diff 91a8e16527376e2ea8565c092eeab61c64cfdb49 -- package.json [14ms]
2026-06-10 21:25:22.569 [info] > git diff 91a8e16527376e2ea8565c092eeab61c64cfdb49 -- pois/manifest.json [12ms]
2026-06-10 21:25:22.697 [info] > git diff 91a8e16527376e2ea8565c092eeab61c64cfdb49 -- pois/places.json.bak.1780688705735 [121ms]
2026-06-10 21:25:22.945 [info] > git diff 91a8e16527376e2ea8565c092eeab61c64cfdb49 -- pois/places.json.bak.1780688706487 [242ms]
2026-06-10 21:25:23.204 [info] > git diff 91a8e16527376e2ea8565c092eeab61c64cfdb49 -- pois/places.json.bak.1780688708518 [253ms]
2026-06-10 21:25:23.218 [info] > git diff 91a8e16527376e2ea8565c092eeab61c64cfdb49 -- top_liked_cache.json [13ms]
2026-06-10 21:25:24.724 [info] > git config --get commit.template [23ms]
2026-06-10 21:25:24.725 [info] > git for-each-ref --format=%(refname)%00%(upstream:short)%00%(objectname)%00%(upstream:track)%00%(upstream:remotename)%00%(upstream:remoteref) --ignore-case refs/heads/main refs/remotes/main [23ms]
2026-06-10 21:25:24.749 [info] > git for-each-ref --sort -committerdate --format %(refname)%00%(objectname)%00%(*objectname) [22ms]
2026-06-10 21:25:24.773 [info] > git status -z -uall [47ms]
2026-06-10 21:25:26.816 [info] > git check-ignore -v -z --stdin [13ms]
