2026-06-10 21:18:38.430 [info] [main] Log level: Info
2026-06-10 21:18:38.442 [info] [main] Validating found git in: "/usr/bin/git"
2026-06-10 21:18:38.487 [info] [main] Using git "2.50.1 (Apple Git-155)" from "/usr/bin/git"
2026-06-10 21:18:38.487 [info] [Model][doInitialScan] Initial repository scan started
2026-06-10 21:18:38.509 [info] > git rev-parse --show-toplevel [17ms]
2026-06-10 21:18:38.525 [info] > git rev-parse --git-dir --git-common-dir --show-superproject-working-tree [15ms]
2026-06-10 21:18:38.530 [info] [Model][openRepository] Opened repository (path): /Users/francisblack/Downloads/Fedex
2026-06-10 21:18:38.530 [info] [Model][openRepository] Opened repository (real path): /Users/francisblack/Downloads/Fedex
2026-06-10 21:18:38.530 [info] [Model][openRepository] Opened repository (kind): repository
2026-06-10 21:18:38.570 [info] > git config --get --local core.virtualfilesystem [37ms]
2026-06-10 21:18:38.570 [warning] [Git][config] git config failed: Failed to execute git
2026-06-10 21:18:38.570 [info] > git config --get commit.template [38ms]
2026-06-10 21:18:38.580 [info] > git rev-parse --show-toplevel [47ms]
2026-06-10 21:18:38.589 [info] > git for-each-ref --format=%(refname)%00%(upstream:short)%00%(objectname)%00%(upstream:track)%00%(upstream:remotename)%00%(upstream:remoteref) --ignore-case refs/heads/main refs/remotes/main [55ms]
2026-06-10 21:18:38.595 [info] > git rev-parse --show-toplevel [14ms]
2026-06-10 21:18:38.612 [info] > git rev-parse --show-toplevel [16ms]
2026-06-10 21:18:38.615 [info] > git status -z -uall [25ms]
2026-06-10 21:18:38.618 [info] > git for-each-ref --sort -committerdate --format %(refname)%00%(objectname)%00%(*objectname) [26ms]
2026-06-10 21:18:38.657 [info] > git rev-parse --show-toplevel [43ms]
2026-06-10 21:18:38.676 [info] > git config --get commit.template [21ms]
2026-06-10 21:18:38.676 [info] > git for-each-ref --format=%(refname)%00%(upstream:short)%00%(objectname)%00%(upstream:track)%00%(upstream:remotename)%00%(upstream:remoteref) --ignore-case refs/heads/main refs/remotes/main [47ms]
2026-06-10 21:18:38.677 [info] > git for-each-ref --format=%(refname)%00%(upstream:short)%00%(objectname)%00%(upstream:track)%00%(upstream:remotename)%00%(upstream:remoteref) --ignore-case refs/heads/main refs/remotes/main [16ms]
2026-06-10 21:18:38.677 [info] > git rev-parse --show-toplevel [19ms]
2026-06-10 21:18:38.694 [info] > git config --get --local branch.main.vscode-merge-base [17ms]
2026-06-10 21:18:38.695 [info] > git rev-parse --show-toplevel [17ms]
2026-06-10 21:18:38.697 [info] > git status -z -uall [18ms]
2026-06-10 21:18:38.697 [info] > git for-each-ref --sort -committerdate --format %(refname)%00%(objectname)%00%(*objectname) [18ms]
2026-06-10 21:18:38.716 [info] > git rev-parse --show-toplevel [20ms]
2026-06-10 21:18:38.718 [info] > git for-each-ref --format=%(refname)%00%(upstream:short)%00%(objectname)%00%(upstream:track)%00%(upstream:remotename)%00%(upstream:remoteref) --ignore-case refs/heads/origin/main refs/remotes/origin/main [23ms]
2026-06-10 21:18:38.737 [info] > git rev-parse --show-toplevel [20ms]
2026-06-10 21:18:38.739 [info] > git merge-base refs/heads/main refs/remotes/origin/main [19ms]
2026-06-10 21:18:38.740 [info] > git merge-base refs/heads/main refs/remotes/origin/main [20ms]
2026-06-10 21:18:38.771 [info] > git rev-parse --show-toplevel [32ms]
2026-06-10 21:18:38.773 [info] > git diff --raw --numstat --diff-filter=ADMR -z --find-renames=50% 91a8e16527376e2ea8565c092eeab61c64cfdb49...refs/remotes/origin/main -- [33ms]
2026-06-10 21:18:38.773 [info] > git diff --raw --numstat --diff-filter=ADMR -z --find-renames=50% 91a8e16527376e2ea8565c092eeab61c64cfdb49...refs/remotes/origin/main -- [33ms]
2026-06-10 21:18:38.795 [info] > git rev-parse --show-toplevel [21ms]
2026-06-10 21:18:38.809 [info] > git rev-parse --show-toplevel [13ms]
2026-06-10 21:18:38.856 [info] > git rev-parse --show-toplevel [46ms]
2026-06-10 21:18:38.857 [info] [Model][doInitialScan] Initial repository scan completed - repositories (1), closed repositories (0), parent repositories (0), unsafe repositories (0)
2026-06-10 21:18:39.371 [info] > git check-ignore -v -z --stdin [223ms]
2026-06-10 21:18:39.733 [info] > git config --get commit.template [32ms]
2026-06-10 21:18:39.734 [info] > git for-each-ref --format=%(refname)%00%(upstream:short)%00%(objectname)%00%(upstream:track)%00%(upstream:remotename)%00%(upstream:remoteref) --ignore-case refs/heads/main refs/remotes/main [26ms]
2026-06-10 21:18:39.749 [info] > git for-each-ref --sort -committerdate --format %(refname)%00%(objectname)%00%(*objectname) [13ms]
2026-06-10 21:18:39.749 [info] > git status -z -uall [14ms]
2026-06-10 21:18:52.573 [info] > git check-ignore -v -z --stdin [1426ms]
2026-06-10 21:18:52.850 [info] > git ls-files --stage -- index.html [213ms]
2026-06-10 21:18:52.862 [info] > git show --textconv :index.html [226ms]
2026-06-10 21:18:52.891 [info] > git cat-file -s 9bc9a979f6d13dbfce23e286964694e0f2e1acee [41ms]
2026-06-10 21:18:52.992 [info] > git check-ignore -v -z --stdin [32ms]
2026-06-10 21:18:57.096 [info] > git blame --root --incremental 91a8e16527376e2ea8565c092eeab61c64cfdb49 -- index.html [4128ms]
2026-06-10 21:20:23.055 [info] > git config --get commit.template [46ms]
2026-06-10 21:20:23.154 [info] > git for-each-ref --format=%(refname)%00%(upstream:short)%00%(objectname)%00%(upstream:track)%00%(upstream:remotename)%00%(upstream:remoteref) --ignore-case refs/heads/main refs/remotes/main [106ms]
2026-06-10 21:20:23.202 [info] > git for-each-ref --sort -committerdate --format %(refname)%00%(objectname)%00%(*objectname) [39ms]
2026-06-10 21:20:23.256 [info] > git status -z -uall [94ms]
2026-06-10 21:20:33.619 [info] > git check-ignore -v -z --stdin [20ms]
2026-06-10 21:20:33.633 [info] > git ls-files --stage -- index.html [11ms]
2026-06-10 21:20:33.645 [info] > git show --textconv :index.html [24ms]
2026-06-10 21:20:33.646 [info] > git cat-file -s 9bc9a979f6d13dbfce23e286964694e0f2e1acee [13ms]
2026-06-10 21:20:47.701 [info] > git merge-base HEAD @{upstream} [56ms]
2026-06-10 21:20:47.713 [info] > git config --get --local core.virtualfilesystem [10ms]
2026-06-10 21:20:47.713 [warning] [Git][config] git config failed: Failed to execute git
2026-06-10 21:20:47.723 [info] > git config --get --local core.sparsecheckout [10ms]
2026-06-10 21:20:47.723 [warning] [Git][config] git config failed: Failed to execute git
2026-06-10 21:20:47.768 [info] > git show -s --decorate=full --shortstat --format=%H%n%aN%n%aE%n%at%n%ct%n%P%n%D%n%B -z 91a8e16527376e2ea8565c092eeab61c64cfdb49 -- [43ms]
2026-06-10 21:20:47.783 [info] > git log --format=%H%n%aN%n%aE%n%at%n%ct%n%P%n%D%n%B -z 91a8e16527376e2ea8565c092eeab61c64cfdb49..HEAD [14ms]
2026-06-10 21:20:48.162 [info] > git diff --name-status -z --diff-filter=ADMR 91a8e16527376e2ea8565c092eeab61c64cfdb49 -- [18ms]
2026-06-10 21:20:48.177 [info] > git diff 91a8e16527376e2ea8565c092eeab61c64cfdb49 -- .DS_Store [14ms]
2026-06-10 21:20:48.189 [info] > git diff 91a8e16527376e2ea8565c092eeab61c64cfdb49 -- best_posts_cache.json [11ms]
2026-06-10 21:20:48.203 [info] > git diff 91a8e16527376e2ea8565c092eeab61c64cfdb49 -- data/combined_small.json [13ms]
2026-06-10 21:20:48.214 [info] > git diff 91a8e16527376e2ea8565c092eeab61c64cfdb49 -- data/samples/master_locations_sample.json [10ms]
2026-06-10 21:20:48.243 [info] > git diff 91a8e16527376e2ea8565c092eeab61c64cfdb49 -- data/samples/master_pois_sample.json [28ms]
2026-06-10 21:20:48.273 [info] > git diff 91a8e16527376e2ea8565c092eeab61c64cfdb49 -- index.html [29ms]
2026-06-10 21:20:48.285 [info] > git diff 91a8e16527376e2ea8565c092eeab61c64cfdb49 -- package-lock.json [12ms]
2026-06-10 21:20:48.296 [info] > git diff 91a8e16527376e2ea8565c092eeab61c64cfdb49 -- package.json [11ms]
2026-06-10 21:20:48.306 [info] > git diff 91a8e16527376e2ea8565c092eeab61c64cfdb49 -- pois/manifest.json [10ms]
2026-06-10 21:20:48.377 [info] > git diff 91a8e16527376e2ea8565c092eeab61c64cfdb49 -- pois/places.json.bak.1780688705735 [65ms]
2026-06-10 21:20:48.578 [info] > git diff 91a8e16527376e2ea8565c092eeab61c64cfdb49 -- pois/places.json.bak.1780688706487 [195ms]
2026-06-10 21:20:48.778 [info] > git diff 91a8e16527376e2ea8565c092eeab61c64cfdb49 -- pois/places.json.bak.1780688708518 [194ms]
2026-06-10 21:20:48.792 [info] > git diff 91a8e16527376e2ea8565c092eeab61c64cfdb49 -- top_liked_cache.json [13ms]
2026-06-10 21:20:52.224 [info] > git check-ignore -v -z --stdin [30ms]
2026-06-10 21:21:30.241 [info] [main] Log level: Info
2026-06-10 21:21:30.257 [info] [main] Validating found git in: "/usr/bin/git"
2026-06-10 21:21:30.358 [info] [main] Using git "2.50.1 (Apple Git-155)" from "/usr/bin/git"
2026-06-10 21:21:30.358 [info] [Model][doInitialScan] Initial repository scan started
2026-06-10 21:21:30.414 [info] > git rev-parse --show-toplevel [25ms]
2026-06-10 21:21:30.953 [info] > git rev-parse --git-dir --git-common-dir --show-superproject-working-tree [538ms]
2026-06-10 21:21:30.986 [info] [Model][openRepository] Opened repository (path): /Users/francisblack/Downloads/Fedex
2026-06-10 21:21:30.986 [info] [Model][openRepository] Opened repository (real path): /Users/francisblack/Downloads/Fedex
2026-06-10 21:21:30.986 [info] [Model][openRepository] Opened repository (kind): repository
2026-06-10 21:21:31.032 [info] > git config --get commit.template [44ms]
2026-06-10 21:21:31.032 [info] > git config --get --local core.virtualfilesystem [45ms]
2026-06-10 21:21:31.032 [warning] [Git][config] git config failed: Failed to execute git
2026-06-10 21:21:31.039 [info] > git rev-parse --show-toplevel [51ms]
2026-06-10 21:21:31.059 [info] > git rev-parse --show-toplevel [19ms]
2026-06-10 21:21:31.073 [info] > git for-each-ref --format=%(refname)%00%(upstream:short)%00%(objectname)%00%(upstream:track)%00%(upstream:remotename)%00%(upstream:remoteref) --ignore-case refs/heads/main refs/remotes/main [36ms]
2026-06-10 21:21:31.077 [info] > git rev-parse --show-toplevel [17ms]
2026-06-10 21:21:31.092 [info] > git rev-parse --show-toplevel [14ms]
2026-06-10 21:21:31.104 [info] > git status -z -uall [30ms]
2026-06-10 21:21:31.107 [info] > git rev-parse --show-toplevel [13ms]
2026-06-10 21:21:31.113 [info] > git for-each-ref --sort -committerdate --format %(refname)%00%(objectname)%00%(*objectname) [37ms]
2026-06-10 21:21:31.129 [info] > git rev-parse --show-toplevel [22ms]
2026-06-10 21:21:31.142 [info] > git for-each-ref --format=%(refname)%00%(upstream:short)%00%(objectname)%00%(upstream:track)%00%(upstream:remotename)%00%(upstream:remoteref) --ignore-case refs/heads/main refs/remotes/main [25ms]
2026-06-10 21:21:31.152 [info] > git config --get commit.template [30ms]
2026-06-10 21:21:31.175 [info] > git rev-parse --show-toplevel [38ms]
2026-06-10 21:21:31.176 [info] > git for-each-ref --format=%(refname)%00%(upstream:short)%00%(objectname)%00%(upstream:track)%00%(upstream:remotename)%00%(upstream:remoteref) --ignore-case refs/heads/main refs/remotes/main [41ms]
2026-06-10 21:21:31.177 [info] > git config --get --local branch.main.vscode-merge-base [34ms]
2026-06-10 21:21:31.194 [info] > git for-each-ref --format=%(refname)%00%(upstream:short)%00%(objectname)%00%(upstream:track)%00%(upstream:remotename)%00%(upstream:remoteref) --ignore-case refs/heads/origin/main refs/remotes/origin/main [17ms]
2026-06-10 21:21:31.198 [info] > git status -z -uall [20ms]
2026-06-10 21:21:31.199 [info] > git rev-parse --show-toplevel [23ms]
2026-06-10 21:21:31.199 [info] > git for-each-ref --sort -committerdate --format %(refname)%00%(objectname)%00%(*objectname) [21ms]
2026-06-10 21:21:31.216 [info] > git merge-base refs/heads/main refs/remotes/origin/main [21ms]
2026-06-10 21:21:31.220 [info] > git rev-parse --show-toplevel [18ms]
2026-06-10 21:21:31.222 [info] > git merge-base refs/heads/main refs/remotes/origin/main [22ms]
2026-06-10 21:21:31.239 [info] > git diff --raw --numstat --diff-filter=ADMR -z --find-renames=50% 91a8e16527376e2ea8565c092eeab61c64cfdb49...refs/remotes/origin/main -- [21ms]
2026-06-10 21:21:31.240 [info] > git rev-parse --show-toplevel [18ms]
2026-06-10 21:21:31.243 [info] > git diff --raw --numstat --diff-filter=ADMR -z --find-renames=50% 91a8e16527376e2ea8565c092eeab61c64cfdb49...refs/remotes/origin/main -- [20ms]
2026-06-10 21:21:31.256 [info] > git rev-parse --show-toplevel [15ms]
2026-06-10 21:21:31.272 [info] > git rev-parse --show-toplevel [15ms]
2026-06-10 21:21:31.273 [info] [Model][doInitialScan] Initial repository scan completed - repositories (1), closed repositories (0), parent repositories (0), unsafe repositories (0)
2026-06-10 21:21:31.292 [info] > git ls-files --stage -- index.html [18ms]
2026-06-10 21:21:31.294 [info] > git config --get commit.template [18ms]
2026-06-10 21:21:31.305 [info] > git for-each-ref --format=%(refname)%00%(upstream:short)%00%(objectname)%00%(upstream:track)%00%(upstream:remotename)%00%(upstream:remoteref) --ignore-case refs/heads/main refs/remotes/main [28ms]
2026-06-10 21:21:31.310 [info] > git check-ignore -v -z --stdin [20ms]
2026-06-10 21:21:31.313 [info] > git cat-file -s 9bc9a979f6d13dbfce23e286964694e0f2e1acee [21ms]
2026-06-10 21:21:31.336 [info] > git status -z -uall [29ms]
2026-06-10 21:21:31.338 [info] > git for-each-ref --sort -committerdate --format %(refname)%00%(objectname)%00%(*objectname) [30ms]
2026-06-10 21:21:31.367 [info] > git show --textconv :index.html [52ms]
2026-06-10 21:21:31.543 [info] > git check-ignore -v -z --stdin [11ms]
2026-06-10 21:21:31.658 [info] > git check-ignore -v -z --stdin [11ms]
