2026-06-10 21:29:51.546 [info] Reading sessions from keychain...
2026-06-10 21:29:51.546 [info] Got stored sessions!
2026-06-10 21:29:51.546 [info] Got 2 verified sessions.
2026-06-10 21:29:51.546 [info] Getting sessions for all scopes...
2026-06-10 21:29:51.546 [info] Got 2 sessions for ...
2026-06-10 21:29:51.546 [info] Getting sessions for all scopes...
2026-06-10 21:29:51.546 [info] Got 2 sessions for ...
2026-06-10 21:29:51.546 [info] Getting sessions for all scopes...
2026-06-10 21:29:51.546 [info] Got 2 sessions for ...
2026-06-10 21:29:51.546 [info] Getting sessions for all scopes...
2026-06-10 21:29:51.546 [info] Got 2 sessions for ...
2026-06-10 21:29:51.546 [info] Getting sessions for all scopes...
2026-06-10 21:29:51.546 [info] Got 2 sessions for ...
2026-06-10 21:29:51.546 [info] Getting sessions for all scopes...
2026-06-10 21:29:51.546 [info] Got 2 sessions for ...
2026-06-10 21:29:51.546 [info] Getting sessions for all scopes...
2026-06-10 21:29:51.546 [info] Got 2 sessions for ...
2026-06-10 21:29:51.546 [info] Getting sessions for read:user,repo,user:email,workflow...
2026-06-10 21:29:51.546 [info] Got 1 sessions for read:user,repo,user:email,workflow...
2026-06-10 21:29:51.566 [info] Getting sessions for all scopes...
2026-06-10 21:29:51.566 [info] Got 2 sessions for ...
2026-06-10 21:29:51.586 [info] Getting sessions for read:user,repo,user:email,workflow...
2026-06-10 21:29:51.586 [info] Got 1 sessions for read:user,repo,user:email,workflow...
2026-06-10 21:29:51.815 [info] Getting sessions for read:user,repo,user:email,workflow...
2026-06-10 21:29:51.815 [info] Got 1 sessions for read:user,repo,user:email,workflow...
2026-06-10 21:29:52.303 [info] Getting sessions for all scopes...
2026-06-10 21:29:52.303 [info] Got 2 sessions for ...
2026-06-10 21:29:52.303 [info] Getting sessions for all scopes...
2026-06-10 21:29:52.303 [info] Got 2 sessions for ...
2026-06-10 21:29:54.155 [info] Getting sessions for read:user,repo,user:email,workflow...
2026-06-10 21:29:54.155 [info] Got 1 sessions for read:user,repo,user:email,workflow...
2026-06-10 21:29:54.244 [info] Getting sessions for all scopes...
2026-06-10 21:29:54.269 [info] Got 2 sessions for ...
2026-06-10 21:29:54.269 [info] Getting sessions for all scopes...
2026-06-10 21:29:54.269 [info] Got 2 sessions for ...
2026-06-10 21:29:54.275 [info] Getting sessions for all scopes...
2026-06-10 21:29:54.275 [info] Got 2 sessions for ...
2026-06-10 21:29:54.326 [info] Getting sessions for read:user,repo,user:email,workflow...
2026-06-10 21:29:54.326 [info] Got 1 sessions for read:user,repo,user:email,workflow...
2026-06-10 21:29:54.334 [info] Getting sessions for all scopes...
2026-06-10 21:29:54.334 [info] Got 2 sessions for ...
2026-06-10 21:29:54.387 [info] Getting sessions for all scopes...
2026-06-10 21:29:54.387 [info] Got 2 sessions for ...
2026-06-10 21:29:54.542 [info] FetcherService: Electron fetch failed with status: 429 
2026-06-10 21:29:54.543 [info] Unable to resolve optional EDU details. Status: 429 
2026-06-10 21:29:54.754 [info] Getting sessions for all scopes...
2026-06-10 21:29:54.754 [info] Got 2 sessions for ...
2026-06-10 21:29:54.754 [info] Getting sessions for read:user,repo,user:email,workflow...
2026-06-10 21:29:54.754 [info] Got 1 sessions for read:user,repo,user:email,workflow...
2026-06-10 21:29:54.774 [info] Getting sessions for all scopes...
2026-06-10 21:29:54.774 [info] Got 2 sessions for ...
2026-06-10 21:29:54.775 [info] Getting sessions for read:user,repo,user:email,workflow...
2026-06-10 21:29:54.776 [info] Got 1 sessions for read:user,repo,user:email,workflow...
2026-06-10 21:29:57.008 [info] Getting sessions for all scopes...
2026-06-10 21:29:57.009 [info] Got 2 sessions for ...
2026-06-10 21:29:57.129 [info] Getting sessions for read:user,repo,user:email,workflow...
2026-06-10 21:29:58.597 [info] Got 1 sessions for read:user,repo,user:email,workflow...
