2026-06-10 21:17:45.592 [info] Reading sessions from keychain...
2026-06-10 21:17:45.592 [info] Got stored sessions!
2026-06-10 21:17:45.592 [info] Got 2 verified sessions.
2026-06-10 21:17:45.592 [info] Getting sessions for all scopes...
2026-06-10 21:17:45.592 [info] Got 2 sessions for ...
2026-06-10 21:17:45.592 [info] Getting sessions for all scopes...
2026-06-10 21:17:45.592 [info] Got 2 sessions for ...
2026-06-10 21:17:45.592 [info] Getting sessions for all scopes...
2026-06-10 21:17:45.592 [info] Got 2 sessions for ...
2026-06-10 21:17:45.592 [info] Getting sessions for all scopes...
2026-06-10 21:17:45.592 [info] Got 2 sessions for ...
2026-06-10 21:17:45.592 [info] Getting sessions for all scopes...
2026-06-10 21:17:45.592 [info] Got 2 sessions for ...
2026-06-10 21:17:45.592 [info] Getting sessions for all scopes...
2026-06-10 21:17:45.592 [info] Got 2 sessions for ...
2026-06-10 21:17:45.592 [info] Getting sessions for all scopes...
2026-06-10 21:17:45.592 [info] Got 2 sessions for ...
2026-06-10 21:17:45.595 [info] Getting sessions for read:user,repo,user:email,workflow...
2026-06-10 21:17:45.595 [info] Got 1 sessions for read:user,repo,user:email,workflow...
2026-06-10 21:17:45.598 [info] Getting sessions for all scopes...
2026-06-10 21:17:45.598 [info] Got 2 sessions for ...
2026-06-10 21:17:45.599 [info] Getting sessions for read:user,repo,user:email,workflow...
2026-06-10 21:17:45.599 [info] Got 1 sessions for read:user,repo,user:email,workflow...
2026-06-10 21:17:45.805 [info] Getting sessions for all scopes...
2026-06-10 21:17:45.805 [info] Got 2 sessions for ...
2026-06-10 21:17:45.805 [info] Getting sessions for all scopes...
2026-06-10 21:17:45.805 [info] Got 2 sessions for ...
2026-06-10 21:17:46.286 [info] Getting sessions for read:user,repo,user:email,workflow...
2026-06-10 21:17:46.286 [info] Got 1 sessions for read:user,repo,user:email,workflow...
2026-06-10 21:17:46.349 [info] Getting sessions for all scopes...
2026-06-10 21:17:46.349 [info] Got 2 sessions for ...
2026-06-10 21:17:46.349 [info] Getting sessions for all scopes...
2026-06-10 21:17:46.349 [info] Got 2 sessions for ...
2026-06-10 21:17:46.354 [info] Getting sessions for read:user,repo,user:email,workflow...
2026-06-10 21:17:46.354 [info] Got 1 sessions for read:user,repo,user:email,workflow...
2026-06-10 21:17:46.390 [info] Getting sessions for read:user,repo,user:email,workflow...
2026-06-10 21:17:46.390 [info] Got 1 sessions for read:user,repo,user:email,workflow...
2026-06-10 21:17:46.561 [info] Getting sessions for all scopes...
2026-06-10 21:17:46.561 [info] Got 2 sessions for ...
2026-06-10 21:17:46.579 [info] Getting sessions for read:user,repo,user:email,workflow...
2026-06-10 21:17:46.579 [info] Got 1 sessions for read:user,repo,user:email,workflow...
2026-06-10 21:17:46.615 [info] Getting sessions for all scopes...
2026-06-10 21:17:46.615 [info] Got 2 sessions for ...
2026-06-10 21:17:46.615 [info] Getting sessions for read:user,repo,user:email,workflow...
2026-06-10 21:17:46.615 [info] Got 1 sessions for read:user,repo,user:email,workflow...
2026-06-10 21:17:46.626 [info] Getting sessions for all scopes...
2026-06-10 21:17:46.626 [info] Got 2 sessions for ...
2026-06-10 21:17:46.626 [info] Getting sessions for read:user,repo,user:email,workflow...
2026-06-10 21:17:46.631 [info] Got 1 sessions for read:user,repo,user:email,workflow...
2026-06-10 21:17:46.672 [info] FetcherService: Electron fetch failed with status: 429 
2026-06-10 21:17:46.674 [info] Unable to resolve optional EDU details. Status: 429 
