2026-06-10 21:31:58.180 [info] [main] Log level: Info
2026-06-10 21:31:58.248 [info] [main] Validating found git in: "/usr/bin/git"
2026-06-10 21:31:58.300 [info] [main] Using git "2.50.1 (Apple Git-155)" from "/usr/bin/git"
2026-06-10 21:31:58.300 [info] [Model][doInitialScan] Initial repository scan started
2026-06-10 21:31:58.348 [info] > git rev-parse --show-toplevel [45ms]
2026-06-10 21:31:58.370 [info] > git rev-parse --git-dir --git-common-dir --show-superproject-working-tree [20ms]
2026-06-10 21:31:59.589 [info] [Model][openRepository] Opened repository (path): /Users/francisblack/Downloads/Fedex
2026-06-10 21:31:59.589 [info] [Model][openRepository] Opened repository (real path): /Users/francisblack/Downloads/Fedex
2026-06-10 21:31:59.589 [info] [Model][openRepository] Opened repository (kind): repository
2026-06-10 21:31:59.746 [info] > git config --get --local core.virtualfilesystem [153ms]
2026-06-10 21:31:59.753 [warning] [Git][config] git config failed: Failed to execute git
2026-06-10 21:31:59.753 [info] > git config --get commit.template [102ms]
2026-06-10 21:31:59.756 [info] > git rev-parse --show-toplevel [105ms]
2026-06-10 21:31:59.777 [info] > git rev-parse --show-toplevel [19ms]
2026-06-10 21:31:59.793 [info] > git rev-parse --show-toplevel [15ms]
2026-06-10 21:31:59.809 [info] > git rev-parse --show-toplevel [15ms]
2026-06-10 21:31:59.832 [info] > git for-each-ref --format=%(refname)%00%(upstream:short)%00%(objectname)%00%(upstream:track)%00%(upstream:remotename)%00%(upstream:remoteref) --ignore-case refs/heads/main refs/remotes/main [76ms]
2026-06-10 21:31:59.841 [info] > git rev-parse --show-toplevel [30ms]
2026-06-10 21:31:59.887 [info] > git rev-parse --show-toplevel [44ms]
2026-06-10 21:31:59.892 [info] > git status -z -uall [57ms]
2026-06-10 21:31:59.898 [info] > git for-each-ref --sort -committerdate --format %(refname)%00%(objectname)%00%(*objectname) [61ms]
2026-06-10 21:31:59.953 [info] > git rev-parse --show-toplevel [64ms]
2026-06-10 21:31:59.977 [info] > git config --get commit.template [63ms]
2026-06-10 21:31:59.980 [info] > git for-each-ref --format=%(refname)%00%(upstream:short)%00%(objectname)%00%(upstream:track)%00%(upstream:remotename)%00%(upstream:remoteref) --ignore-case refs/heads/main refs/remotes/main [77ms]
2026-06-10 21:31:59.981 [info] > git for-each-ref --format=%(refname)%00%(upstream:short)%00%(objectname)%00%(upstream:track)%00%(upstream:remotename)%00%(upstream:remoteref) --ignore-case refs/heads/main refs/remotes/main [55ms]
2026-06-10 21:31:59.994 [info] > git check-ignore -v -z --stdin [41ms]
2026-06-10 21:31:59.995 [info] > git rev-parse --show-toplevel [36ms]
2026-06-10 21:32:00.009 [info] > git config --get --local branch.main.vscode-merge-base [28ms]
2026-06-10 21:32:00.015 [info] > git for-each-ref --sort -committerdate --format %(refname)%00%(objectname)%00%(*objectname) [30ms]
2026-06-10 21:32:00.016 [info] > git status -z -uall [32ms]
2026-06-10 21:32:00.019 [info] > git rev-parse --show-toplevel [23ms]
2026-06-10 21:32:00.033 [info] > git for-each-ref --format=%(refname)%00%(upstream:short)%00%(objectname)%00%(upstream:track)%00%(upstream:remotename)%00%(upstream:remoteref) --ignore-case refs/heads/origin/main refs/remotes/origin/main [23ms]
2026-06-10 21:32:00.043 [info] > git rev-parse --show-toplevel [23ms]
2026-06-10 21:32:00.056 [info] > git merge-base refs/heads/main refs/remotes/origin/main [22ms]
2026-06-10 21:32:00.057 [info] > git merge-base refs/heads/main refs/remotes/origin/main [22ms]
2026-06-10 21:32:00.062 [info] > git rev-parse --show-toplevel [19ms]
2026-06-10 21:32:00.080 [info] > git diff --raw --numstat --diff-filter=ADMR -z --find-renames=50% 71061aa55a03c7e0f5f3886489488796b159c719...refs/remotes/origin/main -- [22ms]
2026-06-10 21:32:00.081 [info] > git diff --raw --numstat --diff-filter=ADMR -z --find-renames=50% 71061aa55a03c7e0f5f3886489488796b159c719...refs/remotes/origin/main -- [24ms]
2026-06-10 21:32:00.084 [info] > git rev-parse --show-toplevel [22ms]
2026-06-10 21:32:00.106 [info] > git rev-parse --show-toplevel [21ms]
2026-06-10 21:32:00.107 [info] [Model][doInitialScan] Initial repository scan completed - repositories (1), closed repositories (0), parent repositories (0), unsafe repositories (0)
2026-06-10 21:32:00.141 [info] > git ls-files --stage -- index.html [32ms]
2026-06-10 21:32:00.152 [info] > git show --textconv :index.html [44ms]
2026-06-10 21:32:00.173 [info] > git cat-file -s a6d5bc65535b10204b1907c85c088824d89ae8ef [31ms]
2026-06-10 21:32:00.262 [info] > git check-ignore -v -z --stdin [65ms]
2026-06-10 21:32:02.195 [info] > git check-ignore -v -z --stdin [63ms]
2026-06-10 21:32:02.225 [info] > git config --get commit.template [30ms]
2026-06-10 21:32:02.251 [info] > git for-each-ref --format=%(refname)%00%(upstream:short)%00%(objectname)%00%(upstream:track)%00%(upstream:remotename)%00%(upstream:remoteref) --ignore-case refs/heads/main refs/remotes/main [38ms]
2026-06-10 21:32:02.288 [info] > git status -z -uall [36ms]
2026-06-10 21:32:02.289 [info] > git for-each-ref --sort -committerdate --format %(refname)%00%(objectname)%00%(*objectname) [36ms]
2026-06-10 21:32:02.760 [info] > git check-ignore -v -z --stdin [31ms]
2026-06-10 21:32:05.643 [info] > git blame --root --incremental 71061aa55a03c7e0f5f3886489488796b159c719 -- index.html [3506ms]
2026-06-10 21:32:11.863 [info] > git merge-base HEAD @{upstream} [40ms]
2026-06-10 21:32:11.874 [info] > git config --get --local core.virtualfilesystem [10ms]
2026-06-10 21:32:11.874 [warning] [Git][config] git config failed: Failed to execute git
2026-06-10 21:32:11.884 [info] > git config --get --local core.sparsecheckout [10ms]
2026-06-10 21:32:11.884 [warning] [Git][config] git config failed: Failed to execute git
2026-06-10 21:32:11.936 [info] > git show -s --decorate=full --shortstat --format=%H%n%aN%n%aE%n%at%n%ct%n%P%n%D%n%B -z 71061aa55a03c7e0f5f3886489488796b159c719 -- [52ms]
2026-06-10 21:32:11.953 [info] > git log --format=%H%n%aN%n%aE%n%at%n%ct%n%P%n%D%n%B -z 71061aa55a03c7e0f5f3886489488796b159c719..HEAD [14ms]
2026-06-10 21:32:12.021 [info] > git diff --name-status -z --diff-filter=ADMR 71061aa55a03c7e0f5f3886489488796b159c719 -- [16ms]
2026-06-10 21:32:12.033 [info] > git diff 71061aa55a03c7e0f5f3886489488796b159c719 -- .DS_Store [11ms]
2026-06-10 21:32:12.044 [info] > git diff 71061aa55a03c7e0f5f3886489488796b159c719 -- best_posts_cache.json [11ms]
2026-06-10 21:32:12.061 [info] > git diff 71061aa55a03c7e0f5f3886489488796b159c719 -- data/combined_small.json [16ms]
2026-06-10 21:32:12.073 [info] > git diff 71061aa55a03c7e0f5f3886489488796b159c719 -- data/samples/master_locations_sample.json [12ms]
2026-06-10 21:32:12.092 [info] > git diff 71061aa55a03c7e0f5f3886489488796b159c719 -- data/samples/master_pois_sample.json [18ms]
2026-06-10 21:32:12.105 [info] > git diff 71061aa55a03c7e0f5f3886489488796b159c719 -- package-lock.json [12ms]
2026-06-10 21:32:12.116 [info] > git diff 71061aa55a03c7e0f5f3886489488796b159c719 -- package.json [10ms]
2026-06-10 21:32:12.128 [info] > git diff 71061aa55a03c7e0f5f3886489488796b159c719 -- pois/manifest.json [12ms]
2026-06-10 21:32:12.238 [info] > git diff 71061aa55a03c7e0f5f3886489488796b159c719 -- pois/places.json.bak.1780688705735 [104ms]
2026-06-10 21:32:12.453 [info] > git diff 71061aa55a03c7e0f5f3886489488796b159c719 -- pois/places.json.bak.1780688706487 [209ms]
2026-06-10 21:32:12.663 [info] > git diff 71061aa55a03c7e0f5f3886489488796b159c719 -- pois/places.json.bak.1780688708518 [204ms]
2026-06-10 21:32:12.676 [info] > git diff 71061aa55a03c7e0f5f3886489488796b159c719 -- top_liked_cache.json [12ms]
2026-06-10 21:32:12.689 [info] > git diff 71061aa55a03c7e0f5f3886489488796b159c719 -- wifi_database.json [12ms]
2026-06-10 21:32:13.199 [info] > git config --get commit.template [31ms]
2026-06-10 21:32:13.201 [info] > git for-each-ref --format=%(refname)%00%(upstream:short)%00%(objectname)%00%(upstream:track)%00%(upstream:remotename)%00%(upstream:remoteref) --ignore-case refs/heads/main refs/remotes/main [30ms]
2026-06-10 21:32:13.221 [info] > git for-each-ref --sort -committerdate --format %(refname)%00%(objectname)%00%(*objectname) [18ms]
2026-06-10 21:32:13.222 [info] > git status -z -uall [20ms]
2026-06-10 21:32:13.576 [info] > git check-ignore -v -z --stdin [43ms]
2026-06-10 21:32:31.757 [info] > git config --get commit.template [31ms]
2026-06-10 21:32:31.762 [info] > git check-ignore -v -z --stdin [13ms]
2026-06-10 21:32:31.763 [info] > git for-each-ref --format=%(refname)%00%(upstream:short)%00%(objectname)%00%(upstream:track)%00%(upstream:remotename)%00%(upstream:remoteref) --ignore-case refs/heads/main refs/remotes/main [36ms]
2026-06-10 21:32:31.780 [info] > git for-each-ref --sort -committerdate --format %(refname)%00%(objectname)%00%(*objectname) [16ms]
2026-06-10 21:32:31.782 [info] > git status -z -uall [17ms]
2026-06-10 21:32:32.107 [info] > git check-ignore -v -z --stdin [15ms]
2026-06-10 21:32:38.230 [info] > git config --get commit.template [16ms]
2026-06-10 21:32:38.234 [info] > git for-each-ref --format=%(refname)%00%(upstream:short)%00%(objectname)%00%(upstream:track)%00%(upstream:remotename)%00%(upstream:remoteref) --ignore-case refs/heads/main refs/remotes/main [20ms]
2026-06-10 21:32:38.249 [info] > git status -z -uall [15ms]
2026-06-10 21:32:38.249 [info] > git for-each-ref --sort -committerdate --format %(refname)%00%(objectname)%00%(*objectname) [14ms]
2026-06-10 21:32:40.192 [info] > git check-ignore -v -z --stdin [17ms]
2026-06-10 21:32:43.290 [info] > git config --get commit.template [33ms]
2026-06-10 21:32:43.292 [info] > git for-each-ref --format=%(refname)%00%(upstream:short)%00%(objectname)%00%(upstream:track)%00%(upstream:remotename)%00%(upstream:remoteref) --ignore-case refs/heads/main refs/remotes/main [33ms]
2026-06-10 21:32:43.313 [info] > git for-each-ref --sort -committerdate --format %(refname)%00%(objectname)%00%(*objectname) [19ms]
2026-06-10 21:32:43.321 [info] > git status -z -uall [28ms]
2026-06-10 21:32:43.337 [info] > git merge-base refs/heads/main refs/remotes/origin/main [13ms]
2026-06-10 21:32:43.353 [info] > git diff --raw --numstat --diff-filter=ADMR -z --find-renames=50% 5f32affd818b4543a886e666915554b676c02f5b...refs/remotes/origin/main -- [14ms]
2026-06-10 21:32:43.636 [info] > git check-ignore -v -z --stdin [11ms]
2026-06-10 21:32:44.149 [info] > git ls-files --stage -- index.html [11ms]
2026-06-10 21:32:44.159 [info] > git cat-file -s 6ae99077335fb2d203eaea766341ef20a4bbc7ef [10ms]
2026-06-10 21:32:44.173 [info] > git show --textconv :index.html [13ms]
2026-06-10 21:32:44.400 [info] > git check-ignore -v -z --stdin [10ms]
2026-06-10 21:32:47.336 [info] > git blame --root --incremental 5f32affd818b4543a886e666915554b676c02f5b -- index.html [4012ms]
2026-06-10 21:32:48.370 [info] > git config --get commit.template [39ms]
2026-06-10 21:32:48.381 [info] > git for-each-ref --format=%(refname)%00%(upstream:short)%00%(objectname)%00%(upstream:track)%00%(upstream:remotename)%00%(upstream:remoteref) --ignore-case refs/heads/main refs/remotes/main [47ms]
2026-06-10 21:32:48.401 [info] > git for-each-ref --sort -committerdate --format %(refname)%00%(objectname)%00%(*objectname) [18ms]
2026-06-10 21:32:48.405 [info] > git status -z -uall [23ms]
2026-06-10 21:32:48.737 [info] > git check-ignore -v -z --stdin [23ms]
