2026-06-10 22:15:40.932 [info] Reading sessions from keychain...
2026-06-10 22:15:40.932 [info] Got stored sessions!
2026-06-10 22:15:40.932 [info] Got 2 verified sessions.
2026-06-10 22:15:40.932 [info] Getting sessions for all scopes...
2026-06-10 22:15:40.932 [info] Got 2 sessions for ...
2026-06-10 22:15:40.932 [info] Getting sessions for all scopes...
2026-06-10 22:15:40.932 [info] Got 2 sessions for ...
2026-06-10 22:15:40.932 [info] Getting sessions for all scopes...
2026-06-10 22:15:40.932 [info] Got 2 sessions for ...
2026-06-10 22:15:40.932 [info] Getting sessions for all scopes...
2026-06-10 22:15:40.932 [info] Got 2 sessions for ...
2026-06-10 22:15:40.932 [info] Getting sessions for all scopes...
2026-06-10 22:15:40.932 [info] Got 2 sessions for ...
2026-06-10 22:15:40.932 [info] Getting sessions for all scopes...
2026-06-10 22:15:40.932 [info] Got 2 sessions for ...
2026-06-10 22:15:40.932 [info] Getting sessions for all scopes...
2026-06-10 22:15:40.932 [info] Got 2 sessions for ...
2026-06-10 22:15:40.932 [info] Getting sessions for read:user,repo,user:email,workflow...
2026-06-10 22:15:40.932 [info] Got 1 sessions for read:user,repo,user:email,workflow...
2026-06-10 22:15:40.939 [info] Getting sessions for all scopes...
2026-06-10 22:15:40.939 [info] Got 2 sessions for ...
2026-06-10 22:15:40.939 [info] Getting sessions for read:user,repo,user:email,workflow...
2026-06-10 22:15:40.939 [info] Got 1 sessions for read:user,repo,user:email,workflow...
2026-06-10 22:15:41.155 [info] Getting sessions for read:user,repo,user:email,workflow...
2026-06-10 22:15:41.155 [info] Got 1 sessions for read:user,repo,user:email,workflow...
2026-06-10 22:15:41.609 [info] Getting sessions for all scopes...
2026-06-10 22:15:41.609 [info] Got 2 sessions for ...
2026-06-10 22:15:41.609 [info] Getting sessions for all scopes...
2026-06-10 22:15:41.609 [info] Got 2 sessions for ...
2026-06-10 22:15:41.665 [info] Getting sessions for read:user,repo,user:email,workflow...
2026-06-10 22:15:41.665 [info] Got 1 sessions for read:user,repo,user:email,workflow...
2026-06-10 22:15:41.740 [info] Getting sessions for all scopes...
2026-06-10 22:15:41.740 [info] Got 2 sessions for ...
2026-06-10 22:15:41.740 [info] Getting sessions for all scopes...
2026-06-10 22:15:41.740 [info] Got 2 sessions for ...
2026-06-10 22:15:41.749 [info] Getting sessions for read:user,repo,user:email,workflow...
2026-06-10 22:15:41.749 [info] Got 1 sessions for read:user,repo,user:email,workflow...
2026-06-10 22:15:41.820 [info] Getting sessions for all scopes...
2026-06-10 22:15:41.820 [info] Got 2 sessions for ...
2026-06-10 22:15:41.820 [info] Getting sessions for all scopes...
2026-06-10 22:15:41.820 [info] Got 2 sessions for ...
2026-06-10 22:15:42.221 [info] FetcherService: Electron fetch failed with status: 429 
2026-06-10 22:15:42.227 [info] Unable to resolve optional EDU details. Status: 429 
2026-06-10 22:15:43.719 [info] Getting sessions for all scopes...
2026-06-10 22:15:43.722 [info] Got 2 sessions for ...
2026-06-10 22:15:43.777 [info] Getting sessions for read:user,repo,user:email,workflow...
2026-06-10 22:15:43.777 [info] Got 1 sessions for read:user,repo,user:email,workflow...
2026-06-10 22:15:43.800 [info] Getting sessions for all scopes...
2026-06-10 22:15:43.800 [info] Got 2 sessions for ...
2026-06-10 22:15:46.273 [info] Getting sessions for all scopes...
2026-06-10 22:15:46.273 [info] Got 2 sessions for ...
2026-06-10 22:15:46.424 [info] Getting sessions for read:user,repo,user:email,workflow...
2026-06-10 22:15:46.424 [info] Got 1 sessions for read:user,repo,user:email,workflow...
2026-06-10 22:18:10.413 [info] Getting sessions for all scopes...
2026-06-10 22:18:10.416 [info] Got 2 sessions for ...
2026-06-10 22:18:10.447 [info] Getting sessions for read:user,repo,user:email,workflow...
2026-06-10 22:18:10.450 [info] Got 1 sessions for read:user,repo,user:email,workflow...
2026-06-10 22:18:10.518 [info] Getting sessions for all scopes...
2026-06-10 22:18:10.519 [info] Got 2 sessions for ...
2026-06-10 22:18:10.519 [info] Getting sessions for all scopes...
2026-06-10 22:18:10.535 [info] Got 2 sessions for ...
