2026-06-10 21:21:41.123 [info] Reading sessions from keychain...
2026-06-10 21:21:41.123 [info] Getting sessions for all scopes...
2026-06-10 21:21:41.123 [info] Got stored sessions!
2026-06-10 21:21:41.123 [info] Got 2 verified sessions.
2026-06-10 21:21:41.123 [info] Got 2 sessions for ...
2026-06-10 21:21:41.123 [info] Getting sessions for all scopes...
2026-06-10 21:21:41.123 [info] Got 2 sessions for ...
2026-06-10 21:21:41.123 [info] Getting sessions for all scopes...
2026-06-10 21:21:41.123 [info] Got 2 sessions for ...
2026-06-10 21:21:41.123 [info] Getting sessions for all scopes...
2026-06-10 21:21:41.123 [info] Got 2 sessions for ...
2026-06-10 21:21:41.123 [info] Getting sessions for all scopes...
2026-06-10 21:21:41.123 [info] Got 2 sessions for ...
2026-06-10 21:21:41.123 [info] Getting sessions for all scopes...
2026-06-10 21:21:41.123 [info] Got 2 sessions for ...
2026-06-10 21:21:41.123 [info] Getting sessions for all scopes...
2026-06-10 21:21:41.123 [info] Got 2 sessions for ...
2026-06-10 21:21:41.128 [info] Getting sessions for read:user,repo,user:email,workflow...
2026-06-10 21:21:41.128 [info] Got 1 sessions for read:user,repo,user:email,workflow...
2026-06-10 21:21:41.156 [info] Getting sessions for all scopes...
2026-06-10 21:21:41.156 [info] Got 2 sessions for ...
2026-06-10 21:21:41.157 [info] Getting sessions for read:user,repo,user:email,workflow...
2026-06-10 21:21:41.157 [info] Got 1 sessions for read:user,repo,user:email,workflow...
2026-06-10 21:21:41.747 [info] Getting sessions for all scopes...
2026-06-10 21:21:41.747 [info] Got 2 sessions for ...
2026-06-10 21:21:41.747 [info] Getting sessions for all scopes...
2026-06-10 21:21:41.747 [info] Got 2 sessions for ...
2026-06-10 21:21:41.779 [info] Getting sessions for read:user,repo,user:email,workflow...
2026-06-10 21:21:41.779 [info] Got 1 sessions for read:user,repo,user:email,workflow...
2026-06-10 21:21:41.840 [info] Getting sessions for all scopes...
2026-06-10 21:21:41.840 [info] Got 2 sessions for ...
2026-06-10 21:21:41.840 [info] Getting sessions for all scopes...
2026-06-10 21:21:41.840 [info] Got 2 sessions for ...
2026-06-10 21:21:41.850 [info] Getting sessions for read:user,repo,user:email,workflow...
2026-06-10 21:21:41.850 [info] Got 1 sessions for read:user,repo,user:email,workflow...
2026-06-10 21:21:41.880 [info] Getting sessions for read:user,repo,user:email,workflow...
2026-06-10 21:21:41.880 [info] Got 1 sessions for read:user,repo,user:email,workflow...
2026-06-10 21:21:41.915 [info] Getting sessions for all scopes...
2026-06-10 21:21:41.915 [info] Got 2 sessions for ...
2026-06-10 21:21:41.915 [info] Getting sessions for all scopes...
2026-06-10 21:21:41.915 [info] Got 2 sessions for ...
2026-06-10 21:21:41.980 [info] Getting sessions for all scopes...
2026-06-10 21:21:41.980 [info] Got 2 sessions for ...
2026-06-10 21:21:41.980 [info] Getting sessions for read:user,repo,user:email,workflow...
2026-06-10 21:21:41.980 [info] Got 1 sessions for read:user,repo,user:email,workflow...
2026-06-10 21:21:42.080 [info] Getting sessions for all scopes...
2026-06-10 21:21:42.080 [info] Got 2 sessions for ...
2026-06-10 21:21:42.080 [info] Getting sessions for read:user,repo,user:email,workflow...
2026-06-10 21:21:42.080 [info] Got 1 sessions for read:user,repo,user:email,workflow...
2026-06-10 21:21:42.122 [info] Getting sessions for all scopes...
2026-06-10 21:21:42.122 [info] Got 2 sessions for ...
2026-06-10 21:21:42.123 [info] Getting sessions for read:user,repo,user:email,workflow...
2026-06-10 21:21:42.123 [info] Got 1 sessions for read:user,repo,user:email,workflow...
2026-06-10 21:21:42.127 [info] FetcherService: Electron fetch failed with status: 429 
2026-06-10 21:21:42.128 [info] Unable to resolve optional EDU details. Status: 429 
2026-06-10 21:21:42.547 [info] Getting sessions for all scopes...
2026-06-10 21:21:42.547 [info] Got 2 sessions for ...
2026-06-10 21:21:42.736 [info] Getting sessions for all scopes...
2026-06-10 21:21:42.736 [info] Got 2 sessions for ...
2026-06-10 21:21:42.737 [info] Getting sessions for read:user,repo,user:email,workflow...
2026-06-10 21:21:42.737 [info] Got 1 sessions for read:user,repo,user:email,workflow...
2026-06-10 21:21:42.745 [info] Getting sessions for all scopes...
2026-06-10 21:21:42.745 [info] Got 2 sessions for ...
2026-06-10 21:21:42.745 [info] Getting sessions for read:user,repo,user:email,workflow...
2026-06-10 21:21:42.745 [info] Got 1 sessions for read:user,repo,user:email,workflow...
