2026-06-10 21:17:45.594 [info] [main] Log level: Info
2026-06-10 21:17:45.615 [info] [main] Validating found git in: "/usr/bin/git"
2026-06-10 21:17:45.696 [info] [main] Using git "2.50.1 (Apple Git-155)" from "/usr/bin/git"
2026-06-10 21:17:45.697 [info] [Model][doInitialScan] Initial repository scan started
2026-06-10 21:17:45.734 [info] > git rev-parse --show-toplevel [31ms]
2026-06-10 21:17:46.202 [info] > git rev-parse --git-dir --git-common-dir --show-superproject-working-tree [467ms]
2026-06-10 21:17:46.294 [info] [Model][openRepository] Opened repository (path): /Users/francisblack/Downloads/Fedex
2026-06-10 21:17:46.294 [info] [Model][openRepository] Opened repository (real path): /Users/francisblack/Downloads/Fedex
2026-06-10 21:17:46.294 [info] [Model][openRepository] Opened repository (kind): repository
2026-06-10 21:17:46.344 [info] > git config --get commit.template [47ms]
2026-06-10 21:17:46.344 [info] > git config --get --local core.virtualfilesystem [49ms]
2026-06-10 21:17:46.344 [warning] [Git][config] git config failed: Failed to execute git
2026-06-10 21:17:46.348 [info] > git for-each-ref --format=%(refname)%00%(upstream:short)%00%(objectname)%00%(upstream:track)%00%(upstream:remotename)%00%(upstream:remoteref) --ignore-case refs/heads/main refs/remotes/main [44ms]
2026-06-10 21:17:46.348 [info] > git rev-parse --show-toplevel [51ms]
2026-06-10 21:17:46.367 [info] > git rev-parse --show-toplevel [17ms]
2026-06-10 21:17:46.378 [info] > git status -z -uall [26ms]
2026-06-10 21:17:46.380 [info] > git for-each-ref --sort -committerdate --format %(refname)%00%(objectname)%00%(*objectname) [27ms]
2026-06-10 21:17:46.390 [info] > git rev-parse --show-toplevel [22ms]
2026-06-10 21:17:46.403 [info] > git for-each-ref --format=%(refname)%00%(upstream:short)%00%(objectname)%00%(upstream:track)%00%(upstream:remotename)%00%(upstream:remoteref) --ignore-case refs/heads/main refs/remotes/main [19ms]
2026-06-10 21:17:46.413 [info] > git config --get commit.template [24ms]
2026-06-10 21:17:46.418 [info] > git for-each-ref --format=%(refname)%00%(upstream:short)%00%(objectname)%00%(upstream:track)%00%(upstream:remotename)%00%(upstream:remoteref) --ignore-case refs/heads/main refs/remotes/main [22ms]
2026-06-10 21:17:46.418 [info] > git rev-parse --show-toplevel [20ms]
2026-06-10 21:17:46.423 [info] > git config --get --local branch.main.vscode-merge-base [18ms]
2026-06-10 21:17:46.435 [info] > git rev-parse --show-toplevel [16ms]
2026-06-10 21:17:46.438 [info] > git status -z -uall [19ms]
2026-06-10 21:17:46.438 [info] > git for-each-ref --format=%(refname)%00%(upstream:short)%00%(objectname)%00%(upstream:track)%00%(upstream:remotename)%00%(upstream:remoteref) --ignore-case refs/heads/origin/main refs/remotes/origin/main [14ms]
2026-06-10 21:17:46.441 [info] > git for-each-ref --sort -committerdate --format %(refname)%00%(objectname)%00%(*objectname) [21ms]
2026-06-10 21:17:46.457 [info] > git rev-parse --show-toplevel [21ms]
2026-06-10 21:17:46.462 [info] > git merge-base refs/heads/main refs/remotes/origin/main [23ms]
2026-06-10 21:17:46.464 [info] > git merge-base refs/heads/main refs/remotes/origin/main [22ms]
2026-06-10 21:17:46.471 [info] > git rev-parse --show-toplevel [13ms]
2026-06-10 21:17:46.478 [info] > git diff --raw --numstat --diff-filter=ADMR -z --find-renames=50% 91a8e16527376e2ea8565c092eeab61c64cfdb49...refs/remotes/origin/main -- [16ms]
2026-06-10 21:17:46.480 [info] > git diff --raw --numstat --diff-filter=ADMR -z --find-renames=50% 91a8e16527376e2ea8565c092eeab61c64cfdb49...refs/remotes/origin/main -- [15ms]
2026-06-10 21:17:46.484 [info] > git rev-parse --show-toplevel [12ms]
2026-06-10 21:17:46.497 [info] > git rev-parse --show-toplevel [12ms]
2026-06-10 21:17:46.511 [info] > git rev-parse --show-toplevel [13ms]
2026-06-10 21:17:46.527 [info] > git rev-parse --show-toplevel [14ms]
2026-06-10 21:17:46.540 [info] > git rev-parse --show-toplevel [13ms]
2026-06-10 21:17:46.541 [info] [Model][doInitialScan] Initial repository scan completed - repositories (1), closed repositories (0), parent repositories (0), unsafe repositories (0)
2026-06-10 21:17:46.577 [info] > git config --get commit.template [20ms]
2026-06-10 21:17:46.579 [info] > git ls-files --stage -- index.html [37ms]
2026-06-10 21:17:46.598 [info] > git cat-file -s 9bc9a979f6d13dbfce23e286964694e0f2e1acee [19ms]
2026-06-10 21:17:46.599 [info] > git for-each-ref --format=%(refname)%00%(upstream:short)%00%(objectname)%00%(upstream:track)%00%(upstream:remotename)%00%(upstream:remoteref) --ignore-case refs/heads/main refs/remotes/main [16ms]
2026-06-10 21:17:46.623 [info] > git status -z -uall [22ms]
2026-06-10 21:17:46.623 [info] > git for-each-ref --sort -committerdate --format %(refname)%00%(objectname)%00%(*objectname) [22ms]
2026-06-10 21:17:46.639 [info] > git show --textconv :index.html [39ms]
2026-06-10 21:17:46.814 [info] > git check-ignore -v -z --stdin [11ms]
2026-06-10 21:17:46.941 [info] > git check-ignore -v -z --stdin [12ms]
