2026-06-10 21:34:11.452 [info] [main] Log level: Info
2026-06-10 21:34:11.452 [info] [main] Validating found git in: "/usr/bin/git"
2026-06-10 21:34:11.452 [info] [main] Using git "2.50.1 (Apple Git-155)" from "/usr/bin/git"
2026-06-10 21:34:11.452 [info] [Model][doInitialScan] Initial repository scan started
2026-06-10 21:34:11.452 [info] > git rev-parse --show-toplevel [62ms]
2026-06-10 21:34:11.452 [info] > git rev-parse --git-dir --git-common-dir --show-superproject-working-tree [584ms]
2026-06-10 21:34:11.553 [info] [Model][openRepository] Opened repository (path): /Users/francisblack/Downloads/Fedex
2026-06-10 21:34:11.553 [info] [Model][openRepository] Opened repository (real path): /Users/francisblack/Downloads/Fedex
2026-06-10 21:34:11.553 [info] [Model][openRepository] Opened repository (kind): repository
2026-06-10 21:34:11.626 [info] > git config --get --local core.virtualfilesystem [71ms]
2026-06-10 21:34:11.626 [warning] [Git][config] git config failed: Failed to execute git
2026-06-10 21:34:11.635 [info] > git rev-parse --show-toplevel [42ms]
2026-06-10 21:34:11.646 [info] > git config --get commit.template [54ms]
2026-06-10 21:34:11.659 [info] > git rev-parse --show-toplevel [21ms]
2026-06-10 21:34:11.669 [info] > git for-each-ref --format=%(refname)%00%(upstream:short)%00%(objectname)%00%(upstream:track)%00%(upstream:remotename)%00%(upstream:remoteref) --ignore-case refs/heads/main refs/remotes/main [43ms]
2026-06-10 21:34:11.686 [info] > git rev-parse --show-toplevel [27ms]
2026-06-10 21:34:11.698 [info] > git status -z -uall [27ms]
2026-06-10 21:34:11.700 [info] > git for-each-ref --sort -committerdate --format %(refname)%00%(objectname)%00%(*objectname) [27ms]
2026-06-10 21:34:11.775 [info] > git config --get commit.template [60ms]
2026-06-10 21:34:11.789 [info] > git for-each-ref --format=%(refname)%00%(upstream:short)%00%(objectname)%00%(upstream:track)%00%(upstream:remotename)%00%(upstream:remoteref) --ignore-case refs/heads/main refs/remotes/main [85ms]
2026-06-10 21:34:11.790 [info] > git rev-parse --show-toplevel [103ms]
2026-06-10 21:34:11.808 [info] > git config --get --local branch.main.vscode-merge-base [18ms]
2026-06-10 21:34:11.820 [info] > git rev-parse --show-toplevel [15ms]
2026-06-10 21:34:11.825 [info] > git for-each-ref --format=%(refname)%00%(upstream:short)%00%(objectname)%00%(upstream:track)%00%(upstream:remotename)%00%(upstream:remoteref) --ignore-case refs/heads/origin/main refs/remotes/origin/main [16ms]
2026-06-10 21:34:11.827 [info] > git for-each-ref --format=%(refname)%00%(upstream:short)%00%(objectname)%00%(upstream:track)%00%(upstream:remotename)%00%(upstream:remoteref) --ignore-case refs/heads/main refs/remotes/main [22ms]
2026-06-10 21:34:11.847 [info] > git rev-parse --show-toplevel [26ms]
2026-06-10 21:34:11.879 [info] > git status -z -uall [52ms]
2026-06-10 21:34:11.880 [info] > git rev-parse --show-toplevel [31ms]
2026-06-10 21:34:11.880 [info] > git merge-base refs/heads/main refs/remotes/origin/main [54ms]
2026-06-10 21:34:11.881 [info] > git for-each-ref --sort -committerdate --format %(refname)%00%(objectname)%00%(*objectname) [53ms]
2026-06-10 21:34:11.958 [info] > git diff --raw --numstat --diff-filter=ADMR -z --find-renames=50% 5f32affd818b4543a886e666915554b676c02f5b...refs/remotes/origin/main -- [77ms]
2026-06-10 21:34:11.962 [info] > git rev-parse --show-toplevel [77ms]
2026-06-10 21:34:11.966 [info] > git merge-base refs/heads/main refs/remotes/origin/main [83ms]
2026-06-10 21:34:12.004 [info] > git rev-parse --show-toplevel [38ms]
2026-06-10 21:34:12.005 [info] > git check-ignore -v -z --stdin [60ms]
2026-06-10 21:34:12.007 [info] > git diff --raw --numstat --diff-filter=ADMR -z --find-renames=50% 5f32affd818b4543a886e666915554b676c02f5b...refs/remotes/origin/main -- [39ms]
2026-06-10 21:34:12.043 [info] > git rev-parse --show-toplevel [38ms]
2026-06-10 21:34:12.148 [info] > git check-ignore -v -z --stdin [69ms]
2026-06-10 21:34:12.148 [info] > git rev-parse --show-toplevel [103ms]
2026-06-10 21:34:12.149 [info] [Model][doInitialScan] Initial repository scan completed - repositories (1), closed repositories (0), parent repositories (0), unsafe repositories (0)
2026-06-10 21:34:12.173 [info] > git ls-files --stage -- index.html [22ms]
2026-06-10 21:34:12.191 [info] > git show --textconv :index.html [41ms]
2026-06-10 21:34:12.200 [info] > git cat-file -s 6ae99077335fb2d203eaea766341ef20a4bbc7ef [26ms]
2026-06-10 21:34:12.317 [info] > git config --get commit.template [30ms]
2026-06-10 21:34:12.339 [info] > git check-ignore -v -z --stdin [24ms]
2026-06-10 21:34:12.341 [info] > git for-each-ref --format=%(refname)%00%(upstream:short)%00%(objectname)%00%(upstream:track)%00%(upstream:remotename)%00%(upstream:remoteref) --ignore-case refs/heads/main refs/remotes/main [28ms]
2026-06-10 21:34:12.367 [info] > git status -z -uall [22ms]
2026-06-10 21:34:12.371 [info] > git for-each-ref --sort -committerdate --format %(refname)%00%(objectname)%00%(*objectname) [25ms]
2026-06-10 21:34:12.689 [info] > git check-ignore -v -z --stdin [13ms]
2026-06-10 21:34:16.965 [info] > git blame --root --incremental 5f32affd818b4543a886e666915554b676c02f5b -- index.html [4641ms]
2026-06-10 21:34:23.202 [info] > git merge-base HEAD @{upstream} [25ms]
2026-06-10 21:34:23.214 [info] > git config --get --local core.virtualfilesystem [10ms]
2026-06-10 21:34:23.214 [warning] [Git][config] git config failed: Failed to execute git
2026-06-10 21:34:23.224 [info] > git config --get --local core.sparsecheckout [9ms]
2026-06-10 21:34:23.224 [warning] [Git][config] git config failed: Failed to execute git
2026-06-10 21:34:23.263 [info] > git show -s --decorate=full --shortstat --format=%H%n%aN%n%aE%n%at%n%ct%n%P%n%D%n%B -z 5f32affd818b4543a886e666915554b676c02f5b -- [39ms]
2026-06-10 21:34:23.278 [info] > git log --format=%H%n%aN%n%aE%n%at%n%ct%n%P%n%D%n%B -z 5f32affd818b4543a886e666915554b676c02f5b..HEAD [13ms]
2026-06-10 21:34:23.355 [info] > git diff --name-status -z --diff-filter=ADMR 5f32affd818b4543a886e666915554b676c02f5b -- [18ms]
2026-06-10 21:34:23.367 [info] > git diff 5f32affd818b4543a886e666915554b676c02f5b -- .DS_Store [11ms]
2026-06-10 21:34:23.380 [info] > git diff 5f32affd818b4543a886e666915554b676c02f5b -- best_posts_cache.json [12ms]
2026-06-10 21:34:23.395 [info] > git diff 5f32affd818b4543a886e666915554b676c02f5b -- data/combined_small.json [15ms]
2026-06-10 21:34:23.407 [info] > git diff 5f32affd818b4543a886e666915554b676c02f5b -- functions/README_POI_INGEST.md [11ms]
2026-06-10 21:34:23.418 [info] > git diff 5f32affd818b4543a886e666915554b676c02f5b -- functions/README_SERVER_PROVISION.md [10ms]
2026-06-10 21:34:23.430 [info] > git diff 5f32affd818b4543a886e666915554b676c02f5b -- functions/index.js [12ms]
2026-06-10 21:34:23.440 [info] > git diff 5f32affd818b4543a886e666915554b676c02f5b -- functions/ingest_pois.sh [10ms]
2026-06-10 21:34:23.454 [info] > git diff 5f32affd818b4543a886e666915554b676c02f5b -- functions/package-lock.json [13ms]
2026-06-10 21:34:23.474 [info] > git diff 5f32affd818b4543a886e666915554b676c02f5b -- functions/package.json [20ms]
2026-06-10 21:34:23.486 [info] > git diff 5f32affd818b4543a886e666915554b676c02f5b -- functions/pois.js [11ms]
2026-06-10 21:34:23.497 [info] > git diff 5f32affd818b4543a886e666915554b676c02f5b -- functions/provision_poi_server.sh [11ms]
2026-06-10 21:34:23.508 [info] > git diff 5f32affd818b4543a886e666915554b676c02f5b -- functions/sql/create_pois_table.sql [11ms]
2026-06-10 21:34:23.520 [info] > git diff 5f32affd818b4543a886e666915554b676c02f5b -- package-lock.json [11ms]
2026-06-10 21:34:23.532 [info] > git diff 5f32affd818b4543a886e666915554b676c02f5b -- package.json [11ms]
2026-06-10 21:34:23.551 [info] > git diff 5f32affd818b4543a886e666915554b676c02f5b -- pois/manifest.json [18ms]
2026-06-10 21:34:23.632 [info] > git diff 5f32affd818b4543a886e666915554b676c02f5b -- pois/places.json.bak.1780688705735 [74ms]
2026-06-10 21:34:23.847 [info] > git diff 5f32affd818b4543a886e666915554b676c02f5b -- pois/places.json.bak.1780688706487 [209ms]
2026-06-10 21:34:24.060 [info] > git diff 5f32affd818b4543a886e666915554b676c02f5b -- pois/places.json.bak.1780688708518 [208ms]
2026-06-10 21:34:24.075 [info] > git diff 5f32affd818b4543a886e666915554b676c02f5b -- recordings/demo_hq_149bdfa.webm [14ms]
2026-06-10 21:34:24.086 [info] > git diff 5f32affd818b4543a886e666915554b676c02f5b -- recordings/trigger.txt [11ms]
2026-06-10 21:34:24.098 [info] > git diff 5f32affd818b4543a886e666915554b676c02f5b -- top_liked_cache.json [11ms]
2026-06-10 21:34:24.111 [info] > git diff 5f32affd818b4543a886e666915554b676c02f5b -- wifi_database.json [12ms]
2026-06-10 21:34:24.281 [info] > git merge-base HEAD @{upstream} [14ms]
2026-06-10 21:34:24.291 [info] > git config --get --local core.virtualfilesystem [10ms]
2026-06-10 21:34:24.291 [warning] [Git][config] git config failed: Failed to execute git
2026-06-10 21:34:24.300 [info] > git config --get --local core.sparsecheckout [9ms]
2026-06-10 21:34:24.300 [warning] [Git][config] git config failed: Failed to execute git
2026-06-10 21:34:24.322 [info] > git show -s --decorate=full --shortstat --format=%H%n%aN%n%aE%n%at%n%ct%n%P%n%D%n%B -z 5f32affd818b4543a886e666915554b676c02f5b -- [22ms]
2026-06-10 21:34:24.333 [info] > git log --format=%H%n%aN%n%aE%n%at%n%ct%n%P%n%D%n%B -z 5f32affd818b4543a886e666915554b676c02f5b..HEAD [11ms]
2026-06-10 21:34:24.344 [info] > git diff --name-status -z --diff-filter=ADMR 5f32affd818b4543a886e666915554b676c02f5b -- [11ms]
2026-06-10 21:34:24.354 [info] > git diff 5f32affd818b4543a886e666915554b676c02f5b -- .DS_Store [10ms]
2026-06-10 21:34:24.364 [info] > git diff 5f32affd818b4543a886e666915554b676c02f5b -- best_posts_cache.json [10ms]
2026-06-10 21:34:24.378 [info] > git diff 5f32affd818b4543a886e666915554b676c02f5b -- data/combined_small.json [13ms]
2026-06-10 21:34:24.389 [info] > git diff 5f32affd818b4543a886e666915554b676c02f5b -- functions/README_POI_INGEST.md [10ms]
2026-06-10 21:34:24.400 [info] > git diff 5f32affd818b4543a886e666915554b676c02f5b -- functions/README_SERVER_PROVISION.md [10ms]
2026-06-10 21:34:24.411 [info] > git diff 5f32affd818b4543a886e666915554b676c02f5b -- functions/index.js [11ms]
2026-06-10 21:34:24.421 [info] > git diff 5f32affd818b4543a886e666915554b676c02f5b -- functions/ingest_pois.sh [10ms]
2026-06-10 21:34:24.434 [info] > git diff 5f32affd818b4543a886e666915554b676c02f5b -- functions/package-lock.json [11ms]
2026-06-10 21:34:24.444 [info] > git diff 5f32affd818b4543a886e666915554b676c02f5b -- functions/package.json [10ms]
2026-06-10 21:34:24.454 [info] > git diff 5f32affd818b4543a886e666915554b676c02f5b -- functions/pois.js [10ms]
2026-06-10 21:34:24.464 [info] > git diff 5f32affd818b4543a886e666915554b676c02f5b -- functions/provision_poi_server.sh [10ms]
2026-06-10 21:34:24.474 [info] > git diff 5f32affd818b4543a886e666915554b676c02f5b -- functions/sql/create_pois_table.sql [10ms]
2026-06-10 21:34:24.484 [info] > git diff 5f32affd818b4543a886e666915554b676c02f5b -- package-lock.json [10ms]
2026-06-10 21:34:24.495 [info] > git diff 5f32affd818b4543a886e666915554b676c02f5b -- package.json [11ms]
2026-06-10 21:34:24.506 [info] > git diff 5f32affd818b4543a886e666915554b676c02f5b -- pois/manifest.json [11ms]
2026-06-10 21:34:24.567 [info] > git diff 5f32affd818b4543a886e666915554b676c02f5b -- pois/places.json.bak.1780688705735 [55ms]
2026-06-10 21:34:24.763 [info] > git diff 5f32affd818b4543a886e666915554b676c02f5b -- pois/places.json.bak.1780688706487 [190ms]
2026-06-10 21:34:24.960 [info] > git diff 5f32affd818b4543a886e666915554b676c02f5b -- pois/places.json.bak.1780688708518 [190ms]
2026-06-10 21:34:24.974 [info] > git diff 5f32affd818b4543a886e666915554b676c02f5b -- recordings/demo_hq_149bdfa.webm [12ms]
2026-06-10 21:34:24.985 [info] > git diff 5f32affd818b4543a886e666915554b676c02f5b -- recordings/trigger.txt [11ms]
2026-06-10 21:34:24.996 [info] > git diff 5f32affd818b4543a886e666915554b676c02f5b -- top_liked_cache.json [10ms]
2026-06-10 21:34:25.009 [info] > git diff 5f32affd818b4543a886e666915554b676c02f5b -- wifi_database.json [13ms]
2026-06-10 21:34:42.780 [info] > git merge-base HEAD @{upstream} [33ms]
2026-06-10 21:34:42.791 [info] > git config --get --local core.virtualfilesystem [9ms]
2026-06-10 21:34:42.791 [warning] [Git][config] git config failed: Failed to execute git
2026-06-10 21:34:42.800 [info] > git config --get --local core.sparsecheckout [9ms]
2026-06-10 21:34:42.800 [warning] [Git][config] git config failed: Failed to execute git
2026-06-10 21:34:42.837 [info] > git show -s --decorate=full --shortstat --format=%H%n%aN%n%aE%n%at%n%ct%n%P%n%D%n%B -z 5f32affd818b4543a886e666915554b676c02f5b -- [37ms]
2026-06-10 21:34:42.849 [info] > git log --format=%H%n%aN%n%aE%n%at%n%ct%n%P%n%D%n%B -z 5f32affd818b4543a886e666915554b676c02f5b..HEAD [12ms]
2026-06-10 21:34:42.863 [info] > git diff --name-status -z --diff-filter=ADMR 5f32affd818b4543a886e666915554b676c02f5b -- [13ms]
2026-06-10 21:34:42.874 [info] > git diff 5f32affd818b4543a886e666915554b676c02f5b -- .DS_Store [10ms]
2026-06-10 21:34:42.885 [info] > git diff 5f32affd818b4543a886e666915554b676c02f5b -- best_posts_cache.json [10ms]
2026-06-10 21:34:42.897 [info] > git diff 5f32affd818b4543a886e666915554b676c02f5b -- data/combined_small.json [12ms]
2026-06-10 21:34:42.908 [info] > git diff 5f32affd818b4543a886e666915554b676c02f5b -- functions/README_POI_INGEST.md [10ms]
2026-06-10 21:34:42.918 [info] > git diff 5f32affd818b4543a886e666915554b676c02f5b -- functions/README_SERVER_PROVISION.md [9ms]
2026-06-10 21:34:42.929 [info] > git diff 5f32affd818b4543a886e666915554b676c02f5b -- functions/index.js [10ms]
2026-06-10 21:34:42.941 [info] > git diff 5f32affd818b4543a886e666915554b676c02f5b -- functions/ingest_pois.sh [11ms]
2026-06-10 21:34:42.960 [info] > git diff 5f32affd818b4543a886e666915554b676c02f5b -- functions/package-lock.json [18ms]
2026-06-10 21:34:42.971 [info] > git diff 5f32affd818b4543a886e666915554b676c02f5b -- functions/package.json [10ms]
2026-06-10 21:34:42.982 [info] > git diff 5f32affd818b4543a886e666915554b676c02f5b -- functions/pois.js [10ms]
2026-06-10 21:34:42.993 [info] > git diff 5f32affd818b4543a886e666915554b676c02f5b -- functions/provision_poi_server.sh [10ms]
2026-06-10 21:34:43.005 [info] > git diff 5f32affd818b4543a886e666915554b676c02f5b -- functions/sql/create_pois_table.sql [11ms]
2026-06-10 21:34:43.016 [info] > git diff 5f32affd818b4543a886e666915554b676c02f5b -- package-lock.json [10ms]
2026-06-10 21:34:43.026 [info] > git diff 5f32affd818b4543a886e666915554b676c02f5b -- package.json [10ms]
2026-06-10 21:34:43.037 [info] > git diff 5f32affd818b4543a886e666915554b676c02f5b -- pois/manifest.json [10ms]
2026-06-10 21:34:43.112 [info] > git diff 5f32affd818b4543a886e666915554b676c02f5b -- pois/places.json.bak.1780688705735 [69ms]
2026-06-10 21:34:43.311 [info] > git diff 5f32affd818b4543a886e666915554b676c02f5b -- pois/places.json.bak.1780688706487 [193ms]
2026-06-10 21:34:43.507 [info] > git diff 5f32affd818b4543a886e666915554b676c02f5b -- pois/places.json.bak.1780688708518 [190ms]
2026-06-10 21:34:43.520 [info] > git diff 5f32affd818b4543a886e666915554b676c02f5b -- recordings/demo_hq_149bdfa.webm [12ms]
2026-06-10 21:34:43.531 [info] > git diff 5f32affd818b4543a886e666915554b676c02f5b -- recordings/trigger.txt [10ms]
2026-06-10 21:34:43.542 [info] > git diff 5f32affd818b4543a886e666915554b676c02f5b -- top_liked_cache.json [10ms]
2026-06-10 21:34:43.555 [info] > git diff 5f32affd818b4543a886e666915554b676c02f5b -- wifi_database.json [12ms]
2026-06-10 21:35:06.857 [info] > git config --get commit.template [21ms]
2026-06-10 21:35:06.865 [info] > git for-each-ref --format=%(refname)%00%(upstream:short)%00%(objectname)%00%(upstream:track)%00%(upstream:remotename)%00%(upstream:remoteref) --ignore-case refs/heads/main refs/remotes/main [28ms]
2026-06-10 21:35:06.883 [info] > git for-each-ref --sort -committerdate --format %(refname)%00%(objectname)%00%(*objectname) [16ms]
2026-06-10 21:35:06.886 [info] > git status -z -uall [20ms]
2026-06-10 21:35:11.104 [info] > git check-ignore -v -z --stdin [15ms]
2026-06-10 21:35:11.992 [info] > git config --get commit.template [24ms]
2026-06-10 21:35:11.995 [info] > git for-each-ref --format=%(refname)%00%(upstream:short)%00%(objectname)%00%(upstream:track)%00%(upstream:remotename)%00%(upstream:remoteref) --ignore-case refs/heads/main refs/remotes/main [23ms]
2026-06-10 21:35:12.012 [info] > git for-each-ref --sort -committerdate --format %(refname)%00%(objectname)%00%(*objectname) [16ms]
2026-06-10 21:35:12.012 [info] > git status -z -uall [16ms]
2026-06-10 21:35:12.537 [info] > git check-ignore -v -z --stdin [27ms]
2026-06-10 21:35:13.876 [info] > git check-ignore -v -z --stdin [15ms]
2026-06-10 21:35:17.032 [info] > git config --get commit.template [14ms]
2026-06-10 21:35:17.035 [info] > git for-each-ref --format=%(refname)%00%(upstream:short)%00%(objectname)%00%(upstream:track)%00%(upstream:remotename)%00%(upstream:remoteref) --ignore-case refs/heads/main refs/remotes/main [15ms]
2026-06-10 21:35:17.055 [info] > git status -z -uall [20ms]
2026-06-10 21:35:17.060 [info] > git for-each-ref --sort -committerdate --format %(refname)%00%(objectname)%00%(*objectname) [24ms]
2026-06-10 21:35:17.379 [info] > git check-ignore -v -z --stdin [14ms]
2026-06-10 21:35:20.392 [info] > git ls-files --stage -- index.html [25ms]
2026-06-10 21:35:20.407 [info] > git cat-file -s be373278a113b9bc6403ee0e7b8dab9f66c52f24 [14ms]
2026-06-10 21:35:20.423 [info] > git show --textconv :index.html [14ms]
2026-06-10 21:35:20.708 [info] > git check-ignore -v -z --stdin [21ms]
2026-06-10 21:35:22.077 [info] > git config --get commit.template [13ms]
2026-06-10 21:35:22.079 [info] > git for-each-ref --format=%(refname)%00%(upstream:short)%00%(objectname)%00%(upstream:track)%00%(upstream:remotename)%00%(upstream:remoteref) --ignore-case refs/heads/main refs/remotes/main [14ms]
2026-06-10 21:35:22.095 [info] > git for-each-ref --sort -committerdate --format %(refname)%00%(objectname)%00%(*objectname) [14ms]
2026-06-10 21:35:22.100 [info] > git status -z -uall [19ms]
2026-06-10 21:35:22.115 [info] > git merge-base refs/heads/main refs/remotes/origin/main [12ms]
2026-06-10 21:35:22.128 [info] > git diff --raw --numstat --diff-filter=ADMR -z --find-renames=50% d7c5c23314b35e523ccf1bdca17048eb97f155e6...refs/remotes/origin/main -- [12ms]
2026-06-10 21:35:22.454 [info] > git check-ignore -v -z --stdin [50ms]
2026-06-10 21:35:22.468 [info] > git merge-base HEAD @{upstream} [15ms]
2026-06-10 21:35:22.482 [info] > git config --get --local core.virtualfilesystem [13ms]
2026-06-10 21:35:22.482 [warning] [Git][config] git config failed: Failed to execute git
2026-06-10 21:35:22.492 [info] > git config --get --local core.sparsecheckout [9ms]
2026-06-10 21:35:22.492 [warning] [Git][config] git config failed: Failed to execute git
2026-06-10 21:35:22.514 [info] > git show -s --decorate=full --shortstat --format=%H%n%aN%n%aE%n%at%n%ct%n%P%n%D%n%B -z d7c5c23314b35e523ccf1bdca17048eb97f155e6 -- [21ms]
2026-06-10 21:35:22.526 [info] > git log --format=%H%n%aN%n%aE%n%at%n%ct%n%P%n%D%n%B -z d7c5c23314b35e523ccf1bdca17048eb97f155e6..HEAD [11ms]
2026-06-10 21:35:22.548 [info] > git diff --name-status -z --diff-filter=ADMR d7c5c23314b35e523ccf1bdca17048eb97f155e6 -- [21ms]
2026-06-10 21:35:22.562 [info] > git diff d7c5c23314b35e523ccf1bdca17048eb97f155e6 -- .DS_Store [13ms]
2026-06-10 21:35:22.609 [info] > git diff d7c5c23314b35e523ccf1bdca17048eb97f155e6 -- best_posts_cache.json [13ms]
2026-06-10 21:35:22.622 [info] > git diff d7c5c23314b35e523ccf1bdca17048eb97f155e6 -- data/combined_small.json [13ms]
2026-06-10 21:35:22.634 [info] > git diff d7c5c23314b35e523ccf1bdca17048eb97f155e6 -- functions/README_POI_INGEST.md [11ms]
2026-06-10 21:35:22.647 [info] > git diff d7c5c23314b35e523ccf1bdca17048eb97f155e6 -- functions/README_SERVER_PROVISION.md [12ms]
2026-06-10 21:35:22.662 [info] > git diff d7c5c23314b35e523ccf1bdca17048eb97f155e6 -- functions/index.js [14ms]
2026-06-10 21:35:22.673 [info] > git diff d7c5c23314b35e523ccf1bdca17048eb97f155e6 -- functions/ingest_pois.sh [11ms]
2026-06-10 21:35:22.694 [info] > git diff d7c5c23314b35e523ccf1bdca17048eb97f155e6 -- functions/package-lock.json [20ms]
2026-06-10 21:35:22.706 [info] > git diff d7c5c23314b35e523ccf1bdca17048eb97f155e6 -- functions/package.json [12ms]
2026-06-10 21:35:22.719 [info] > git diff d7c5c23314b35e523ccf1bdca17048eb97f155e6 -- functions/pois.js [12ms]
2026-06-10 21:35:22.730 [info] > git diff d7c5c23314b35e523ccf1bdca17048eb97f155e6 -- functions/provision_poi_server.sh [11ms]
2026-06-10 21:35:22.740 [info] > git diff d7c5c23314b35e523ccf1bdca17048eb97f155e6 -- functions/sql/create_pois_table.sql [10ms]
2026-06-10 21:35:22.752 [info] > git diff d7c5c23314b35e523ccf1bdca17048eb97f155e6 -- package-lock.json [11ms]
2026-06-10 21:35:22.763 [info] > git diff d7c5c23314b35e523ccf1bdca17048eb97f155e6 -- package.json [11ms]
2026-06-10 21:35:22.774 [info] > git diff d7c5c23314b35e523ccf1bdca17048eb97f155e6 -- pois/manifest.json [10ms]
2026-06-10 21:35:22.878 [info] > git diff d7c5c23314b35e523ccf1bdca17048eb97f155e6 -- pois/places.json.bak.1780688705735 [96ms]
2026-06-10 21:35:23.127 [info] > git diff d7c5c23314b35e523ccf1bdca17048eb97f155e6 -- pois/places.json.bak.1780688706487 [243ms]
2026-06-10 21:35:23.338 [info] > git diff d7c5c23314b35e523ccf1bdca17048eb97f155e6 -- pois/places.json.bak.1780688708518 [205ms]
2026-06-10 21:35:23.359 [info] > git diff d7c5c23314b35e523ccf1bdca17048eb97f155e6 -- recordings/demo_hq_149bdfa.webm [20ms]
2026-06-10 21:35:23.380 [info] > git diff d7c5c23314b35e523ccf1bdca17048eb97f155e6 -- recordings/trigger.txt [20ms]
2026-06-10 21:35:23.399 [info] > git diff d7c5c23314b35e523ccf1bdca17048eb97f155e6 -- top_liked_cache.json [18ms]
2026-06-10 21:35:23.418 [info] > git diff d7c5c23314b35e523ccf1bdca17048eb97f155e6 -- wifi_database.json [18ms]
2026-06-10 21:35:25.514 [info] > git blame --root --incremental d7c5c23314b35e523ccf1bdca17048eb97f155e6 -- index.html [3411ms]
