2026-06-10 22:15:40.934 [info] [main] Log level: Info
2026-06-10 22:15:40.947 [info] [main] Validating found git in: "/usr/bin/git"
2026-06-10 22:15:40.990 [info] [main] Using git "2.50.1 (Apple Git-155)" from "/usr/bin/git"
2026-06-10 22:15:40.990 [info] [Model][doInitialScan] Initial repository scan started
2026-06-10 22:15:41.022 [info] > git rev-parse --show-toplevel [30ms]
2026-06-10 22:15:41.073 [info] > git rev-parse --git-dir --git-common-dir --show-superproject-working-tree [30ms]
2026-06-10 22:15:41.086 [info] [Model][openRepository] Opened repository (path): /Users/francisblack/Downloads/Fedex
2026-06-10 22:15:41.086 [info] [Model][openRepository] Opened repository (real path): /Users/francisblack/Downloads/Fedex
2026-06-10 22:15:41.086 [info] [Model][openRepository] Opened repository (kind): repository
2026-06-10 22:15:41.107 [info] > git config --get --local core.virtualfilesystem [20ms]
2026-06-10 22:15:41.107 [warning] [Git][config] git config failed: Failed to execute git
2026-06-10 22:15:41.108 [info] > git config --get commit.template [21ms]
2026-06-10 22:15:41.109 [info] > git rev-parse --show-toplevel [16ms]
2026-06-10 22:15:41.119 [info] > git for-each-ref --format=%(refname)%00%(upstream:short)%00%(objectname)%00%(upstream:track)%00%(upstream:remotename)%00%(upstream:remoteref) --ignore-case refs/heads/main refs/remotes/main [25ms]
2026-06-10 22:15:41.122 [info] > git rev-parse --show-toplevel [12ms]
2026-06-10 22:15:41.135 [info] > git rev-parse --show-toplevel [12ms]
2026-06-10 22:15:41.139 [info] > git for-each-ref --sort -committerdate --format %(refname)%00%(objectname)%00%(*objectname) [18ms]
2026-06-10 22:15:41.139 [info] > git status -z -uall [19ms]
2026-06-10 22:15:41.158 [info] > git rev-parse --show-toplevel [22ms]
2026-06-10 22:15:41.638 [info] > git config --get commit.template [482ms]
2026-06-10 22:15:41.650 [info] > git for-each-ref --format=%(refname)%00%(upstream:short)%00%(objectname)%00%(upstream:track)%00%(upstream:remotename)%00%(upstream:remoteref) --ignore-case refs/heads/main refs/remotes/main [491ms]
2026-06-10 22:15:41.650 [info] > git rev-parse --show-toplevel [491ms]
2026-06-10 22:15:41.650 [info] > git for-each-ref --format=%(refname)%00%(upstream:short)%00%(objectname)%00%(upstream:track)%00%(upstream:remotename)%00%(upstream:remoteref) --ignore-case refs/heads/main refs/remotes/main [497ms]
2026-06-10 22:15:41.665 [info] > git check-ignore -v -z --stdin [26ms]
2026-06-10 22:15:41.727 [info] > git check-ignore -v -z --stdin [77ms]
2026-06-10 22:15:41.738 [info] > git rev-parse --show-toplevel [75ms]
2026-06-10 22:15:41.738 [info] > git config --get --local branch.main.vscode-merge-base [87ms]
2026-06-10 22:15:41.790 [info] > git status -z -uall [66ms]
2026-06-10 22:15:41.792 [info] > git for-each-ref --sort -committerdate --format %(refname)%00%(objectname)%00%(*objectname) [68ms]
2026-06-10 22:15:41.795 [info] > git for-each-ref --format=%(refname)%00%(upstream:short)%00%(objectname)%00%(upstream:track)%00%(upstream:remotename)%00%(upstream:remoteref) --ignore-case refs/heads/origin/main refs/remotes/origin/main [55ms]
2026-06-10 22:15:41.801 [info] > git rev-parse --show-toplevel [57ms]
2026-06-10 22:15:41.858 [info] > git merge-base refs/heads/main refs/remotes/origin/main [59ms]
2026-06-10 22:15:41.861 [info] > git merge-base refs/heads/main refs/remotes/origin/main [64ms]
2026-06-10 22:15:41.871 [info] > git rev-parse --show-toplevel [56ms]
2026-06-10 22:15:41.889 [info] > git diff --raw --numstat --diff-filter=ADMR -z --find-renames=50% c1f0de88daf639a7866d4f6bc06ef593080dd5ca...refs/remotes/origin/main -- [26ms]
2026-06-10 22:15:41.901 [info] > git diff --raw --numstat --diff-filter=ADMR -z --find-renames=50% c1f0de88daf639a7866d4f6bc06ef593080dd5ca...refs/remotes/origin/main -- [41ms]
2026-06-10 22:15:41.929 [info] > git rev-parse --show-toplevel [57ms]
2026-06-10 22:15:41.952 [info] > git rev-parse --show-toplevel [22ms]
2026-06-10 22:15:42.040 [info] > git rev-parse --show-toplevel [87ms]
2026-06-10 22:15:42.047 [info] [Model][doInitialScan] Initial repository scan completed - repositories (1), closed repositories (0), parent repositories (0), unsafe repositories (0)
2026-06-10 22:15:42.164 [info] > git config --get commit.template [101ms]
2026-06-10 22:15:42.164 [info] > git ls-files --stage -- index.html [110ms]
2026-06-10 22:15:42.174 [info] > git for-each-ref --format=%(refname)%00%(upstream:short)%00%(objectname)%00%(upstream:track)%00%(upstream:remotename)%00%(upstream:remoteref) --ignore-case refs/heads/main refs/remotes/main [104ms]
2026-06-10 22:15:42.185 [info] > git show --textconv :index.html [134ms]
2026-06-10 22:15:42.209 [info] > git cat-file -s f5736b67b7e5718cafea8837c589f302bb2451e4 [44ms]
2026-06-10 22:15:42.229 [info] > git status -z -uall [51ms]
2026-06-10 22:15:42.229 [info] > git for-each-ref --sort -committerdate --format %(refname)%00%(objectname)%00%(*objectname) [50ms]
2026-06-10 22:15:43.835 [info] > git check-ignore -v -z --stdin [58ms]
2026-06-10 22:15:43.957 [info] > git check-ignore -v -z --stdin [29ms]
2026-06-10 22:15:48.197 [info] > git blame --root --incremental c1f0de88daf639a7866d4f6bc06ef593080dd5ca -- index.html [4400ms]
2026-06-10 22:15:53.424 [info] > git check-ignore -v -z --stdin [35ms]
2026-06-10 22:15:54.274 [info] > git config --get commit.template [30ms]
2026-06-10 22:15:54.298 [info] > git for-each-ref --format=%(refname)%00%(upstream:short)%00%(objectname)%00%(upstream:track)%00%(upstream:remotename)%00%(upstream:remoteref) --ignore-case refs/heads/main refs/remotes/main [52ms]
2026-06-10 22:15:54.316 [info] > git for-each-ref --sort -committerdate --format %(refname)%00%(objectname)%00%(*objectname) [16ms]
2026-06-10 22:15:54.324 [info] > git status -z -uall [25ms]
2026-06-10 22:15:54.666 [info] > git check-ignore -v -z --stdin [29ms]
2026-06-10 22:16:06.489 [info] > git merge-base HEAD @{upstream} [32ms]
2026-06-10 22:16:06.501 [info] > git config --get --local core.virtualfilesystem [11ms]
2026-06-10 22:16:06.501 [warning] [Git][config] git config failed: Failed to execute git
2026-06-10 22:16:06.512 [info] > git config --get --local core.sparsecheckout [10ms]
2026-06-10 22:16:06.512 [warning] [Git][config] git config failed: Failed to execute git
2026-06-10 22:16:06.546 [info] > git show -s --decorate=full --shortstat --format=%H%n%aN%n%aE%n%at%n%ct%n%P%n%D%n%B -z c1f0de88daf639a7866d4f6bc06ef593080dd5ca -- [34ms]
2026-06-10 22:16:06.560 [info] > git log --format=%H%n%aN%n%aE%n%at%n%ct%n%P%n%D%n%B -z c1f0de88daf639a7866d4f6bc06ef593080dd5ca..HEAD [12ms]
2026-06-10 22:16:06.619 [info] > git diff --name-status -z --diff-filter=ADMR c1f0de88daf639a7866d4f6bc06ef593080dd5ca -- [28ms]
2026-06-10 22:16:06.631 [info] > git diff c1f0de88daf639a7866d4f6bc06ef593080dd5ca -- .DS_Store [11ms]
2026-06-10 22:16:06.642 [info] > git diff c1f0de88daf639a7866d4f6bc06ef593080dd5ca -- best_posts_cache.json [10ms]
2026-06-10 22:16:06.655 [info] > git diff c1f0de88daf639a7866d4f6bc06ef593080dd5ca -- data/combined_small.json [13ms]
2026-06-10 22:16:06.666 [info] > git diff c1f0de88daf639a7866d4f6bc06ef593080dd5ca -- functions/README_POI_INGEST.md [10ms]
2026-06-10 22:16:06.677 [info] > git diff c1f0de88daf639a7866d4f6bc06ef593080dd5ca -- functions/README_SERVER_PROVISION.md [11ms]
2026-06-10 22:16:06.690 [info] > git diff c1f0de88daf639a7866d4f6bc06ef593080dd5ca -- functions/index.js [13ms]
2026-06-10 22:16:06.700 [info] > git diff c1f0de88daf639a7866d4f6bc06ef593080dd5ca -- functions/ingest_pois.sh [10ms]
2026-06-10 22:16:06.715 [info] > git diff c1f0de88daf639a7866d4f6bc06ef593080dd5ca -- functions/package-lock.json [14ms]
2026-06-10 22:16:06.727 [info] > git diff c1f0de88daf639a7866d4f6bc06ef593080dd5ca -- functions/package.json [11ms]
2026-06-10 22:16:06.738 [info] > git diff c1f0de88daf639a7866d4f6bc06ef593080dd5ca -- functions/pois.js [10ms]
2026-06-10 22:16:06.748 [info] > git diff c1f0de88daf639a7866d4f6bc06ef593080dd5ca -- functions/provision_poi_server.sh [10ms]
2026-06-10 22:16:06.758 [info] > git diff c1f0de88daf639a7866d4f6bc06ef593080dd5ca -- functions/sql/create_pois_table.sql [10ms]
2026-06-10 22:16:06.771 [info] > git diff c1f0de88daf639a7866d4f6bc06ef593080dd5ca -- package-lock.json [13ms]
2026-06-10 22:16:06.784 [info] > git diff c1f0de88daf639a7866d4f6bc06ef593080dd5ca -- package.json [13ms]
2026-06-10 22:16:06.797 [info] > git diff c1f0de88daf639a7866d4f6bc06ef593080dd5ca -- pois/manifest.json [12ms]
2026-06-10 22:16:06.904 [info] > git diff c1f0de88daf639a7866d4f6bc06ef593080dd5ca -- pois/places.json.bak.1780688705735 [99ms]
2026-06-10 22:16:07.123 [info] > git diff c1f0de88daf639a7866d4f6bc06ef593080dd5ca -- pois/places.json.bak.1780688706487 [213ms]
2026-06-10 22:16:07.360 [info] > git diff c1f0de88daf639a7866d4f6bc06ef593080dd5ca -- pois/places.json.bak.1780688708518 [231ms]
2026-06-10 22:16:07.386 [info] > git diff c1f0de88daf639a7866d4f6bc06ef593080dd5ca -- recordings/demo_hq_149bdfa.webm [25ms]
2026-06-10 22:16:07.398 [info] > git diff c1f0de88daf639a7866d4f6bc06ef593080dd5ca -- recordings/trigger.txt [12ms]
2026-06-10 22:16:07.413 [info] > git diff c1f0de88daf639a7866d4f6bc06ef593080dd5ca -- top_liked_cache.json [15ms]
2026-06-10 22:16:07.424 [info] > git diff c1f0de88daf639a7866d4f6bc06ef593080dd5ca -- wifi_database.json [11ms]
2026-06-10 22:16:21.235 [info] > git merge-base HEAD @{upstream} [21ms]
2026-06-10 22:16:21.251 [info] > git config --get --local core.virtualfilesystem [14ms]
2026-06-10 22:16:21.251 [warning] [Git][config] git config failed: Failed to execute git
2026-06-10 22:16:21.262 [info] > git config --get --local core.sparsecheckout [10ms]
2026-06-10 22:16:21.262 [warning] [Git][config] git config failed: Failed to execute git
2026-06-10 22:16:21.299 [info] > git show -s --decorate=full --shortstat --format=%H%n%aN%n%aE%n%at%n%ct%n%P%n%D%n%B -z c1f0de88daf639a7866d4f6bc06ef593080dd5ca -- [36ms]
2026-06-10 22:16:21.313 [info] > git log --format=%H%n%aN%n%aE%n%at%n%ct%n%P%n%D%n%B -z c1f0de88daf639a7866d4f6bc06ef593080dd5ca..HEAD [13ms]
2026-06-10 22:16:21.336 [info] > git diff --name-status -z --diff-filter=ADMR c1f0de88daf639a7866d4f6bc06ef593080dd5ca -- [23ms]
2026-06-10 22:16:21.348 [info] > git diff c1f0de88daf639a7866d4f6bc06ef593080dd5ca -- .DS_Store [12ms]
2026-06-10 22:16:21.360 [info] > git diff c1f0de88daf639a7866d4f6bc06ef593080dd5ca -- best_posts_cache.json [12ms]
2026-06-10 22:16:21.374 [info] > git diff c1f0de88daf639a7866d4f6bc06ef593080dd5ca -- data/combined_small.json [14ms]
2026-06-10 22:16:21.385 [info] > git diff c1f0de88daf639a7866d4f6bc06ef593080dd5ca -- functions/README_POI_INGEST.md [10ms]
2026-06-10 22:16:21.395 [info] > git diff c1f0de88daf639a7866d4f6bc06ef593080dd5ca -- functions/README_SERVER_PROVISION.md [10ms]
2026-06-10 22:16:21.406 [info] > git diff c1f0de88daf639a7866d4f6bc06ef593080dd5ca -- functions/index.js [10ms]
2026-06-10 22:16:21.417 [info] > git diff c1f0de88daf639a7866d4f6bc06ef593080dd5ca -- functions/ingest_pois.sh [10ms]
2026-06-10 22:16:21.432 [info] > git diff c1f0de88daf639a7866d4f6bc06ef593080dd5ca -- functions/package-lock.json [14ms]
2026-06-10 22:16:21.442 [info] > git diff c1f0de88daf639a7866d4f6bc06ef593080dd5ca -- functions/package.json [10ms]
2026-06-10 22:16:21.452 [info] > git diff c1f0de88daf639a7866d4f6bc06ef593080dd5ca -- functions/pois.js [10ms]
2026-06-10 22:16:21.463 [info] > git diff c1f0de88daf639a7866d4f6bc06ef593080dd5ca -- functions/provision_poi_server.sh [10ms]
2026-06-10 22:16:21.473 [info] > git diff c1f0de88daf639a7866d4f6bc06ef593080dd5ca -- functions/sql/create_pois_table.sql [10ms]
2026-06-10 22:16:21.484 [info] > git diff c1f0de88daf639a7866d4f6bc06ef593080dd5ca -- package-lock.json [11ms]
2026-06-10 22:16:21.495 [info] > git diff c1f0de88daf639a7866d4f6bc06ef593080dd5ca -- package.json [11ms]
2026-06-10 22:16:21.506 [info] > git diff c1f0de88daf639a7866d4f6bc06ef593080dd5ca -- pois/manifest.json [10ms]
2026-06-10 22:16:21.612 [info] > git diff c1f0de88daf639a7866d4f6bc06ef593080dd5ca -- pois/places.json.bak.1780688705735 [100ms]
2026-06-10 22:16:21.832 [info] > git diff c1f0de88daf639a7866d4f6bc06ef593080dd5ca -- pois/places.json.bak.1780688706487 [214ms]
2026-06-10 22:16:22.050 [info] > git diff c1f0de88daf639a7866d4f6bc06ef593080dd5ca -- pois/places.json.bak.1780688708518 [213ms]
2026-06-10 22:16:22.062 [info] > git diff c1f0de88daf639a7866d4f6bc06ef593080dd5ca -- recordings/demo_hq_149bdfa.webm [12ms]
2026-06-10 22:16:22.073 [info] > git diff c1f0de88daf639a7866d4f6bc06ef593080dd5ca -- recordings/trigger.txt [10ms]
2026-06-10 22:16:22.084 [info] > git diff c1f0de88daf639a7866d4f6bc06ef593080dd5ca -- top_liked_cache.json [10ms]
2026-06-10 22:16:22.095 [info] > git diff c1f0de88daf639a7866d4f6bc06ef593080dd5ca -- wifi_database.json [10ms]
